LCD_GDM1602A.c:272:13:sendBlock	24	static
LCD_GDM1602A.c:302:13:initRoutineTimerCallback	24	static
LCD_GDM1602A.c:323:13:initRoutineSPICallback	8	static
LCD_GDM1602A.c:98:6:LCD_Init	16	static
LCD_GDM1602A.c:120:6:LCD_isInit	0	static
LCD_GDM1602A.c:125:6:LCD_writeData	8	static
LCD_GDM1602A.c:130:6:LCD_setCursor	8	static
LCD_GDM1602A.c:142:6:LCD_writeDataInPos	8	static
LCD_GDM1602A.c:151:6:LCD_writeStrInPos	16	static
LCD_GDM1602A.c:331:13:shifttingCallback	56	static
LCD_GDM1602A.c:163:6:LCD_clearRow	16	static
LCD_GDM1602A.c:178:6:LCD_clearDisplay	16	static
LCD_GDM1602A.c:198:6:LCD_writeShiftingStr	32	static
LCD_GDM1602A.c:258:6:LCD_changeState	8	static
