ff.c:2812:12:pattern_matching	32	static
ff.c:2675:13:get_fileinfo	32	static
ff.c:3293:13:check_fs	16	static
ff.c:3383:16:mount_volume.isra.0	32	static
ff.c:1179:14:get_fat.isra.0	24	static
ff.c:1713:16:dir_sdi.constprop	40	static
ff.c:3060:16:follow_path	72	static
ff.c:3656:9:f_mount	16	static
ff.c:3704:9:f_open	88	static
ff.c:3896:9:f_read	48	static
ff.c:4200:9:f_close	8	static
ff.c:4236:9:f_chdrive	0	static
ff.c:4253:9:f_chdir	80	static
ff.c:4415:9:f_lseek	48	static
ff.c:4578:9:f_opendir	32	static
ff.c:4644:9:f_closedir	8	static
ff.c:4674:9:f_readdir	56	static
ff.c:4710:9:f_findnext	24	static
ff.c:4735:9:f_findfirst	24	static
ff.c:4762:9:f_stat	80	static
ff.c:6381:8:f_gets	40	static
