23:15:50 **** Build of configuration Debug for project frdmk64f_sdcard_fatfs ****
make -r -j8 all 
Building file: ../utilities/fsl_assert.c
Building file: ../utilities/fsl_debug_console.c
Building file: ../startup/startup_mk64f12.c
Building file: ../source/sdcard_fatfs.c
Building file: ../source/semihost_hardfault.c
Building file: ../sdmmc/src/fsl_sd.c
Invoking: MCU C Compiler
Invoking: MCU C Compiler
arm-none-eabi-gcc -std=gnu99 -D__REDLIB__ -DCPU_MK64FN1M0VLL12 -DCPU_MK64FN1M0VLL12_cm4 -DFRDM_K64F -DFREEDOM -DSD_ENABLED -DSDK_DEBUGCONSOLE=0 -DCR_INTEGER_PRINTF -DPRINTF_FLOAT_ENABLE=0 -D__MCUXPRESSO -D__USE_CMSIS -DDEBUG -I"D:\Facultad\GitMicros\TpFinal\SDTest\frdmk64f_sdcard_fatfs\board" -I"D:\Facultad\GitMicros\TpFinal\SDTest\frdmk64f_sdcard_fatfs\source" -I"D:\Facultad\GitMicros\TpFinal\SDTest\frdmk64f_sdcard_fatfs\drivers" -I"D:\Facultad\GitMicros\TpFinal\SDTest\frdmk64f_sdcard_fatfs\sdmmc\inc" -I"D:\Facultad\GitMicros\TpFinal\SDTest\frdmk64f_sdcard_fatfs\sdmmc\host" -I"D:\Facultad\GitMicros\TpFinal\SDTest\frdmk64f_sdcard_fatfs\utilities" -I"D:\Facultad\GitMicros\TpFinal\SDTest\frdmk64f_sdcard_fatfs\fatfs\source" -I"D:\Facultad\GitMicros\TpFinal\SDTest\frdmk64f_sdcard_fatfs\fatfs\source\fsl_sd_disk" -I"D:\Facultad\GitMicros\TpFinal\SDTest\frdmk64f_sdcard_fatfs\device" -I"D:\Facultad\GitMicros\TpFinal\SDTest\frdmk64f_sdcard_fatfs\component\uart" -I"D:\Facultad\GitMicros\TpFinal\SDTest\frdmk64f_sdcard_fatfs\component\lists" -I"D:\Facultad\GitMicros\TpFinal\SDTest\frdmk64f_sdcard_fatfs\CMSIS" -I"D:\Facultad\GitMicros\TpFinal\SDTest\frdmk64f_sdcard_fatfs\sdmmc\osa" -I"D:\Facultad\GitMicros\TpFinal\SDTest\frdmk64f_sdcard_fatfs\component\osa" -I"D:\Facultad\GitMicros\TpFinal\SDTest\frdmk64f_sdcard_fatfs\frdmk64f\sdmmc_examples\sdcard_fatfs" -O0 -fno-common -g3 -c -ffunction-sections -fdata-sections -ffreestanding -fno-builtin -fmerge-constants -fmacro-prefix-map="../utilities/"=. -mcpu=cortex-m4 -mfpu=fpv4-sp-d16 -mfloat-abi=hard -mthumb -D__REDLIB__ -fstack-usage -specs=redlib.specs -MMD -MP -MF"utilities/fsl_assert.d" -MT"utilities/fsl_assert.o" -MT"utilities/fsl_assert.d" -o "utilities/fsl_assert.o" "../utilities/fsl_assert.c"
Invoking: MCU C Compiler
arm-none-eabi-gcc -std=gnu99 -D__REDLIB__ -DCPU_MK64FN1M0VLL12 -DCPU_MK64FN1M0VLL12_cm4 -DFRDM_K64F -DFREEDOM -DSD_ENABLED -DSDK_DEBUGCONSOLE=0 -DCR_INTEGER_PRINTF -DPRINTF_FLOAT_ENABLE=0 -D__MCUXPRESSO -D__USE_CMSIS -DDEBUG -I"D:\Facultad\GitMicros\TpFinal\SDTest\frdmk64f_sdcard_fatfs\board" -I"D:\Facultad\GitMicros\TpFinal\SDTest\frdmk64f_sdcard_fatfs\source" -I"D:\Facultad\GitMicros\TpFinal\SDTest\frdmk64f_sdcard_fatfs\drivers" -I"D:\Facultad\GitMicros\TpFinal\SDTest\frdmk64f_sdcard_fatfs\sdmmc\inc" -I"D:\Facultad\GitMicros\TpFinal\SDTest\frdmk64f_sdcard_fatfs\sdmmc\host" -I"D:\Facultad\GitMicros\TpFinal\SDTest\frdmk64f_sdcard_fatfs\utilities" -I"D:\Facultad\GitMicros\TpFinal\SDTest\frdmk64f_sdcard_fatfs\fatfs\source" -I"D:\Facultad\GitMicros\TpFinal\SDTest\frdmk64f_sdcard_fatfs\fatfs\source\fsl_sd_disk" -I"D:\Facultad\GitMicros\TpFinal\SDTest\frdmk64f_sdcard_fatfs\device" -I"D:\Facultad\GitMicros\TpFinal\SDTest\frdmk64f_sdcard_fatfs\component\uart" -I"D:\Facultad\GitMicros\TpFinal\SDTest\frdmk64f_sdcard_fatfs\component\lists" -I"D:\Facultad\GitMicros\TpFinal\SDTest\frdmk64f_sdcard_fatfs\CMSIS" -I"D:\Facultad\GitMicros\TpFinal\SDTest\frdmk64f_sdcard_fatfs\sdmmc\osa" -I"D:\Facultad\GitMicros\TpFinal\SDTest\frdmk64f_sdcard_fatfs\component\osa" -I"D:\Facultad\GitMicros\TpFinal\SDTest\frdmk64f_sdcard_fatfs\frdmk64f\sdmmc_examples\sdcard_fatfs" -O0 -fno-common -g3 -c -ffunction-sections -fdata-sections -ffreestanding -fno-builtin -fmerge-constants -fmacro-prefix-map="../utilities/"=. -mcpu=cortex-m4 -mfpu=fpv4-spInvoking: MCU C Compiler
-d16 -mfloat-abi=hard -mthumb -D__REDLIB__ -fstack-usage -specs=redlib.specs -MMD -MP -MF"utilities/fsl_debug_console.d" -MT"utilities/fsl_debug_console.o" -MT"utilities/fsl_debug_console.d" -o "utilities/fsl_debug_console.o" "../utilities/fsl_debug_console.c"
Invoking: MCU C Compiler
Invoking: MCU C Compiler
arm-none-eabi-gcc -std=gnu99 -D__REDLIB__ -DCPU_MK64FN1M0VLL12 -DCPU_MK64FN1M0VLL12_cm4 -DFRDM_K64F -DFREEDOM -DSD_ENABLED -DSDK_DEBUGCONSOLE=0 -DCR_INTEGER_PRINTF -DPRINTF_FLOAT_ENABLE=0 -D__MCUXPRESSO -D__USE_CMSIS -DDEBUG -I"D:\Facultad\GitMicros\TpFinal\SDTest\frdmk64f_sdcard_fatfs\board" -I"D:\Facultad\GitMicros\TpFinal\SDTest\frdmk64f_sdcard_fatfs\source" -I"D:\Facultad\GitMicros\TpFinal\SDTest\frdmk64f_sdcard_fatfs\drivers" -I"D:\Facultad\GitMicros\TpFinal\SDTest\frdmk64f_sdcard_fatfs\sdmmc\inc" -I"D:\Facultad\GitMicros\TpFinal\SDTest\frdmk64f_sdcard_fatfs\sdmmc\host" -I"D:\Facultad\GitMicros\TpFinal\SDTest\frdmk64f_sdcard_fatfs\utilities" -I"D:\Facultad\GitMicros\TpFinal\SDTest\frdmk64f_sdcard_fatfs\fatfs\source" -I"D:\Facultad\GitMicros\TpFinal\SDTest\frdmk64f_sdcard_fatfs\fatfs\source\fsl_sd_disk" -I"D:\Facultad\GitMicros\TpFinal\SDTest\frdmk64f_sdcard_fatfs\device" -I"D:\Facultad\GitMicros\TpFinal\SDTest\frdmk64f_sdcard_fatfs\component\uart" -I"D:\Facultad\GitMicros\TpFinal\SDTest\frdmk64f_sdcard_fatfs\component\lists" -I"D:\Facultad\GitMicros\TpFinal\SDTest\frdmk64f_sdcard_fatfs\CMSIS" -I"D:\Facultad\GitMicros\TpFinal\SDTest\frdmk64f_sdcard_fatfs\sdmmc\osa" -I"D:\Facultad\GitMicros\TpFinal\SDTest\frdmk64f_sdcard_fatfs\component\osa" -I"D:\Facultad\GitMicros\TpFinal\SDTest\frdmk64f_sdcard_fatfs\frdmk64f\sdmmc_examples\sdcard_fatfs" -O0 -fno-common -g3 -c -ffunction-sections -fdata-sections -ffreestanding -fno-builtin -fmerge-constants -fmacro-prefix-map="../startup/"=. -mcpu=cortex-m4 -mfpu=fpv4-sp-d16 -mfloat-abi=hard -mthumb -D__REDLIB__ -fstack-usage -specs=redlib.specs -MMD -MP -MF"startup/startup_mk64f12.d" -MT"startup/startup_mk64f12.o" -MT"startup/startup_mk64f12.d" -o "startup/startup_mk64f12.o" "../startup/startup_mk64f12.c"
arm-none-eabi-gcc -std=gnu99 -D__REDLIB__ -DCPU_MK64FN1M0VLL12 -DCPU_MK64FN1M0VLL12_cm4 -DFRDM_K64F -DFREEDOM -DSD_ENABLED -DSDK_DEBUGCONSOLE=0 -DCR_INTEGER_PRINTF -DPRINTF_FLOAT_ENABLE=0 -D__MCUXPRESSO -D__USE_CMSIS -DDEBUG -I"D:\Facultad\GitMicros\TpFinal\SDTest\frdmk64f_sdcard_fatfs\board" -I"D:\Facultad\GitMicros\TpFinal\SDTest\frdmk64f_sdcard_fatfs\source" -I"D:\Facultad\GitMicros\TpFinal\SDTest\frdmk64f_sdcard_fatfs\drivers" -I"D:\Facultad\GitMicros\TpFinal\SDTest\frdmk64f_sdcard_fatfs\sdmmc\inc" -I"D:\Facultad\GitMicros\TpFinal\SDTest\frdmk64f_sdcard_fatfs\sdmmc\host" -I"D:\Facultad\GitMicros\TpFinal\SDTest\frdmk64f_sdcard_fatfs\utilities" -I"D:\Facultad\GitMicros\TpFinal\SDTest\frdmk64f_sdcard_fatfs\fatfs\source" -I"D:\Facultad\GitMicros\TpFinal\SDTest\frdmk64f_sdcard_fatfs\fatfs\source\fsl_sd_disk" -I"D:\Facultad\GitMicros\TpFinal\SDTest\frdmk64f_sdcard_fatfs\device" -I"D:\Facultad\GitMicros\TpFinal\SDTest\frdmk64f_sdcard_fatfs\component\uart" -I"D:\Facultad\GitMicros\TpFinal\SDTest\frdmk64f_sdcard_fatfs\component\lists" -I"D:\Facultad\GitMicros\TpFinal\SDTest\frdmk64f_sdcard_fatfs\CMSIS" -I"D:\Facultad\GitMicros\TpFinal\SDTest\frdmk64f_sdcard_fatfs\sdmmc\osa" -I"D:\Facultad\GitMicros\TpFinal\SDTest\frdmk64f_sdcard_fatfs\component\osa" -I"D:\Facultad\GitMicros\TpFinal\SDTest\frdmk64f_sdcard_fatfs\frdmk64f\sdmmc_examples\sdcard_fatfs" -O0 -fno-common -g3 -c -ffunction-sections -fdata-sections -ffreestanding -fno-builtin -fmerge-constants -fmacro-prefix-map="../source/"=. -mcpu=cortex-m4 -mfpu=fpv4-sp-d16 -mfloat-abi=hard -mthumb -D__REDLIB__ -fstack-usage -specs=redlib.specs -MMD -MP -MF"source/sdcard_fatfs.d" -MT"source/sdcard_fatfs.o" -MT"source/sdcard_fatfs.d" -o "source/sdcard_fatfs.o" "../source/sdcard_fatfs.c"
arm-none-eabi-gcc -std=gnu99 -D__REDLIB__ -DCPU_MK64FN1M0VLL12 -DCPU_MK64FN1M0VLL12_cm4 -DFRDM_K64F -DFREEDOM -DSD_ENABLED -DSDK_DEBUGCONSOLE=0 -DCR_INTEGER_PRINTF -DPRINTF_FLOAT_ENABLE=0 -D__MCUXPRESSO -D__USE_CMSIS -DDEBUG -I"D:\Facultad\GitMicros\TpFinal\SDTest\frdmk64f_sdcard_fatfs\board" -I"D:\Facultad\GitMicros\TpFinal\SDTest\frdmk64f_sdcard_fatfs\source" -I"D:\Facultad\GitMicros\TpFinal\SDTest\frdmk64f_sdcard_fatfs\drivers" -I"D:\Facultad\GitMicros\TpFinal\SDTest\frdmk64f_sdcard_fatfs\sdmmc\inc" -I"D:\Facultad\GitMicros\TpFinal\SDTest\frdmk64f_sdcard_fatfs\sdmmc\host" -I"D:\Facultad\GitMicros\TpFinal\SDTest\frdmk64f_sdcard_fatfs\utilities" -I"D:\Facultad\GitMicros\TpFinal\SDTest\frdmk64f_sdcard_fatfs\fatfs\source" -I"D:\Facultad\GitMicros\TpFinal\SDTest\frdmk64f_sdcard_fatfs\fatfs\source\fsl_sd_disk" -I"D:\Facultad\GitMicros\TpFinal\SDTest\frdmk64f_sdcard_fatfs\device" -I"D:\Facultad\GitMicros\TpFinal\SDTest\frdmk64f_sdcard_fatfs\component\uart" -I"D:\Facultad\GitMicros\TpFinal\SDTest\frdmk64f_sdcard_fatfs\component\lists" -I"D:\Facultad\GitMicros\TpFinal\SDTest\frdmk64f_sdcard_fatfs\CMSIS" -I"D:\Facultad\GitMicros\TpFinal\SDTest\frdmk64f_sdcard_fatfs\sdmmc\osa" -I"D:\Facultad\GitMicros\TpFinal\SDTest\frdmk64f_sdcard_fatfs\component\osa" -I"D:\Facultad\GitMicros\TpFinal\SDTest\frdmk64f_sdcard_fatfs\frdmk64f\sdmmc_examples\sdcard_fatfs" -O0 -fno-common -g3 -c -ffunction-sections -fdata-sections -ffreestanding -fno-builtin -fmerge-constants -fmacro-prefix-map="../source/"=. -mcpu=cortex-m4 -mfpu=fpv4-sp-d16 -mfloat-abi=hard -mthumb -D__REDLIB__ -fstack-usage -specs=redlib.specs -MMD -MP -MF"source/semihost_hardfault.d" -MT"source/semihost_hardfault.o" -MT"source/semihost_hardfault.d" -o "source/semihost_hardfault.o" "../source/semihost_hardfault.c"
arm-none-eabi-gcc -std=gnu99 -D__REDLIB__ -DCPU_MK64FN1M0VLL12 -DCPU_MK64FN1M0VLL12_cm4 -DFRDM_K64F -DFREEDOM -DSD_ENABLED -DSDK_DEBUGCONSOLE=0 -DCR_INTEGER_PRINTF -DPRINTF_FLOAT_ENABLE=0 -D__MCUXPRESSO -D__USE_CMSIS -DDEBUG -I"D:\Facultad\GitMicros\TpFinal\SDTest\frdmk64f_sdcard_fatfs\board" -I"D:\Facultad\GitMicros\TpFinal\SDTest\frdmk64f_sdcard_fatfs\source" -I"D:\Facultad\GitMicros\TpFinal\SDTest\frdmk64f_sdcard_fatfs\drivers" -I"D:\Facultad\GitMicros\TpFinal\SDTest\frdmk64f_sdcard_fatfs\sdmmc\inc" -I"D:\Facultad\GitMicros\TpFinal\SDTest\frdmk64f_sdcard_fatfs\sdmmc\host" -I"D:\Facultad\GitMicros\TpFinal\SDTest\frdmk64f_sdcard_fatfs\utilities" -I"D:\Facultad\GitMicros\TpFinal\SDTest\frdmk64f_sdcard_fatfs\fatfs\source" -I"D:\Facultad\GitMicros\TpFinal\SDTest\frdmk64f_sdcard_fatfs\fatfs\source\fsl_sd_disk" -I"D:\Facultad\GitMicros\TpFinal\SDTest\frdmk64f_sdcard_fatfs\device" -I"D:\Facultad\GitMicros\TpFinal\SDTest\frdmk64f_sdcard_fatfs\component\uart" -I"D:\Facultad\GitMicros\TpFinal\SDTest\frdmk64f_sdcard_fatfs\component\lists" -I"D:\Facultad\GitMicros\TpFinal\SDTest\frdmk64f_sdcard_fatfs\CMSIS" -I"D:\Facultad\GitMicros\TpFinal\SDTest\frdmk64f_sdcard_fatfs\sdmmc\osa" -I"D:\Facultad\GitMicros\TpFinal\SDTest\frdmk64f_sdcard_fatfs\component\osa" -I"D:\Facultad\GitMicros\TpFinal\SDTest\frdmk64f_sdcard_fatfs\frdmk64f\sdmmc_examples\sdcard_fatfs" -O0 -fno-common -g3 -c -ffunction-sections -fdata-sections -ffreestanding -fno-builtin -fmerge-constants -fmacro-prefix-map="../sdmmc/src/"=. -mcpu=cortex-m4 -mfpu=fpv4-sp-d16 -mfloat-abi=hard -mthumb -D__REDLIB__ -fstack-usage -specs=redlib.specs -MMD -MP -MF"sdmmc/src/fsl_sd.d" -MT"sdmmc/src/fsl_sd.o" -MT"sdmmc/src/fsl_sd.d" -o "sdmmc/src/fsl_sd.o" "../sdmmc/src/fsl_sd.c"
Building file: ../sdmmc/osa/fsl_sdmmc_osa.c
Building file: ../sdmmc/src/fsl_sdmmc_common.c
Invoking: MCU C Compiler
arm-none-eabi-gcc -std=gnu99 -D__REDLIB__ -DCPU_MK64FN1M0VLL12 -DCPU_MK64FN1M0VLL12_cm4 -DFRDM_K64F -DFREEDOM -DSD_ENABLED -DSDK_DEBUGCONSOLE=0 -DCR_INTEGER_PRINTF -DPRINTF_FLOAT_ENABLE=0 -D__MCUXPRESSO -D__USE_CMSIS -DDEBUG -I"D:\Facultad\GitMicros\TpFinal\SDTest\frdmk64f_sdcard_fatfs\board" -I"D:\Facultad\GitMicros\TpFinal\SDTest\frdmk64f_sdcard_fatfs\source" -I"D:\Facultad\GitMicros\TpFinal\SDTest\frdmk64f_sdcard_fatfs\drivers" -I"D:\Facultad\GitMicros\TpFinal\SDTest\frdmk64f_sdcard_fatfs\sdmmc\inc" -I"D:\Facultad\GitMicros\TpFinal\SDTest\frdmk64f_sdcard_fatfs\sdmmc\host" -I"D:\Facultad\GitMicros\TpFinal\SDTest\frdmk64f_sdcard_fatfs\utilities" -I"D:\Facultad\GitMicros\TpFinal\SDTest\frdmk64f_sdcard_fatfs\fatfs\source" -I"D:\Facultad\GitMicros\TpFinal\SDTest\frdmk64f_sdcard_fatfs\fatfs\source\fsl_sd_disk" -I"D:\Facultad\GitMicros\TpFinal\SDTest\frdmk64f_sdcard_fatfs\device" -I"D:\Facultad\GitMicros\TpFinal\SDTest\frdmk64f_sdcard_fatfs\component\uart" -I"D:\Facultad\GitMicros\TpFinal\SDTest\frdmk64f_sdcard_fatfs\component\lists" -I"D:\Facultad\GitMicros\TpFinal\SDTest\frdmk64f_sdcard_fatfs\CMSIS" -I"D:\Facultad\GitMicros\TpFinal\SDTest\frdmk64f_sdcard_fatfs\sdmmc\osa" -I"D:\Facultad\GitMicros\TpFinal\SDTest\frdmk64f_sdcard_fatfs\component\osa" -I"D:\Facultad\GitMicros\TpFinal\SDTest\frdmk64f_sdcard_fatfs\frdmk64f\sdmmc_examples\sdcard_fatfs" -O0 -fno-common -g3 -c -ffunction-sections -fdata-sections -ffreestanding -fno-builtin -fmerge-constants -fmacro-prefix-map="../sdmmc/src/"=. -mcpu=cortex-m4 -mfpu=fpv4-sp-d16 -mfloat-abi=hard -mthumb -D__REDLIB__ -fstack-usage -specs=redlib.specs -MMD -MP -MF"sdmmc/src/fsl_sdmmc_common.d" -MT"sdmmc/src/fsl_sdmmc_common.o" -MT"sdmmc/src/fsl_sdmmc_common.d" -o "sdmmc/src/fsl_sdmmc_common.o" "../sdmmc/src/fsl_sdmmc_common.c"
Invoking: MCU C Compiler
arm-none-eabi-gcc -std=gnu99 -D__REDLIB__ -DCPU_MK64FN1M0VLL12 -DCPU_MK64FN1M0VLL12_cm4 -DFRDM_K64F -DFREEDOM -DSD_ENABLED -DSDK_DEBUGCONSOLE=0 -DCR_INTEGER_PRINTF -DPRINTF_FLOAT_ENABLE=0 -D__MCUXPRESSO -D__USE_CMSIS -DDEBUG -I"D:\Facultad\GitMicros\TpFinal\SDTest\frdmk64f_sdcard_fatfs\board" -I"D:\Facultad\GitMicros\TpFinal\SDTest\frdmk64f_sdcard_fatfs\source" -I"D:\Facultad\GitMicros\TpFinal\SDTest\frdmk64f_sdcard_fatfs\drivers" -I"D:\Facultad\GitMicros\TpFinal\SDTest\frdmk64f_sdcard_fatfs\sdmmc\inc" -I"D:\Facultad\GitMicros\TpFinal\SDTest\frdmk64f_sdcard_fatfs\sdmmc\host" -I"D:\Facultad\GitMicros\TpFinal\SDTest\frdmk64f_sdcard_fatfs\utilities" -I"D:\Facultad\GitMicros\TpFinal\SDTest\frdmk64f_sdcard_fatfs\fatfs\source" -I"D:\Facultad\GitMicros\TpFinal\SDTest\frdmk64f_sdcard_fatfs\fatfs\source\fsl_sd_disk" -I"D:\Facultad\GitMicros\TpFinal\SDTest\frdmk64f_sdcard_fatfs\device" -I"D:\Facultad\GitMicros\TpFinal\SDTest\frdmk64f_sdcard_fatfs\component\uart" -I"D:\Facultad\GitMicros\TpFinal\SDTest\frdmk64f_sdcard_fatfs\component\lists" -I"D:\Facultad\GitMicros\TpFinal\SDTest\frdmk64f_sdcard_fatfs\CMSIS" -I"D:\Facultad\GitMicros\TpFinal\SDTest\frdmk64f_sdcard_fatfs\sdmmc\osa" -I"D:\Facultad\GitMicros\TpFinal\SDTest\frdmk64f_sdcard_fatfs\component\osa" -I"D:\Facultad\GitMicros\TpFinal\SDTest\frdmk64f_sdcard_fatfs\frdmk64f\sdmmc_examples\sdcard_fatfs" -O0 -fno-common -g3 -c -ffunction-sections -fdata-sections -ffreestanding -fno-builtin -fmerge-constants -fmacro-prefix-map="../sdmmc/osa/"=. -mcpu=cortex-m4 -mfpu=fpv4-sp-d16 -mfloat-abi=hard -mthumb -D__REDLIB__ -fstack-usage -specs=redlib.specs -MMD -MP -MF"sdmmc/osa/fsl_sdmmc_osa.d" -MT"sdmmc/osa/fsl_sdmmc_osa.o" -MT"sdmmc/osa/fsl_sdmmc_osa.d" -o "sdmmc/osa/fsl_sdmmc_osa.o" "../sdmmc/osa/fsl_sdmmc_osa.c"
Finished building: ../source/semihost_hardfault.c
 
Building file: ../sdmmc/host/fsl_sdmmc_host.c
Invoking: MCU C Compiler
arm-none-eabi-gcc -std=gnu99 -D__REDLIB__ -DCPU_MK64FN1M0VLL12 -DCPU_MK64FN1M0VLL12_cm4 -DFRDM_K64F -DFREEDOM -DSD_ENABLED -DSDK_DEBUGCONSOLE=0 -DCR_INTEGER_PRINTF -DPRINTF_FLOAT_ENABLE=0 -D__MCUXPRESSO -D__USE_CMSIS -DDEBUG -I"D:\Facultad\GitMicros\TpFinal\SDTest\frdmk64f_sdcard_fatfs\board" -I"D:\Facultad\GitMicros\TpFinal\SDTest\frdmk64f_sdcard_fatfs\source" -I"D:\Facultad\GitMicros\TpFinal\SDTest\frdmk64f_sdcard_fatfs\drivers" -I"D:\Facultad\GitMicros\TpFinal\SDTest\frdmk64f_sdcard_fatfs\sdmmc\inc" -I"D:\Facultad\GitMicros\TpFinal\SDTest\frdmk64f_sdcard_fatfs\sdmmc\host" -I"D:\Facultad\GitMicros\TpFinal\SDTest\frdmk64f_sdcard_fatfs\utilities" -I"D:\Facultad\GitMicros\TpFinal\SDTest\frdmk64f_sdcard_fatfs\fatfs\source" -I"D:\Facultad\GitMicros\TpFinal\SDTest\frdmk64f_sdcard_fatfs\fatfs\source\fsl_sd_disk" -I"D:\Facultad\GitMicros\TpFinal\SDTest\frdmk64f_sdcard_fatfs\device" -I"D:\Facultad\GitMicros\TpFinal\SDTest\frdmk64f_sdcard_fatfs\component\uart" -I"D:\Facultad\GitMicros\TpFinal\SDTest\frdmk64f_sdcard_fatfs\component\lists" -I"D:\Facultad\GitMicros\TpFinal\SDTest\frdmk64f_sdcard_fatfs\CMSIS" -I"D:\Facultad\GitMicros\TpFinal\SDTest\frdmk64f_sdcard_fatfs\sdmmc\osa" -I"D:\Facultad\GitMicros\TpFinal\SDTest\frdmk64f_sdcard_fatfs\component\osa" -I"D:\Facultad\GitMicros\TpFinal\SDTest\frdmk64f_sdcard_fatfs\frdmk64f\sdmmc_examples\sdcard_fatfs" -O0 -fno-common -g3 -c -ffunction-sections -fdata-sections -ffreestanding -fno-builtin -fmerge-constants -fmacro-prefix-map="../sdmmc/host/"=. -mcpu=cortex-m4 -mfpu=fpv4-sp-d16 -mfloat-abi=hard -mthumb -D__REDLIB__ -fstack-usage -specs=redlib.specs -MMD -MP -MF"sdmmc/host/fsl_sdmmc_host.d" -MT"sdmmc/host/fsl_sdmmc_host.o" -MT"sdmmc/host/fsl_sdmmc_host.d" -o "sdmmc/host/fsl_sdmmc_host.o" "../sdmmc/host/fsl_sdmmc_host.c"
Finished building: ../startup/startup_mk64f12.c
 
Building file: ../fatfs/source/fsl_sd_disk/fsl_sd_disk.c
Invoking: MCU C Compiler
arm-none-eabi-gcc -std=gnu99 -D__REDLIB__ -DCPU_MK64FN1M0VLL12 -DCPU_MK64FN1M0VLL12_cm4 -DFRDM_K64F -DFREEDOM -DSD_ENABLED -DSDK_DEBUGCONSOLE=0 -DCR_INTEGER_PRINTF -DPRINTF_FLOAT_ENABLE=0 -D__MCUXPRESSO -D__USE_CMSIS -DDEBUG -I"D:\Facultad\GitMicros\TpFinal\SDTest\frdmk64f_sdcard_fatfs\board" -I"D:\Facultad\GitMicros\TpFinal\SDTest\frdmk64f_sdcard_fatfs\source" -I"D:\Facultad\GitMicros\TpFinal\SDTest\frdmk64f_sdcard_fatfs\drivers" -I"D:\Facultad\GitMicros\TpFinal\SDTest\frdmk64f_sdcard_fatfs\sdmmc\inc" -I"D:\Facultad\GitMicros\TpFinal\SDTest\frdmk64f_sdcard_fatfs\sdmmc\host" -I"D:\Facultad\GitMicros\TpFinal\SDTest\frdmk64f_sdcard_fatfs\utilities" -I"D:\Facultad\GitMicros\TpFinal\SDTest\frdmk64f_sdcard_fatfs\fatfs\source" -I"D:\Facultad\GitMicros\TpFinal\SDTest\frdmk64f_sdcard_fatfs\fatfs\source\fsl_sd_disk" -I"D:\Facultad\GitMicros\TpFinal\SDTest\frdmk64f_sdcard_fatfs\device" -I"D:\Facultad\GitMicros\TpFinal\SDTest\frdmk64f_sdcard_fatfs\component\uart" -I"D:\Facultad\GitMicros\TpFinal\SDTest\frdmk64f_sdcard_fatfs\component\lists" -I"D:\Facultad\GitMicros\TpFinal\SDTest\frdmk64f_sdcard_fatfs\CMSIS" -I"D:\Facultad\GitMicros\TpFinal\SDTest\frdmk64f_sdcard_fatfs\sdmmc\osa" -I"D:\Facultad\GitMicros\TpFinal\SDTest\frdmk64f_sdcard_fatfs\component\osa" -I"D:\Facultad\GitMicros\TpFinal\SDTest\frdmk64f_sdcard_fatfs\frdmk64f\sdmmc_examples\sdcard_fatfs" -O0 -fno-common -g3 -c -ffunction-sections -fdata-sections -ffreestanding -fno-builtin -fmerge-constants -fmacro-prefix-map="../fatfs/source/fsl_sd_disk/"=. -mcpu=cortex-m4 -mfpu=fpv4-sp-d16 -mfloat-abi=hard -mthumb -D__REDLIB__ -fstack-usage -specs=redlib.specs -MMD -MP -MF"fatfs/source/fsl_sd_disk/fsl_sd_disk.d" -MT"fatfs/source/fsl_sd_disk/fsl_sd_disk.o" -MT"fatfs/source/fsl_sd_disk/fsl_sd_disk.d" -o "fatfs/source/fsl_sd_disk/fsl_sd_disk.o" "../fatfs/source/fsl_sd_disk/fsl_sd_disk.c"
Finished building: ../utilities/fsl_assert.c
Finished building: ../utilities/fsl_debug_console.c
 
 
Building file: ../fatfs/source/diskio.c
Building file: ../fatfs/source/ff.c
Invoking: MCU C Compiler
arm-none-eabi-gcc -std=gnu99 -D__REDLIB__ -DCPU_MK64FN1M0VLL12 -DCPU_MK64FN1M0VLL12_cm4 -DFRDM_K64F -DFREEDOM -DSD_ENABLED -DSDK_DEBUGCONSOLE=0 -DCR_INTEGER_PRINTF -DPRINTF_FLOAT_ENABLE=0 -D__MCUXPRESSO -D__USE_CMSIS -DDEBUG -I"D:\Facultad\GitMicros\TpFinal\SDTest\frdmk64f_sdcard_fatfs\board" -I"D:\Facultad\GitMicros\TpFinal\SDTest\frdmk64f_sdcard_fatfs\source" -I"D:\Facultad\GitMicros\TpFinal\SDTest\frdmk64f_sdcard_fatfs\drivers" -I"D:\Facultad\GitMicros\TpFinal\SDTest\frdmk64f_sdcard_fatfs\sdmmc\inc" -I"D:\Facultad\GitMicros\TpFinal\SDTest\frdmk64f_sdcard_fatfs\sdmmc\host" -I"D:\Facultad\GitMicros\TpFinal\SDTest\frdmk64f_sdcard_fatfs\utilities" -I"D:\Facultad\GitMicros\TpFinal\SDTest\frdmk64f_sdcard_fatfs\fatfs\source" -I"D:\Facultad\GitMicros\TpFinal\SDTest\frdmk64f_sdcard_fatfs\fatfs\source\fsl_sd_disk" -I"D:\Facultad\GitMicros\TpFinal\SDTest\frdmk64f_sdcard_fatfs\device" -I"D:\Facultad\GitMicros\TpFinal\SDTest\frdmk64f_sdcard_fatfs\component\uart" -I"D:\Facultad\GitMicros\TpFinal\SDTest\frdmk64f_sdcard_fatfs\component\lists" -I"D:\Facultad\GitMicros\TpFinal\SDTest\frdmk64f_sdcard_fatfs\CMSIS" -I"D:\Facultad\GitMicros\TpFinal\SDTest\frdmk64f_sdcard_fatfs\sdmmc\osa" -I"D:\Facultad\GitMicros\TpFinal\SDTest\frdmk64f_sdcard_fatfs\component\osa" -I"D:\Facultad\GitMicros\TpFinal\SDTest\frdmk64f_sdcard_fatfs\frdmk64f\sdmmc_examples\sdcard_fatfs" -O0 -fno-common -g3 -c -ffunction-sections -fdata-sections -ffreestanding -fno-builtin -fmerge-constants -fmacro-prefix-map="../fatfs/source/"=. -mcpu=cortex-m4 -mfpu=fpv4-sp-d16 -mfloat-abi=hard -mthumb -D__REDLIB__ -fstack-usage -specs=redlib.specs -MMD -MP -MF"fatfs/source/diskio.d" -MT"fatfs/source/diskio.o" -MT"fatfs/source/diskio.d" -o "fatfs/source/diskio.o" "../fatfs/source/diskio.c"
Invoking: MCU C Compiler
arm-none-eabi-gcc -std=gnu99 -D__REDLIB__ -DCPU_MK64FN1M0VLL12 -DCPU_MK64FN1M0VLL12_cm4 -DFRDM_K64F -DFREEDOM -DSD_ENABLED -DSDK_DEBUGCONSOLE=0 -DCR_INTEGER_PRINTF -DPRINTF_FLOAT_ENABLE=0 -D__MCUXPRESSO -D__USE_CMSIS -DDEBUG -I"D:\Facultad\GitMicros\TpFinal\SDTest\frdmk64f_sdcard_fatfs\board" -I"D:\Facultad\GitMicros\TpFinal\SDTest\frdmk64f_sdcard_fatfs\source" -I"D:\Facultad\GitMicros\TpFinal\SDTest\frdmk64f_sdcard_fatfs\drivers" -I"D:\Facultad\GitMicros\TpFinal\SDTest\frdmk64f_sdcard_fatfs\sdmmc\inc" -I"D:\Facultad\GitMicros\TpFinal\SDTest\frdmk64f_sdcard_fatfs\sdmmc\host" -I"D:\Facultad\GitMicros\TpFinal\SDTest\frdmk64f_sdcard_fatfs\utilities" -I"D:\Facultad\GitMicros\TpFinal\SDTest\frdmk64f_sdcard_fatfs\fatfs\source" -I"D:\Facultad\GitMicros\TpFinal\SDTest\frdmk64f_sdcard_fatfs\fatfs\source\fsl_sd_disk" -I"D:\Facultad\GitMicros\TpFinal\SDTest\frdmk64f_sdcard_fatfs\device" -I"D:\Facultad\GitMicros\TpFinal\SDTest\frdmk64f_sdcard_fatfs\component\uart" -I"D:\Facultad\GitMicros\TpFinal\SDTest\frdmk64f_sdcard_fatfs\component\lists" -I"D:\Facultad\GitMicros\TpFinal\SDTest\frdmk64f_sdcard_fatfs\CMSIS" -I"D:\Facultad\GitMicros\TpFinal\SDTest\frdmk64f_sdcard_fatfs\sdmmc\osa" -I"D:\Facultad\GitMicros\TpFinal\SDTest\frdmk64f_sdcard_fatfs\component\osa" -I"D:\Facultad\GitMicros\TpFinal\SDTest\frdmk64f_sdcard_fatfs\frdmk64f\sdmmc_examples\sdcard_fatfs" -O0 -fno-common -g3 -c -ffunction-sections -fdata-sections -ffreestanding -fno-builtin -fmerge-constants -fmacro-prefix-map="../fatfs/source/"=. -mcpu=cortex-m4 -mfpu=fpv4-sp-d16 -mfloat-abi=hard -mthumb -D__REDLIB__ -fstack-usage -specs=redlib.specs -MMD -MP -MF"fatfs/source/ff.d" -MT"fatfs/source/ff.o" -MT"fatfs/source/ff.d" -o "fatfs/source/ff.o" "../fatfs/source/ff.c"
Finished building: ../source/sdcard_fatfs.c
Finished building: ../sdmmc/osa/fsl_sdmmc_osa.c
Finished building: ../sdmmc/src/fsl_sdmmc_common.c
 
 
 
Building file: ../fatfs/source/ffsystem.c
Building file: ../fatfs/source/ffunicode.c
Building file: ../drivers/fsl_clock.c
Invoking: MCU C Compiler
Invoking: MCU C Compiler
Invoking: MCU C Compiler
arm-none-eabi-gcc -std=gnu99 -D__REDLIB__ -DCPU_MK64FN1M0VLL12 -DCPU_MK64FN1M0VLL12_cm4 -DFRDM_K64F -DFREEDOM -DSD_ENABLED -DSDK_DEBUGCONSOLE=0 -DCR_INTEGER_PRINTF -DPRINTF_FLOAT_ENABLE=0 -D__MCUXPRESSO -D__USE_CMSIS -DDEBUG -I"D:\Facultad\GitMicros\TpFinal\SDTest\frdmk64f_sdcard_fatfs\board" -I"D:\Facultad\GitMicros\TpFinal\SDTest\frdmk64f_sdcard_fatfs\source" -I"D:\Facultad\GitMicros\TpFinal\SDTest\frdmk64f_sdcard_fatfs\drivers" -I"D:\Facultad\GitMicros\TpFinal\SDTest\frdmk64f_sdcard_fatfs\sdmmc\inc" -I"D:\Facultad\GitMicros\TpFinal\SDTest\frdmk64f_sdcard_fatfs\sdmmc\host" -I"D:\Facultad\GitMicros\TpFinal\SDTest\frdmk64f_sdcard_fatfs\utilities" -I"D:\Facultad\GitMicros\TpFinal\SDTest\frdmk64f_sdcard_fatfs\fatfs\source" -I"D:\Facultad\GitMicros\TpFinal\SDTest\frdmk64f_sdcard_fatfs\fatfs\source\fsl_sd_disk" -I"D:\Facultad\GitMicros\TpFinal\SDTest\frdmk64f_sdcard_fatfs\device" -I"D:\Facultad\GitMicros\TpFinal\SDTest\frdmk64f_sdcard_fatfs\component\uart" -I"D:\Facultad\GitMicros\TpFinal\SDTest\frdmk64f_sdcard_fatfs\component\lists" -I"D:\Facultad\GitMicros\TpFinal\SDTest\frdmk64f_sdcard_fatfs\CMSIS" -I"D:\Facultad\GitMicros\TpFinal\SDTest\frdmk64f_sdcard_fatfs\sdmmc\osa" -I"D:\Facultad\GitMicros\TpFinal\SDTest\frdmk64f_sdcard_fatfs\component\osa" -I"D:\Facultad\GitMicros\TpFinal\SDTest\frdmk64f_sdcard_fatfs\frdmk64f\sdmmc_examples\sdcard_fatfs" -O0 -fno-common -g3 -c -ffunction-sections -fdata-sections -ffreestanding -fno-builtin -fmerge-constants -fmacro-prefix-map="../fatfs/source/"=. -mcpu=cortex-m4 -mfpu=fpv4-sp-d16 -mfloat-abi=hard -mthumb -D__REDLIB__ -fstack-usage -specs=redlib.specs -MMD -MP -MF"fatfs/source/ffunicode.d" -MT"fatfs/source/ffunicode.o" -MT"fatfs/source/ffunicode.d" -o "fatfs/source/ffunicode.o" "../fatfs/source/ffunicode.c"
arm-none-eabi-gcc -std=gnu99 -D__REDLIB__ -DCPU_MK64FN1M0VLL12 -DCPU_MK64FN1M0VLL12_cm4 -DFRDM_K64F -DFREEDOM -DSD_ENABLED -DSDK_DEBUGCONSOLE=0 -DCR_INTEGER_PRINTF -DPRINTF_FLOAT_ENABLE=0 -D__MCUXPRESSO -D__USE_CMSIS -DDEBUG -I"D:\Facultad\GitMicros\TpFinal\SDTest\frdmk64f_sdcard_fatfs\board" -I"D:\Facultad\GitMicros\TpFinal\SDTest\frdmk64f_sdcard_fatfs\source" -I"D:\Facultad\GitMicros\TpFinal\SDTest\frdmk64f_sdcard_fatfs\drivers" -I"D:\Facultad\GitMicros\TpFinal\SDTest\frdmk64f_sdcard_fatfs\sdmmc\inc" -I"D:\Facultad\GitMicros\TpFinal\SDTest\frdmk64f_sdcard_fatfs\sdmmc\host" -I"D:\Facultad\GitMicros\TpFinal\SDTest\frdmk64f_sdcard_fatfs\utilities" -I"D:\Facultad\GitMicros\TpFinal\SDTest\frdmk64f_sdcard_fatfs\fatfs\source" -I"D:\Facultad\GitMicros\TpFinal\SDTest\frdmk64f_sdcard_fatfs\fatfs\source\fsl_sd_disk" -I"D:\Facultad\GitMicros\TpFinal\SDTest\frdmk64f_sdcard_fatfs\device" -I"D:\Facultad\GitMicros\TpFinal\SDTest\frdmk64f_sdcard_fatfs\component\uart" -I"D:\Facultad\GitMicros\TpFinal\SDTest\frdmk64f_sdcard_fatfs\component\lists" -I"D:\Facultad\GitMicros\TpFinal\SDTest\frdmk64f_sdcard_fatfs\CMSIS" -I"D:\Facultad\GitMicros\TpFinal\SDTest\frdmk64f_sdcard_fatfs\sdmmc\osa" -I"D:\Facultad\GitMicros\TpFinal\SDTest\frdmk64f_sdcard_fatfs\component\osa" -I"D:\Facultad\GitMicros\TpFinal\SDTest\frdmk64f_sdcard_fatfs\frdmk64f\sdmmc_examples\sdcard_fatfs" -O0 -fno-common -g3 -c -ffunction-sections -fdata-sections -ffreestanding -fno-builtin -fmerge-constants -fmacro-prefix-map="../fatfs/source/"=. -mcpu=cortex-m4 -mfpu=fpv4-sp-d16 -mfloat-abi=hard -mthumb -D__REDLIB__ -fstack-usage -specs=redlib.specs -MMD -MP -MF"fatfs/source/ffsystem.d" -MT"fatfs/source/ffsystem.o" -MT"fatfs/source/ffsystem.d" -o "fatfs/source/ffsystem.o" "../fatfs/source/ffsystem.c"
arm-none-eabi-gcc -std=gnu99 -D__REDLIB__ -DCPU_MK64FN1M0VLL12 -DCPU_MK64FN1M0VLL12_cm4 -DFRDM_K64F -DFREEDOM -DSD_ENABLED -DSDK_DEBUGCONSOLE=0 -DCR_INTEGER_PRINTF -DPRINTF_FLOAT_ENABLE=0 -D__MCUXPRESSO -D__USE_CMSIS -DDEBUG -I"D:\Facultad\GitMicros\TpFinal\SDTest\frdmk64f_sdcard_fatfs\board" -I"D:\Facultad\GitMicros\TpFinal\SDTest\frdmk64f_sdcard_fatfs\source" -I"D:\Facultad\GitMicros\TpFinal\SDTest\frdmk64f_sdcard_fatfs\drivers" -I"D:\Facultad\GitMicros\TpFinal\SDTest\frdmk64f_sdcard_fatfs\sdmmc\inc" -I"D:\Facultad\GitMicros\TpFinal\SDTest\frdmk64f_sdcard_fatfs\sdmmc\host" -I"D:\Facultad\GitMicros\TpFinal\SDTest\frdmk64f_sdcard_fatfs\utilities" -I"D:\Facultad\GitMicros\TpFinal\SDTest\frdmk64f_sdcard_fatfs\fatfs\source" -I"D:\Facultad\GitMicros\TpFinal\SDTest\frdmk64f_sdcard_fatfs\fatfs\source\fsl_sd_disk" -I"D:\Facultad\GitMicros\TpFinal\SDTest\frdmk64f_sdcard_fatfs\device" -I"D:\Facultad\GitMicros\TpFinal\SDTest\frdmk64f_sdcard_fatfs\component\uart" -I"D:\Facultad\GitMicros\TpFinal\SDTest\frdmk64f_sdcard_fatfs\component\lists" -I"D:\Facultad\GitMicros\TpFinal\SDTest\frdmk64f_sdcard_fatfs\CMSIS" -I"D:\Facultad\GitMicros\TpFinal\SDTest\frdmk64f_sdcard_fatfs\sdmmc\osa" -I"D:\Facultad\GitMicros\TpFinal\SDTest\frdmk64f_sdcard_fatfs\component\osa" -I"D:\Facultad\GitMicros\TpFinal\SDTest\frdmk64f_sdcard_fatfs\frdmk64f\sdmmc_examples\sdcard_fatfs" -O0 -fno-common -g3 -c -ffunction-sections -fdata-sections -ffreestanding -fno-builtin -fmerge-constants -fmacro-prefix-map="../drivers/"=. -mcpu=cortex-m4 -mfpu=fpv4-sp-d16 -mfloat-abi=hard -mthumb -D__REDLIB__ -fstack-usage -specs=redlib.specs -MMD -MP -MF"drivers/fsl_clock.d" -MT"drivers/fsl_clock.o" -MT"drivers/fsl_clock.d" -o "drivers/fsl_clock.o" "../drivers/fsl_clock.c"
Finished building: ../sdmmc/src/fsl_sd.c
 
Building file: ../drivers/fsl_common.c
Invoking: MCU C Compiler
arm-none-eabi-gcc -std=gnu99 -D__REDLIB__ -DCPU_MK64FN1M0VLL12 -DCPU_MK64FN1M0VLL12_cm4 -DFRDM_K64F -DFREEDOM -DSD_ENABLED -DSDK_DEBUGCONSOLE=0 -DCR_INTEGER_PRINTF -DPRINTF_FLOAT_ENABLE=0 -D__MCUXPRESSO -D__USE_CMSIS -DDEBUG -I"D:\Facultad\GitMicros\TpFinal\SDTest\frdmk64f_sdcard_fatfs\board" -I"D:\Facultad\GitMicros\TpFinal\SDTest\frdmk64f_sdcard_fatfs\source" -I"D:\Facultad\GitMicros\TpFinal\SDTest\frdmk64f_sdcard_fatfs\drivers" -I"D:\Facultad\GitMicros\TpFinal\SDTest\frdmk64f_sdcard_fatfs\sdmmc\inc" -I"D:\Facultad\GitMicros\TpFinal\SDTest\frdmk64f_sdcard_fatfs\sdmmc\host" -I"D:\Facultad\GitMicros\TpFinal\SDTest\frdmk64f_sdcard_fatfs\utilities" -I"D:\Facultad\GitMicros\TpFinal\SDTest\frdmk64f_sdcard_fatfs\fatfs\source" -I"D:\Facultad\GitMicros\TpFinal\SDTest\frdmk64f_sdcard_fatfs\fatfs\source\fsl_sd_disk" -I"D:\Facultad\GitMicros\TpFinal\SDTest\frdmk64f_sdcard_fatfs\device" -I"D:\Facultad\GitMicros\TpFinal\SDTest\frdmk64f_sdcard_fatfs\component\uart" -I"D:\Facultad\GitMicros\TpFinal\SDTest\frdmk64f_sdcard_fatfs\component\lists" -I"D:\Facultad\GitMicros\TpFinal\SDTest\frdmk64f_sdcard_fatfs\CMSIS" -I"D:\Facultad\GitMicros\TpFinal\SDTest\frdmk64f_sdcard_fatfs\sdmmc\osa" -I"D:\Facultad\GitMicros\TpFinal\SDTest\frdmk64f_sdcard_fatfs\component\osa" -I"D:\Facultad\GitMicros\TpFinal\SDTest\frdmk64f_sdcard_fatfs\frdmk64f\sdmmc_examples\sdcard_fatfs" -O0 -fno-common -g3 -c -ffunction-sections -fdata-sections -ffreestanding -fno-builtin -fmerge-constants -fmacro-prefix-map="../drivers/"=. -mcpu=cortex-m4 -mfpu=fpv4-sp-d16 -mfloat-abi=hard -mthumb -D__REDLIB__ -fstack-usage -specs=redlib.specs -MMD -MP -MF"drivers/fsl_common.d" -MT"drivers/fsl_common.o" -MT"drivers/fsl_common.d" -o "drivers/fsl_common.o" "../drivers/fsl_common.c"
Finished building: ../fatfs/source/ffsystem.c
Finished building: ../sdmmc/host/fsl_sdmmc_host.c
 
 
Finished building: ../fatfs/source/ffunicode.c
Building file: ../drivers/fsl_gpio.c
Building file: ../drivers/fsl_sdhc.c
 
Invoking: MCU C Compiler
arm-none-eabi-gcc -std=gnu99 -D__REDLIB__ -DCPU_MK64FN1M0VLL12 -DCPU_MK64FN1M0VLL12_cm4 -DFRDM_K64F -DFREEDOM -DSD_ENABLED -DSDK_DEBUGCONSOLE=0 -DCR_INTEGER_PRINTF -DPRINTF_FLOAT_ENABLE=0 -D__MCUXPRESSO -D__USE_CMSIS -DDEBUG -I"D:\Facultad\GitMicros\TpFinal\SDTest\frdmk64f_sdcard_fatfs\board" -I"D:\Facultad\GitMicros\TpFinal\SDTest\frdmk64f_sdcard_fatfs\source" -I"D:\Facultad\GitMicros\TpFinal\SDTest\frdmk64f_sdcard_fatfs\drivers" -I"D:\Facultad\GitMicros\TpFinal\SDTest\frdmk64f_sdcard_fatfs\sdmmc\inc" -I"D:\Facultad\GitMicros\TpFinal\SDTest\frdmk64f_sdcard_fatfs\sdmmc\host" -I"D:\Facultad\GitMicros\TpFinal\SDTest\frdmk64f_sdcard_fatfs\utilities" -I"D:\Facultad\GitMicros\TpFinal\SDTest\frdmk64f_sdcard_fatfs\fatfs\source" -I"D:\Facultad\GitMicros\TpFinal\SDTest\frdmk64f_sdcard_fatfs\fatfs\source\fsl_sd_disk" -I"D:\Facultad\GitMicros\TpFinal\SDTest\frdmk64f_sdcard_fatfs\device" -I"D:\Facultad\GitMicros\TpFinal\SDTest\frdmk64f_sdcard_fatfs\component\uart" -I"D:\Facultad\GitMicros\TpFinal\SDTest\frdmk64f_sdcard_fatfs\component\lists" -I"D:\Facultad\GitMicros\TpFinal\SDTest\frdmk64f_sdcard_fatfs\CMSIS" -I"D:\Facultad\GitMicros\TpFinal\SDTest\frdmk64f_sdcard_fatfs\sdmmc\osa" -I"D:\Facultad\GitMicros\TpFinal\SDTest\frdmk64f_sdcard_fatfs\component\osa" -I"D:\Facultad\GitMicros\TpFinal\SDTest\frdmk64f_sdcard_fatfs\frdmk64f\sdmmc_examples\sdcard_fatfs" -O0 -fno-common -g3 -c -ffunction-sections -fdata-sections -ffreestanding -fno-builtin -fmerge-constants -fmacro-prefix-map="../drivers/"=. -mcpu=cortex-m4 -mfpu=fpv4-sp-d16 -mfloat-abi=hard -mthumb -D__REDLIB__ -fstack-usage -specs=redlib.specs -MMD -MP -MF"drivers/fsl_gpio.d" -MT"drivers/fsl_gpio.o" -MT"drivers/fsl_gpio.d" -o "drivers/fsl_gpio.o" "../drivers/fsl_gpio.c"
Invoking: MCU C Compiler
Finished building: ../fatfs/source/fsl_sd_disk/fsl_sd_disk.c
arm-none-eabi-gcc -std=gnu99 -D__REDLIB__ -DCPU_MK64FN1M0VLL12 -DCPU_MK64FN1M0VLL12_cm4 -DFRDM_K64F -DFREEDOM -DSD_ENABLED -DSDK_DEBUGCONSOLE=0 -DCR_INTEGER_PRINTF -DPRINTF_FLOAT_ENABLE=0 -D__MCUXPRESSO -D__USE_CMSIS -DDEBUG -I"D:\Facultad\GitMicros\TpFinal\SDTest\frdmk64f_sdcard_fatfs\board" -I"D:\Facultad\GitMicros\TpFinal\SDTest\frdmk64f_sdcard_fatfs\source" -I"D:\Facultad\GitMicros\TpFinal\SDTest\frdmk64f_sdcard_fatfs\drivers" -I"D:\Facultad\GitMicros\TpFinal\SDTest\frdmk64f_sdcard_fatfs\sdmmc\inc" -I"D:\Facultad\GitMicros\TpFinal\SDTest\frdmk64f_sdcard_fatfs\sdmmc\host" -I"D:\Facultad\GitMicros\TpFinal\SDTest\frdmk64f_sdcard_fatfs\utilities" -I"D:\Facultad\GitMicros\TpFinal\SDTest\frdmk64f_sdcard_fatfs\fatfs\source" -I"D:\Facultad\GitMicros\TpFinal\SDTest\frdmk64f_sdcard_fatfs\fatfs\source\fsl_sd_disk" -I"D:\Facultad\GitMicros\TpFinal\SDTest\frdmk64f_sdcard_fatfs\device" -I"D:\Facultad\GitMicros\TpFinal\SDTest\frdmk64f_sdcard_fatfs\component\uart" -I"D:\Facultad\GitMicros\TpFinal\SDTest\frdmk64f_sdcard_fatfs\component\lists" -I"D:\Facultad\GitMicros\TpFinal\SDTest\frdmk64f_sdcard_fatfs\CMSIS" -I"D:\Facultad\GitMicros\TpFinal\SDTest\frdmk64f_sdcard_fatfs\sdmmc\osa" -I"D:\Facultad\GitMicros\TpFinal\SDTest\frdmk64f_sdcard_fatfs\component\osa" -I"D:\Facultad\GitMicros\TpFinal\SDTest\frdmk64f_sdcard_fatfs\frdmk64f\sdmmc_examples\sdcard_fatfs" -O0 -fno-common -g3 -c -ffunction-sections -fdata-sections -ffreestanding -fno-builtin -fmerge-constants -fmacro-prefix-map="../drivers/"=. -mcpu=cortex-m4 -mfpu=fpv4-sp-d16 -mfloat-abi=hard -mthumb -D__REDLIB__ -fstack-usage -specs=redlib.specs -MMD -MP -MF"drivers/fsl_sdhc.d" -MT"drivers/fsl_sdhc.o" -MT"drivers/fsl_sdhc.d" -o "drivers/fsl_sdhc.o" "../drivers/fsl_sdhc.c"
Building file: ../drivers/fsl_smc.c
 
Invoking: MCU C Compiler
arm-none-eabi-gcc -std=gnu99 -D__REDLIB__ -DCPU_MK64FN1M0VLL12 -DCPU_MK64FN1M0VLL12_cm4 -DFRDM_K64F -DFREEDOM -DSD_ENABLED -DSDK_DEBUGCONSOLE=0 -DCR_INTEGER_PRINTF -DPRINTF_FLOAT_ENABLE=0 -D__MCUXPRESSO -D__USE_CMSIS -DDEBUG -I"D:\Facultad\GitMicros\TpFinal\SDTest\frdmk64f_sdcard_fatfs\board" -I"D:\Facultad\GitMicros\TpFinal\SDTest\frdmk64f_sdcard_fatfs\source" -I"D:\Facultad\GitMicros\TpFinal\SDTest\frdmk64f_sdcard_fatfs\drivers" -I"D:\Facultad\GitMicros\TpFinal\SDTest\frdmk64f_sdcard_fatfs\sdmmc\inc" -I"D:\Facultad\GitMicros\TpFinal\SDTest\frdmk64f_sdcard_fatfs\sdmmc\host" -I"D:\Facultad\GitMicros\TpFinal\SDTest\frdmk64f_sdcard_fatfs\utilities" -I"D:\Facultad\GitMicros\TpFinal\SDTest\frdmk64f_sdcard_fatfs\fatfs\source" -I"D:\Facultad\GitMicros\TpFinal\SDTest\frdmk64f_sdcard_fatfs\fatfs\source\fsl_sd_disk" -I"D:\Facultad\GitMicros\TpFinal\SDTest\frdmk64f_sdcard_fatfs\device" -I"D:\Facultad\GitMicros\TpFinal\SDTest\frdmk64f_sdcard_fatfs\component\uart" -I"D:\Facultad\GitMicros\TpFinal\SDTest\frdmk64f_sdcard_fatfs\component\lists" -I"D:\Facultad\GitMicros\TpFinal\SDTest\frdmk64f_sdcard_fatfs\CMSIS" -I"D:\Facultad\GitMicros\TpFinal\SDTest\frdmk64f_sdcard_fatfs\sdmmc\osa" -I"D:\Facultad\GitMicros\TpFinal\SDTest\frdmk64f_sdcard_fatfs\component\osa" -I"D:\Facultad\GitMicros\TpFinal\SDTest\frdmk64f_sdcard_fatfs\frdmk64f\sdmmc_examples\sdcard_fatfs" -O0 -fno-common -g3 -c -ffunction-sections -fdata-sections -ffreestanding -fno-builtin -fmerge-constants -fmacro-prefix-map="../drivers/"=. -mcpu=cortex-m4 -mfpu=fpv4-sp-d16 -mfloat-abi=hard -mthumb -D__REDLIB__ -fstack-usage -specs=redlib.specs -MMD -MP -MF"drivers/fsl_smc.d" -MT"drivers/fsl_smc.o" -MT"drivers/fsl_smc.d" -o "drivers/fsl_smc.o" "../drivers/fsl_smc.c"
Building file: ../drivers/fsl_sysmpu.c
Invoking: MCU C Compiler
arm-none-eabi-gcc -std=gnu99 -D__REDLIB__ -DCPU_MK64FN1M0VLL12 -DCPU_MK64FN1M0VLL12_cm4 -DFRDM_K64F -DFREEDOM -DSD_ENABLED -DSDK_DEBUGCONSOLE=0 -DCR_INTEGER_PRINTF -DPRINTF_FLOAT_ENABLE=0 -D__MCUXPRESSO -D__USE_CMSIS -DDEBUG -I"D:\Facultad\GitMicros\TpFinal\SDTest\frdmk64f_sdcard_fatfs\board" -I"D:\Facultad\GitMicros\TpFinal\SDTest\frdmk64f_sdcard_fatfs\source" -I"D:\Facultad\GitMicros\TpFinal\SDTest\frdmk64f_sdcard_fatfs\drivers" -I"D:\Facultad\GitMicros\TpFinal\SDTest\frdmk64f_sdcard_fatfs\sdmmc\inc" -I"D:\Facultad\GitMicros\TpFinal\SDTest\frdmk64f_sdcard_fatfs\sdmmc\host" -I"D:\Facultad\GitMicros\TpFinal\SDTest\frdmk64f_sdcard_fatfs\utilities" -I"D:\Facultad\GitMicros\TpFinal\SDTest\frdmk64f_sdcard_fatfs\fatfs\source" -I"D:\Facultad\GitMicros\TpFinal\SDTest\frdmk64f_sdcard_fatfs\fatfs\source\fsl_sd_disk" -I"D:\Facultad\GitMicros\TpFinal\SDTest\frdmk64f_sdcard_fatfs\device" -I"D:\Facultad\GitMicros\TpFinal\SDTest\frdmk64f_sdcard_fatfs\component\uart" -I"D:\Facultad\GitMicros\TpFinal\SDTest\frdmk64f_sdcard_fatfs\component\lists" -I"D:\Facultad\GitMicros\TpFinal\SDTest\frdmk64f_sdcard_fatfs\CMSIS" -I"D:\Facultad\GitMicros\TpFinal\SDTest\frdmk64f_sdcard_fatfs\sdmmc\osa" -I"D:\Facultad\GitMicros\TpFinal\SDTest\frdmk64f_sdcard_fatfs\component\osa" -I"D:\Facultad\GitMicros\TpFinal\SDTest\frdmk64f_sdcard_fatfs\frdmk64f\sdmmc_examples\sdcard_fatfs" -O0 -fno-common -g3 -c -ffunction-sections -fdata-sections -ffreestanding -fno-builtin -fmerge-constants -fmacro-prefix-map="../drivers/"=. -mcpu=cortex-m4 -mfpu=fpv4-sp-d16 -mfloat-abi=hard -mthumb -D__REDLIB__ -fstack-usage -specs=redlib.specs -MMD -MP -MF"drivers/fsl_sysmpu.d" -MT"drivers/fsl_sysmpu.o" -MT"drivers/fsl_sysmpu.d" -o "drivers/fsl_sysmpu.o" "../drivers/fsl_sysmpu.c"
Finished building: ../fatfs/source/diskio.c
 
Building file: ../drivers/fsl_uart.c
Invoking: MCU C Compiler
arm-none-eabi-gcc -std=gnu99 -D__REDLIB__ -DCPU_MK64FN1M0VLL12 -DCPU_MK64FN1M0VLL12_cm4 -DFRDM_K64F -DFREEDOM -DSD_ENABLED -DSDK_DEBUGCONSOLE=0 -DCR_INTEGER_PRINTF -DPRINTF_FLOAT_ENABLE=0 -D__MCUXPRESSO -D__USE_CMSIS -DDEBUG -I"D:\Facultad\GitMicros\TpFinal\SDTest\frdmk64f_sdcard_fatfs\board" -I"D:\Facultad\GitMicros\TpFinal\SDTest\frdmk64f_sdcard_fatfs\source" -I"D:\Facultad\GitMicros\TpFinal\SDTest\frdmk64f_sdcard_fatfs\drivers" -I"D:\Facultad\GitMicros\TpFinal\SDTest\frdmk64f_sdcard_fatfs\sdmmc\inc" -I"D:\Facultad\GitMicros\TpFinal\SDTest\frdmk64f_sdcard_fatfs\sdmmc\host" -I"D:\Facultad\GitMicros\TpFinal\SDTest\frdmk64f_sdcard_fatfs\utilities" -I"D:\Facultad\GitMicros\TpFinal\SDTest\frdmk64f_sdcard_fatfs\fatfs\source" -I"D:\Facultad\GitMicros\TpFinal\SDTest\frdmk64f_sdcard_fatfs\fatfs\source\fsl_sd_disk" -I"D:\Facultad\GitMicros\TpFinal\SDTest\frdmk64f_sdcard_fatfs\device" -I"D:\Facultad\GitMicros\TpFinal\SDTest\frdmk64f_sdcard_fatfs\component\uart" -I"D:\Facultad\GitMicros\TpFinal\SDTest\frdmk64f_sdcard_fatfs\component\lists" -I"D:\Facultad\GitMicros\TpFinal\SDTest\frdmk64f_sdcard_fatfs\CMSIS" -I"D:\Facultad\GitMicros\TpFinal\SDTest\frdmk64f_sdcard_fatfs\sdmmc\osa" -I"D:\Facultad\GitMicros\TpFinal\SDTest\frdmk64f_sdcard_fatfs\component\osa" -I"D:\Facultad\GitMicros\TpFinal\SDTest\frdmk64f_sdcard_fatfs\frdmk64f\sdmmc_examples\sdcard_fatfs" -O0 -fno-common -g3 -c -ffunction-sections -fdata-sections -ffreestanding -fno-builtin -fmerge-constants -fmacro-prefix-map="../drivers/"=. -mcpu=cortex-m4 -mfpu=fpv4-sp-d16 -mfloat-abi=hard -mthumb -D__REDLIB__ -fstack-usage -specs=redlib.specs -MMD -MP -MF"drivers/fsl_uart.d" -MT"drivers/fsl_uart.o" -MT"drivers/fsl_uart.d" -o "drivers/fsl_uart.o" "../drivers/fsl_uart.c"
Finished building: ../fatfs/source/ff.c
 
Building file: ../device/system_MK64F12.c
Finished building: ../drivers/fsl_common.c
Invoking: MCU C Compiler
 
arm-none-eabi-gcc -std=gnu99 -D__REDLIB__ -DCPU_MK64FN1M0VLL12 -DCPU_MK64FN1M0VLL12_cm4 -DFRDM_K64F -DFREEDOM -DSD_ENABLED -DSDK_DEBUGCONSOLE=0 -DCR_INTEGER_PRINTF -DPRINTF_FLOAT_ENABLE=0 -D__MCUXPRESSO -D__USE_CMSIS -DDEBUG -I"D:\Facultad\GitMicros\TpFinal\SDTest\frdmk64f_sdcard_fatfs\board" -I"D:\Facultad\GitMicros\TpFinal\SDTest\frdmk64f_sdcard_fatfs\source" -I"D:\Facultad\GitMicros\TpFinal\SDTest\frdmk64f_sdcard_fatfs\drivers" -I"D:\Facultad\GitMicros\TpFinal\SDTest\frdmk64f_sdcard_fatfs\sdmmc\inc" -I"D:\Facultad\GitMicros\TpFinal\SDTest\frdmk64f_sdcard_fatfs\sdmmc\host" -I"D:\Facultad\GitMicros\TpFinal\SDTest\frdmk64f_sdcard_fatfs\utilities" -I"D:\Facultad\GitMicros\TpFinal\SDTest\frdmk64f_sdcard_fatfs\fatfs\source" -I"D:\Facultad\GitMicros\TpFinal\SDTest\frdmk64f_sdcard_fatfs\fatfs\source\fsl_sd_disk" -I"D:\Facultad\GitMicros\TpFinal\SDTest\frdmk64f_sdcard_fatfs\device" -I"D:\Facultad\GitMicros\TpFinal\SDTest\frdmk64f_sdcard_fatfs\component\uart" -I"D:\Facultad\GitMicros\TpFinal\SDTest\frdmk64f_sdcard_fatfs\component\lists" -I"D:\Facultad\GitMicros\TpFinal\SDTest\frdmk64f_sdcard_fatfs\CMSIS" -I"D:\Facultad\GitMicros\TpFinal\SDTest\frdmk64f_sdcard_fatfs\sdmmc\osa" -I"D:\Facultad\GitMicros\TpFinal\SDTest\frdmk64f_sdcard_fatfs\component\osa" -I"D:\Facultad\GitMicros\TpFinal\SDTest\frdmk64f_sdcard_fatfs\frdmk64f\sdmmc_examples\sdcard_fatfs" -O0 -fno-common -g3 -c -ffunction-sections -fdata-sections -ffreestanding -fno-builtin -fmerge-constants -fmacro-prefix-map="../device/"=. -mcpu=cortex-m4 -mfpu=fpv4-sp-d16 -mfloat-abi=hard -mthumb -D__REDLIB__ -fstack-usage -specs=redlib.specs -MMD -MP -MF"device/system_MK64F12.d" -MT"device/system_MK64F12.o" -MT"device/system_MK64F12.d" -o "device/system_MK64F12.o" "../device/system_MK64F12.c"
Building file: ../component/uart/fsl_adapter_uart.c
Finished building: ../drivers/fsl_clock.c
Invoking: MCU C Compiler
arm-none-eabi-gcc -std=gnu99 -D__REDLIB__ -DCPU_MK64FN1M0VLL12 -DCPU_MK64FN1M0VLL12_cm4 -DFRDM_K64F -DFREEDOM -DSD_ENABLED -DSDK_DEBUGCONSOLE=0 -DCR_INTEGER_PRINTF -DPRINTF_FLOAT_ENABLE=0 -D__MCUXPRESSO -D__USE_CMSIS -DDEBUG -I"D:\Facultad\GitMicros\TpFinal\SDTest\frdmk64f_sdcard_fatfs\board" -I"D:\Facultad\GitMicros\TpFinal\SDTest\frdmk64f_sdcard_fatfs\source" -I"D:\Facultad\GitMicros\TpFinal\SDTest\frdmk64f_sdcard_fatfs\drivers" -I"D:\Facultad\GitMicros\TpFinal\SDTest\frdmk64f_sdcard_fatfs\sdmmc\inc" -I"D:\Facultad\GitMicros\TpFinal\SDTest\frdmk64f_sdcard_fatfs\sdmmc\host" -I"D:\Facultad\GitMicros\TpFinal\SDTest\frdmk64f_sdcard_fatfs\utilities" -I"D:\Facultad\GitMicros\TpFinal\SDTest\frdmk64f_sdcard_fatfs\fatfs\source" -I"D:\Facultad\GitMicros\TpFinal\SDTest\frdmk64f_sdcard_fatfs\fatfs\source\fsl_sd_disk" -I"D:\Facultad\GitMicros\TpFinal\SDTest\frdmk64f_sdcard_fatfs\device" -I"D:\Facultad\GitMicros\TpFinal\SDTest\frdmk64f_sdcard_fatfs\component\uart" -I"D:\Facultad\GitMicros\TpFinal\SDTest\frdmk64f_sdcard_fatfs\component\lists" -I"D:\Facultad\GitMicros\TpFinal\SDTest\frdmk64f_sdcard_fatfs\CMSIS" -I"D:\Facultad\GitMicros\TpFinal\SDTest\frdmk64f_sdcard_fatfs\sdmmc\osa" -I"D:\Facultad\GitMicros\TpFinal\SDTest\frdmk64f_sdcard_fatfs\component\osa" -I"D:\Facultad\GitMicros\TpFinal\SDTest\frdmk64f_sdcard_fatfs\frdmk64f\sdmmc_examples\sdcard_fatfs" -O0 -fno-common -g3 -c -ffunction-sections -fdata-sections -ffreestanding -fno-builtin -fmerge-constants -fmacro-prefix-map="../component/uart/"=. -mcpu=cortex-m4 -mfpu=fpv4-sp-d16 -mfloat-abi=hard -mthumb -D__REDLIB__ -fstack-usage -specs=redlib.specs -MMD -MP -MF"component/uart/fsl_adapter_uart.d" -MT"component/uart/fsl_adapter_uart.o" -MT"component/uart/fsl_adapter_uart.d" -o "component/uart/fsl_adapter_uart.o" "../component/uart/fsl_adapter_uart.c"
 
Building file: ../component/osa/fsl_os_abstraction_bm.c
Invoking: MCU C Compiler
arm-none-eabi-gcc -std=gnu99 -D__REDLIB__ -DCPU_MK64FN1M0VLL12 -DCPU_MK64FN1M0VLL12_cm4 -DFRDM_K64F -DFREEDOM -DSD_ENABLED -DSDK_DEBUGCONSOLE=0 -DCR_INTEGER_PRINTF -DPRINTF_FLOAT_ENABLE=0 -D__MCUXPRESSO -D__USE_CMSIS -DDEBUG -I"D:\Facultad\GitMicros\TpFinal\SDTest\frdmk64f_sdcard_fatfs\board" -I"D:\Facultad\GitMicros\TpFinal\SDTest\frdmk64f_sdcard_fatfs\source" -I"D:\Facultad\GitMicros\TpFinal\SDTest\frdmk64f_sdcard_fatfs\drivers" -I"D:\Facultad\GitMicros\TpFinal\SDTest\frdmk64f_sdcard_fatfs\sdmmc\inc" -I"D:\Facultad\GitMicros\TpFinal\SDTest\frdmk64f_sdcard_fatfs\sdmmc\host" -I"D:\Facultad\GitMicros\TpFinal\SDTest\frdmk64f_sdcard_fatfs\utilities" -I"D:\Facultad\GitMicros\TpFinal\SDTest\frdmk64f_sdcard_fatfs\fatfs\source" -I"D:\Facultad\GitMicros\TpFinal\SDTest\frdmk64f_sdcard_fatfs\fatfs\source\fsl_sd_disk" -I"D:\Facultad\GitMicros\TpFinal\SDTest\frdmk64f_sdcard_fatfs\device" -I"D:\Facultad\GitMicros\TpFinal\SDTest\frdmk64f_sdcard_fatfs\component\uart" -I"D:\Facultad\GitMicros\TpFinal\SDTest\frdmk64f_sdcard_fatfs\component\lists" -I"D:\Facultad\GitMicros\TpFinal\SDTest\frdmk64f_sdcard_fatfs\CMSIS" -I"D:\Facultad\GitMicros\TpFinal\SDTest\frdmk64f_sdcard_fatfs\sdmmc\osa" -I"D:\Facultad\GitMicros\TpFinal\SDTest\frdmk64f_sdcard_fatfs\component\osa" -I"D:\Facultad\GitMicros\TpFinal\SDTest\frdmk64f_sdcard_fatfs\frdmk64f\sdmmc_examples\sdcard_fatfs" -O0 -fno-common -g3 -c -ffunction-sections -fdata-sections -ffreestanding -fno-builtin -fmerge-constants -fmacro-prefix-map="../component/osa/"=. -mcpu=cortex-m4 -mfpu=fpv4-sp-d16 -mfloat-abi=hard -mthumb -D__REDLIB__ -fstack-usage -specs=redlib.specs -MMD -MP -MF"component/osa/fsl_os_abstraction_bm.d" -MT"component/osa/fsl_os_abstraction_bm.o" -MT"component/osa/fsl_os_abstraction_bm.d" -o "component/osa/fsl_os_abstraction_bm.o" "../component/osa/fsl_os_abstraction_bm.c"
Finished building: ../drivers/fsl_gpio.c
 
Building file: ../component/lists/fsl_component_generic_list.c
Finished building: ../drivers/fsl_smc.c
Invoking: MCU C Compiler
arm-none-eabi-gcc -std=gnu99 -D__REDLIB__ -DCPU_MK64FN1M0VLL12 -DCPU_MK64FN1M0VLL12_cm4 -DFRDM_K64F -DFREEDOM -DSD_ENABLED -DSDK_DEBUGCONSOLE=0 -DCR_INTEGER_PRINTF -DPRINTF_FLOAT_ENABLE=0 -D__MCUXPRESSO -D__USE_CMSIS -DDEBUG -I"D:\Facultad\GitMicros\TpFinal\SDTest\frdmk64f_sdcard_fatfs\board" -I"D:\Facultad\GitMicros\TpFinal\SDTest\frdmk64f_sdcard_fatfs\source" -I"D:\Facultad\GitMicros\TpFinal\SDTest\frdmk64f_sdcard_fatfs\drivers" -I"D:\Facultad\GitMicros\TpFinal\SDTest\frdmk64f_sdcard_fatfs\sdmmc\inc" -I"D:\Facultad\GitMicros\TpFinal\SDTest\frdmk64f_sdcard_fatfs\sdmmc\host" -I"D:\Facultad\GitMicros\TpFinal\SDTest\frdmk64f_sdcard_fatfs\utilities" -I"D:\Facultad\GitMicros\TpFinal\SDTest\frdmk64f_sdcard_fatfs\fatfs\source" -I"D:\Facultad\GitMicros\TpFinal\SDTest\frdmk64f_sdcard_fatfs\fatfs\source\fsl_sd_disk" -I"D:\Facultad\GitMicros\TpFinal\SDTest\frdmk64f_sdcard_fatfs\device" -I"D:\Facultad\GitMicros\TpFinal\SDTest\frdmk64f_sdcard_fatfs\component\uart" -I"D:\Facultad\GitMicros\TpFinal\SDTest\frdmk64f_sdcard_fatfs\component\lists" -I"D:\Facultad\GitMicros\TpFinal\SDTest\frdmk64f_sdcard_fatfs\CMSIS" -I"D:\Facultad\GitMicros\TpFinal\SDTest\frdmk64f_sdcard_fatfs\sdmmc\osa" -I"D:\Facultad\GitMicros\TpFinal\SDTest\frdmk64f_sdcard_fatfs\component\osa" -I"D:\Facultad\GitMicros\TpFinal\SDTest\frdmk64f_sdcard_fatfs\frdmk64f\sdmmc_examples\sdcard_fatfs" -O0 -fno-common -g3 -c -ffunction-sections -fdata-sections -ffreestanding -fno-builtin -fmerge-constants -fmacro-prefix-map="../component/lists/"=. -mcpu=cortex-m4 -mfpu=fpv4-sp-d16 -mfloat-abi=hard -mthumb -D__REDLIB__ -fstack-usage -specs=redlib.specs -MMD -MP -MF"component/lists/fsl_component_generic_list.d" -MT"component/lists/fsl_component_generic_list.o" -MT"component/lists/fsl_component_generic_list.d" -o "component/lists/fsl_component_generic_list.o" "../component/lists/fsl_component_generic_list.c"
 
Building file: ../board/board.c
Finished building: ../drivers/fsl_sysmpu.c
Invoking: MCU C Compiler
arm-none-eabi-gcc -std=gnu99 -D__REDLIB__ -DCPU_MK64FN1M0VLL12 -DCPU_MK64FN1M0VLL12_cm4 -DFRDM_K64F -DFREEDOM -DSD_ENABLED -DSDK_DEBUGCONSOLE=0 -DCR_INTEGER_PRINTF -DPRINTF_FLOAT_ENABLE=0 -D__MCUXPRESSO -D__USE_CMSIS -DDEBUG -I"D:\Facultad\GitMicros\TpFinal\SDTest\frdmk64f_sdcard_fatfs\board" -I"D:\Facultad\GitMicros\TpFinal\SDTest\frdmk64f_sdcard_fatfs\source" -I"D:\Facultad\GitMicros\TpFinal\SDTest\frdmk64f_sdcard_fatfs\drivers" -I"D:\Facultad\GitMicros\TpFinal\SDTest\frdmk64f_sdcard_fatfs\sdmmc\inc" -I"D:\Facultad\GitMicros\TpFinal\SDTest\frdmk64f_sdcard_fatfs\sdmmc\host" -I"D:\Facultad\GitMicros\TpFinal\SDTest\frdmk64f_sdcard_fatfs\utilities" -I"D:\Facultad\GitMicros\TpFinal\SDTest\frdmk64f_sdcard_fatfs\fatfs\source" -I"D:\Facultad\GitMicros\TpFinal\SDTest\frdmk64f_sdcard_fatfs\fatfs\source\fsl_sd_disk" -I"D:\Facultad\GitMicros\TpFinal\SDTest\frdmk64f_sdcard_fatfs\device" -I"D:\Facultad\GitMicros\TpFinal\SDTest\frdmk64f_sdcard_fatfs\component\uart" -I"D:\Facultad\GitMicros\TpFinal\SDTest\frdmk64f_sdcard_fatfs\component\lists" -I"D:\Facultad\GitMicros\TpFinal\SDTest\frdmk64f_sdcard_fatfs\CMSIS" -I"D:\Facultad\GitMicros\TpFinal\SDTest\frdmk64f_sdcard_fatfs\sdmmc\osa" -I"D:\Facultad\GitMicros\TpFinal\SDTest\frdmk64f_sdcard_fatfs\component\osa" -I"D:\Facultad\GitMicros\TpFinal\SDTest\frdmk64f_sdcard_fatfs\frdmk64f\sdmmc_examples\sdcard_fatfs" -O0 -fno-common -g3 -c -ffunction-sections -fdata-sections -ffreestanding -fno-builtin -fmerge-constants -fmacro-prefix-map="../board/"=. -mcpu=cortex-m4 -mfpu=fpv4-sp-d16 
 -mfloat-abi=hard -mthumb -D__REDLIB__ -fstack-usage -specs=redlib.specs -MMD -MP -MF"board/board.d" -MT"board/board.o" -MT"board/board.d" -o "board/board.o" "../board/board.c"
Finished building: ../drivers/fsl_sdhc.c
Building file: ../board/clock_config.c
 
Invoking: MCU C Compiler
arm-none-eabi-gcc -std=gnu99 -D__REDLIB__ -DCPU_MK64FN1M0VLL12 -DCPU_MK64FN1M0VLL12_cm4 -DFRDM_K64F -DFREEDOM -DSD_ENABLED -DSDK_DEBUGCONSOLE=0 -DCR_INTEGER_PRINTF -DPRINTF_FLOAT_ENABLE=0 -D__MCUXPRESSO -D__USE_CMSIS -DDEBUG -I"D:\Facultad\GitMicros\TpFinal\SDTest\frdmk64f_sdcard_fatfs\board" -I"D:\Facultad\GitMicros\TpFinal\SDTest\frdmk64f_sdcard_fatfs\source" -I"D:\Facultad\GitMicros\TpFinal\SDTest\frdmk64f_sdcard_fatfs\drivers" -I"D:\Facultad\GitMicros\TpFinal\SDTest\frdmk64f_sdcard_fatfs\sdmmc\inc" -I"D:\Facultad\GitMicros\TpFinal\SDTest\frdmk64f_sdcard_fatfs\sdmmc\host" -I"D:\Facultad\GitMicros\TpFinal\SDTest\frdmk64f_sdcard_fatfs\utilities" -I"D:\Facultad\GitMicros\TpFinal\SDTest\frdmk64f_sdcard_fatfs\fatfs\source" -I"D:\Facultad\GitMicros\TpFinal\SDTest\frdmk64f_sdcard_fatfs\fatfs\source\fsl_sd_disk" -I"D:\Facultad\GitMicros\TpFinal\SDTest\frdmk64f_sdcard_fatfs\device" -I"D:\Facultad\GitMicros\TpFinal\SDTest\frdmk64f_sdcard_fatfs\component\uart" -I"D:\Facultad\GitMicros\TpFinal\SDTest\frdmk64f_sdcard_fatfs\component\lists" -I"D:\Facultad\GitMicros\TpFinal\SDTest\frdmk64f_sdcard_fatfs\CMSIS" -I"D:\Facultad\GitMicros\TpFinal\SDTest\frdmk64f_sdcard_fatfs\sdmmc\osa" -I"D:\Facultad\GitMicros\TpFinal\SDTest\frdmk64f_sdcard_fatfs\component\osa" -I"D:\Facultad\GitMicros\TpFinal\SDTest\frdmk64f_sdcard_fatfs\frdmk64f\sdmmc_examples\sdcard_fatfs" -O0 -fno-common -g3 -c -ffunction-sections -fdata-sections -ffreestanding -fno-builtin -fmerge-constants -fmacro-prefix-map="../board/"=. -mcpu=cortex-m4 -mfpu=fpv4-sp-d16 -mfloat-abi=hard -mthumb -D__REDLIB__ -fstack-usage -specs=redlib.specs -MMD -MP -MF"board/clock_config.d" -MT"board/clock_config.o" -MT"board/clock_config.d" -o "board/clock_config.o" "../board/clock_config.c"
Building file: ../board/pin_mux.c
Invoking: MCU C Compiler
arm-none-eabi-gcc -std=gnu99 -D__REDLIB__ -DCPU_MK64FN1M0VLL12 -DCPU_MK64FN1M0VLL12_cm4 -DFRDM_K64F -DFREEDOM -DSD_ENABLED -DSDK_DEBUGCONSOLE=0 -DCR_INTEGER_PRINTF -DPRINTF_FLOAT_ENABLE=0 -D__MCUXPRESSO -D__USE_CMSIS -DDEBUG -I"D:\Facultad\GitMicros\TpFinal\SDTest\frdmk64f_sdcard_fatfs\board" -I"D:\Facultad\GitMicros\TpFinal\SDTest\frdmk64f_sdcard_fatfs\source" -I"D:\Facultad\GitMicros\TpFinal\SDTest\frdmk64f_sdcard_fatfs\drivers" -I"D:\Facultad\GitMicros\TpFinal\SDTest\frdmk64f_sdcard_fatfs\sdmmc\inc" -I"D:\Facultad\GitMicros\TpFinal\SDTest\frdmk64f_sdcard_fatfs\sdmmc\host" -I"D:\Facultad\GitMicros\TpFinal\SDTest\frdmk64f_sdcard_fatfs\utilities" -I"D:\Facultad\GitMicros\TpFinal\SDTest\frdmk64f_sdcard_fatfs\fatfs\source" -I"D:\Facultad\GitMicros\TpFinal\SDTest\frdmk64f_sdcard_fatfs\fatfs\source\fsl_sd_disk" -I"D:\Facultad\GitMicros\TpFinal\SDTest\frdmk64f_sdcard_fatfs\device" -I"D:\Facultad\GitMicros\TpFinal\SDTest\frdmk64f_sdcard_fatfs\component\uart" -I"D:\Facultad\GitMicros\TpFinal\SDTest\frdmk64f_sdcard_fatfs\component\lists" -I"D:\Facultad\GitMicros\TpFinal\SDTest\frdmk64f_sdcard_fatfs\CMSIS" -I"D:\Facultad\GitMicros\TpFinal\SDTest\frdmk64f_sdcard_fatfs\sdmmc\osa" -I"D:\Facultad\GitMicros\TpFinal\SDTest\frdmk64f_sdcard_fatfs\component\osa" -I"D:\Facultad\GitMicros\TpFinal\SDTest\frdmk64f_sdcard_fatfs\frdmk64f\sdmmc_examples\sdcard_fatfs" -O0 -fno-common -g3 -c -ffunction-sections -fdata-sections -ffreestanding -fno-builtin -fmerge-constants -fmacro-prefix-map="../board/"=. -mcpu=cortex-m4 -mfpu=fpv4-sp-d16 -mfloat-abi=hard -mthumb -D__REDLIB__ -fstack-usage -specs=redlib.specs -MMD -MP -MF"board/pin_mux.d" -MT"board/pin_mux.o" -MT"board/pin_mux.d" -o "board/pin_mux.o" "../board/pin_mux.c"
Finished building: ../device/system_MK64F12.c
 
Building file: ../board/sdmmc_config.c
Invoking: MCU C Compiler
arm-none-eabi-gcc -std=gnu99 -D__REDLIB__ -DCPU_MK64FN1M0VLL12 -DCPU_MK64FN1M0VLL12_cm4 -DFRDM_K64F -DFREEDOM -DSD_ENABLED -DSDK_DEBUGCONSOLE=0 -DCR_INTEGER_PRINTF -DPRINTF_FLOAT_ENABLE=0 -D__MCUXPRESSO -D__USE_CMSIS -DDEBUG -I"D:\Facultad\GitMicros\TpFinal\SDTest\frdmk64f_sdcard_fatfs\board" -I"D:\Facultad\GitMicros\TpFinal\SDTest\frdmk64f_sdcard_fatfs\source" -I"D:\Facultad\GitMicros\TpFinal\SDTest\frdmk64f_sdcard_fatfs\drivers" -I"D:\Facultad\GitMicros\TpFinal\SDTest\frdmk64f_sdcard_fatfs\sdmmc\inc" -I"D:\Facultad\GitMicros\TpFinal\SDTest\frdmk64f_sdcard_fatfs\sdmmc\host" -I"D:\Facultad\GitMicros\TpFinal\SDTest\frdmk64f_sdcard_fatfs\utilities" -I"D:\Facultad\GitMicros\TpFinal\SDTest\frdmk64f_sdcard_fatfs\fatfs\source" -I"D:\Facultad\GitMicros\TpFinal\SDTest\frdmk64f_sdcard_fatfs\fatfs\source\fsl_sd_disk" -I"D:\Facultad\GitMicros\TpFinal\SDTest\frdmk64f_sdcard_fatfs\device" -I"D:\Facultad\GitMicros\TpFinal\SDTest\frdmk64f_sdcard_fatfs\component\uart" -I"D:\Facultad\GitMicros\TpFinal\SDTest\frdmk64f_sdcard_fatfs\component\lists" -I"D:\Facultad\GitMicros\TpFinal\SDTest\frdmk64f_sdcard_fatfs\CMSIS" -I"D:\Facultad\GitMicros\TpFinal\SDTest\frdmk64f_sdcard_fatfs\sdmmc\osa" -I"D:\Facultad\GitMicros\TpFinal\SDTest\frdmk64f_sdcard_fatfs\component\osa" -I"D:\Facultad\GitMicros\TpFinal\SDTest\frdmk64f_sdcard_fatfs\frdmk64f\sdmmc_examples\sdcard_fatfs" -O0 -fno-common -g3 -c -ffunction-sections -fdata-sections -ffreestanding -fno-builtin -fmerge-constants -fmacro-prefix-map="../board/"=. -mcpu=cortex-m4 -mfpu=fpv4-sp-d16 -mfloat-abi=hard -mthumb -D__REDLIB__ -fstack-usage -specs=redlib.specs -MMD -MP -MF"board/sdmmc_config.d" -MT"board/sdmmc_config.o" -MT"board/sdmmc_config.d" -o "board/sdmmc_config.o" "../board/sdmmc_config.c"
Finished building: ../drivers/fsl_uart.c
 
Finished building: ../component/uart/fsl_adapter_uart.c
 
Finished building: ../component/osa/fsl_os_abstraction_bm.c
 
Finished building: ../component/lists/fsl_component_generic_list.c
Finished building: ../board/board.c
 
 
Finished building: ../board/clock_config.c
 
Finished building: ../board/pin_mux.c
 
Finished building: ../board/sdmmc_config.c
 
Building target: frdmk64f_sdcard_fatfs.axf
Invoking: MCU Linker
arm-none-eabi-gcc -nostdlib -Xlinker -Map="frdmk64f_sdcard_fatfs.map" -Xlinker --gc-sections -Xlinker -print-memory-usage -Xlinker --sort-section=alignment -Xlinker --cref -mcpu=cortex-m4 -mfpu=fpv4-sp-d16 -mfloat-abi=hard -mthumb -T frdmk64f_sdcard_fatfs_Debug.ld -o "frdmk64f_sdcard_fatfs.axf"  ./utilities/fsl_assert.o ./utilities/fsl_debug_console.o  ./startup/startup_mk64f12.o  ./source/sdcard_fatfs.o ./source/semihost_hardfault.o  ./sdmmc/src/fsl_sd.o ./sdmmc/src/fsl_sdmmc_common.o  ./sdmmc/osa/fsl_sdmmc_osa.o  ./sdmmc/host/fsl_sdmmc_host.o  ./fatfs/source/fsl_sd_disk/fsl_sd_disk.o  ./fatfs/source/diskio.o ./fatfs/source/ff.o ./fatfs/source/ffsystem.o ./fatfs/source/ffunicode.o  ./drivers/fsl_clock.o ./drivers/fsl_common.o ./drivers/fsl_gpio.o ./drivers/fsl_sdhc.o ./drivers/fsl_smc.o ./drivers/fsl_sysmpu.o ./drivers/fsl_uart.o  ./device/system_MK64F12.o  ./component/uart/fsl_adapter_uart.o  ./component/osa/fsl_os_abstraction_bm.o  ./component/lists/fsl_component_generic_list.o  ./board/board.o ./board/clock_config.o ./board/pin_mux.o ./board/sdmmc_config.o   
Memory region         Used Size  Region Size  %age Used
   PROGRAM_FLASH:       48936 B         1 MB      4.67%
      SRAM_UPPER:        8656 B       192 KB      4.40%
      SRAM_LOWER:          0 GB        64 KB      0.00%
        FLEX_RAM:          0 GB         4 KB      0.00%
Finished building target: frdmk64f_sdcard_fatfs.axf
 
make --no-print-directory post-build
Performing post-build steps
arm-none-eabi-size "frdmk64f_sdcard_fatfs.axf"; # arm-none-eabi-objcopy -v -O binary "frdmk64f_sdcard_fatfs.axf" "frdmk64f_sdcard_fatfs.bin" ; # checksum -p MK64FN1M0xxx12 -d "frdmk64f_sdcard_fatfs.bin";
   text	   data	    bss	    dec	    hex	filename
  48920	     16	   8640	  57576	   e0e8	frdmk64f_sdcard_fatfs.axf
 

23:15:53 Build Finished. 0 errors, 0 warnings. (took 2s.930ms)

