16:03:42 **** Incremental Build of configuration Debug for project AudioPlayer ****
make -r -j8 all 
Building file: ../source/AudioPlayer.c
Building file: ../drivers/fsl_smc.c
Building file: ../drivers/fsl_uart.c
Building file: ../device/system_MK64F12.c
Building file: ../component/uart/fsl_adapter_uart.c
Building file: ../component/serial_manager/fsl_component_serial_manager.c
Invoking: MCU C Compiler
Invoking: MCU C Compiler
arm-none-eabi-gcc -D__REDLIB__ -DCPU_MK64FN1M0VLL12 -DCPU_MK64FN1M0VLL12_cm4 -DFSL_RTOS_BM -DSDK_OS_BAREMETAL -DSDK_DEBUGCONSOLE=0 -DCR_INTEGER_PRINTF -DPRINTF_FLOAT_ENABLE=0 -DSERIAL_PORT_TYPE_UART=1 -D__MCUXPRESSO -D__USE_CMSIS -DDEBUG -I"D:\Facultad\GitMicros\TpFinal\AudioPlayer\board" -I"D:\Facultad\GitMicros\TpFinal\AudioPlayer\source" -I"D:\Facultad\GitMicros\TpFinal\AudioPlayer\drivers" -I"D:\Facultad\GitMicros\TpFinal\AudioPlayer\utilities" -I"D:\Facultad\GitMicros\TpFinal\AudioPlayer\component\serial_manager" -I"D:\Facultad\GitMicros\TpFinal\AudioPlayer\component\uart" -I"D:\Facultad\GitMicros\TpFinal\AudioPlayer\component\lists" -I"D:\Facultad\GitMicros\TpFinal\AudioPlayer\CMSIS" -I"D:\Facultad\GitMicros\TpFinal\AudioPlayer\device" -O0 -fno-common -g3 -Wall -c -ffunction-sections -fdata-sections -ffreestanding -fno-builtin -fmerge-constants -fmacro-prefix-map="../source/"=. -mcpu=cortex-m4 -mfpu=fpv4-sp-d16 -mfloat-abi=hard -mthumb -D__REDLIB__ -fstack-usage -specs=redlib.specs -MMD -MP -MF"source/AudioPlayer.d" -MT"source/AudioPlayer.o" -MT"source/AudioPlayer.d" -o "source/AudioPlayer.o" "../source/AudioPlayer.c"
Invoking: MCU C Compiler
Invoking: MCU C Compiler
arm-none-eabi-gcc -D__REDLIB__ -DCPU_MK64FN1M0VLL12 -DCPU_MK64FN1M0VLL12_cm4 -DFSL_RTOS_BM -DSDK_OS_BAREMETAL -DSDK_DEBUGCONSOLE=0 -DCR_INTEGER_PRINTF -DPRINTF_FLOAT_ENABLE=0 -DSERIAL_PORT_TYPE_UART=1 -D__MCUXPRESSO -D__USE_CMSIS -DDEBUG -I"D:\Facultad\GitMicros\TpFinal\AudioPlayer\board" -I"D:\Facultad\GitMicros\TpFinal\AudioPlayer\source" -I"D:\Facultad\GitMicros\TpFinal\AudioPlayer\drivers" -I"D:\Facultad\GitMicros\TpFinal\AudioPlayer\utilities" -I"D:\Facultad\GitMicros\TpFinal\AudioPlayer\component\serial_manager" -I"D:\Facultad\GitMicros\TpFinal\AudioPlayer\component\uart" -I"D:\Facultad\GitMicros\TpFinal\AudioPlayer\component\lists" -I"D:\Facultad\GitMicros\TpFinal\AudioPlayer\CMSIS" -I"D:\Facultad\GitMicros\TpFinal\AudioPlayer\device" -O0 -fno-common -g3 -Wall -c -ffunction-sections -fdata-sections -ffreestanding -fno-builtin -fmerge-constants -fmacro-prefix-map="../drivers/"=. -mcpu=cortex-m4 -mfpu=fpv4-sp-d16 -mfloat-abi=hard -mthumb -D__REDLIB__ -fstack-usage -specs=redlib.specs -MMD -MP -MF"drivers/fsl_smc.d" -MT"drivers/fsl_smc.o" -MT"drivers/fsl_smc.d" -o "drivers/fsl_smc.o" "../drivers/fsl_smc.c"
Building file: ../component/serial_manager/fsl_component_serial_port_uart.c
Building file: ../component/lists/fsl_component_generic_list.c
Invoking: MCU C Compiler
Invoking: MCU C Compiler
arm-none-eabi-gcc -D__REDLIB__ -DCPU_MK64FN1M0VLL12 -DCPU_MK64FN1M0VLL12_cm4 -DFSL_RTOS_BM -DSDK_OS_BAREMETAL -DSDK_DEBUGCONSOLE=0 -DCR_INTEGER_PRINTF -DPRINTF_FLOAT_ENABLE=0 -DSERIAL_PORT_TYPE_UART=1 -D__MCUXPRESSO -D__USE_CMSIS -DDEBUG -I"D:\Facultad\GitMicros\TpFinal\AudioPlayer\board" -I"D:\Facultad\GitMicros\TpFinal\AudioPlayer\source" -I"D:\Facultad\GitMicros\TpFinal\AudioPlayer\drivers" -I"D:\Facultad\GitMicros\TpFinal\AudioPlayer\utilities" -I"D:\Facultad\GitMicros\TpFinal\AudioPlayer\component\serial_manager" -I"D:\Facultad\GitMicros\TpFinal\AudioPlayer\component\uart" -I"D:\Facultad\GitMicros\TpFinal\AudioPlayer\component\lists" -I"D:\Facultad\GitMicros\TpFinal\AudioPlayer\CMSIS" -I"D:\Facultad\GitMicros\TpFinal\AudioPlayer\device" -O0 -fno-common -g3 -Wall -c -ffunction-sections -fdata-sections -ffreestanding -fno-builtin -fmerge-constants -fmacro-prefix-map="../device/"=. -mcpu=cortex-m4 -mfpu=fpv4-sp-d16 -mfloat-abi=hard -mthumb -D__REDLIB__ -fstack-usage -specs=redlib.specs -MMD -MP -MF"device/system_MK64F12.d" -MT"device/system_MK64F12.o" -MT"device/system_MK64F12.d" -o "device/system_MK64F12.o" "../device/system_MK64F12.c"
arm-none-eabi-gcc -D__REDLIB__ -DCPU_MK64FN1M0VLL12 -DCPU_MK64FN1M0VLL12_cm4 -DFSL_RTOS_BM -DSDK_OS_BAREMETAL -DSDK_DEBUGCONSOLE=0 -DCR_INTEGER_PRINTF -DPRINTF_FLOAT_ENABLE=0 -DSERIAL_PORT_TYPE_UART=1 -D__MCUXPRESSO -D__USE_CMSIS -DDEBUG -I"D:\Facultad\GitMicros\TpFinal\AudioPlayer\board" -I"D:\Facultad\GitMicros\TpFinal\AudioPlayer\source" -I"D:\Facultad\GitMicros\TpFinal\AudioPlayer\drivers" -I"D:\Facultad\GitMicros\TpFinal\AudioPlayer\utilities" -I"D:\Facultad\GitMicros\TpFinal\AudioPlayer\component\serial_manager" -I"D:\Facultad\GitMicros\TpFinal\AudioPlayer\component\uart" -I"D:\Facultad\GitMicros\TpFinal\AudioPlayer\component\lists" -I"D:\Facultad\GitMicros\TpFinal\AudioPlayer\CMSIS" -I"D:\Facultad\GitMicros\TpFinal\AudioPlayer\device" -O0 -fno-common -g3 -Wall -c -ffunction-sections -fdata-sections -ffreestanding -fno-builtin -fmerge-constants -fmacro-prefix-map="../drivers/"=. -mcpu=cortex-m4 -mfpu=fpv4-sp-d16 -mfloat-abi=hard -mthumb -D__REDLIB__ -fstack-usage -specs=redlib.specs -MMD -MP -MF"drivers/fsl_uart.d" -MT"drivers/fsl_uart.o" -MT"drivers/fsl_uart.d" -o "drivers/fsl_uart.o" "../drivers/fsl_uart.c"
arm-none-eabi-gcc -D__REDLIB__ -DCPU_MK64FN1M0VLL12 -DCPU_MK64FN1M0VLL12_cm4 -DFSL_RTOS_BM -DSDK_OS_BAREMETAL -DSDK_DEBUGCONSOLE=0 -DCR_INTEGER_PRINTF -DPRINTF_FLOAT_ENABLE=0 -DSERIAL_PORT_TYPE_UART=1 -D__MCUXPRESSO -D__USE_CMSIS -DDEBUG -I"D:\Facultad\GitMicros\TpFinal\AudioPlayer\board" -I"D:\Facultad\GitMicros\TpFinal\AudioPlayer\source" -I"D:\Facultad\GitMicros\TpFinal\AudioPlayer\drivers" -I"D:\Facultad\GitMicros\TpFinal\AudioPlayer\utilities" -I"D:\Facultad\GitMicros\TpFinal\AudioPlayer\component\serial_manager" -I"D:\Facultad\GitMicros\TpFinal\AudioPlayer\component\uart" -I"D:\Facultad\GitMicros\TpFinal\AudioPlayer\component\lists" -I"D:\Facultad\GitMicros\TpFinal\AudioPlayer\CMSIS" -I"D:\Facultad\GitMicros\TpFinal\AudioPlayer\device" -O0 -fno-common -g3 -Wall -c -ffunction-sections -fdata-sections -ffreestanding -fno-builtin -fmerge-constants -fmacro-prefix-map="../component/uart/"=. -mcpu=cortex-m4 -mfpu=fpv4-sp-d16 -mfloat-abi=hard -mthumb -D__REDLIB__ -fstack-usage -specs=redlib.specs -MMD -MP -MF"component/uart/fsl_adapter_uart.d" -MT"component/uart/fsl_adapter_uart.o" -MT"component/uart/fsl_adapter_uart.d" -o "component/uart/fsl_adapter_uart.o" "../component/uart/fsl_adapter_uart.c"
arm-none-eabi-gcc -D__REDLIB__ -DCPU_MK64FN1M0VLL12 -DCPU_MK64FN1M0VLL12_cm4 -DFSL_RTOS_BM -DSDK_OS_BAREMETAL -DSDK_DEBUGCONSOLE=0 -DCR_INTEGER_PRINTF -DPRINTF_FLOAT_ENABLE=0 -DSERIAL_PORT_TYPE_UART=1 -D__MCUXPRESSO -D__USE_CMSIS -DDEBUG -I"D:\Facultad\GitMicros\TpFinal\AudioPlayer\board" -I"D:\Facultad\GitMicros\TpFinal\AudioPlayer\source" -I"D:\Facultad\GitMicros\TpFinal\AudioPlayer\drivers" -I"D:\Facultad\GitMicros\TpFinal\AudioPlayer\utilities" -I"D:\Facultad\GitMicros\TpFinal\AudioPlayer\component\serial_manager" -I"D:\Facultad\GitMicros\TpFinal\AudioPlayer\component\uart" -I"D:\Facultad\GitMicros\TpFinal\AudioPlayer\component\lists" -I"D:\Facultad\GitMicros\TpFinal\AudioPlayer\CMSIS" -I"D:\Facultad\GitMicros\TpFinal\AudioPlayer\device" -O0 -fno-common -g3 -Wall -c -ffunction-sections -fdata-sections -ffreestanding -fno-builtin -fmerge-constants -fmacro-prefix-map="../component/serial_manager/"=. -mcpu=cortex-m4 -mfpu=fpv4-sp-d16 -mfloat-abi=hard -mthumb -D__REDLIB__ -fstack-usage -specs=redlib.specs -MMD -MP -MF"component/serial_manager/fsl_component_serial_manager.d" -MT"component/serial_manager/fsl_component_serial_manager.o" -MT"component/serial_manager/fsl_component_serial_manager.d" -o "component/serial_manager/fsl_component_serial_manager.o" "../component/serial_manager/fsl_component_serial_manager.c"
Invoking: MCU C Compiler
Invoking: MCU C Compiler
arm-none-eabi-gcc -D__REDLIB__ -DCPU_MK64FN1M0VLL12 -DCPU_MK64FN1M0VLL12_cm4 -DFSL_RTOS_BM -DSDK_OS_BAREMETAL -DSDK_DEBUGCONSOLE=0 -DCR_INTEGER_PRINTF -DPRINTF_FLOAT_ENABLE=0 -DSERIAL_PORT_TYPE_UART=1 -D__MCUXPRESSO -D__USE_CMSIS -DDEBUG -I"D:\Facultad\GitMicros\TpFinal\AudioPlayer\board" -I"D:\Facultad\GitMicros\TpFinal\AudioPlayer\source" -I"D:\Facultad\GitMicros\TpFinal\AudioPlayer\drivers" -I"D:\Facultad\GitMicros\TpFinal\AudioPlayer\utilities" -I"D:\Facultad\GitMicros\TpFinal\AudioPlayer\component\serial_manager" -I"D:\Facultad\GitMicros\TpFinal\AudioPlayer\component\uart" -I"D:\Facultad\GitMicros\TpFinal\AudioPlayer\component\lists" -I"D:\Facultad\GitMicros\TpFinal\AudioPlayer\CMSIS" -I"D:\Facultad\GitMicros\TpFinal\AudioPlayer\device" -O0 -fno-common -g3 -Wall -c -ffunction-sections -fdata-sections -ffreestanding -fno-builtin -fmerge-constants -fmacro-prefix-map="../component/lists/"=. -mcpu=cortex-m4 -mfpu=fpv4-sp-d16 -mfloat-abi=hard -mthumb -D__REDLIB__ -fstack-usage -specs=redlib.specs -MMD -MP -MF"component/lists/fsl_component_generic_list.d" -MT"component/lists/fsl_component_generic_list.o" -MT"component/lists/fsl_component_generic_list.d" -o "component/lists/fsl_component_generic_list.o" "../component/lists/fsl_component_generic_list.c"
arm-none-eabi-gcc -D__REDLIB__ -DCPU_MK64FN1M0VLL12 -DCPU_MK64FN1M0VLL12_cm4 -DFSL_RTOS_BM -DSDK_OS_BAREMETAL -DSDK_DEBUGCONSOLE=0 -DCR_INTEGER_PRINTF -DPRINTF_FLOAT_ENABLE=0 -DSERIAL_PORT_TYPE_UART=1 -D__MCUXPRESSO -D__USE_CMSIS -DDEBUG -I"D:\Facultad\GitMicros\TpFinal\AudioPlayer\board" -I"D:\Facultad\GitMicros\TpFinal\AudioPlayer\source" -I"D:\Facultad\GitMicros\TpFinal\AudioPlayer\drivers" -I"D:\Facultad\GitMicros\TpFinal\AudioPlayer\utilities" -I"D:\Facultad\GitMicros\TpFinal\AudioPlayer\component\serial_manager" -I"D:\Facultad\GitMicros\TpFinal\AudioPlayer\component\uart" -I"D:\Facultad\GitMicros\TpFinal\AudioPlayer\component\lists" -I"D:\Facultad\GitMicros\TpFinal\AudioPlayer\CMSIS" -I"D:\Facultad\GitMicros\TpFinal\AudioPlayer\device" -O0 -fno-common -g3 -Wall -c -ffunction-sections -fdata-sections -ffreestanding -fno-builtin -fmerge-constants -fmacro-prefix-map="../component/serial_manager/"=. -mcpu=cortex-m4 -mfpu=fpv4-sp-d16 -mfloat-abi=hard -mthumb -D__REDLIB__ -fstack-usage -specs=redlib.specs -MMD -MP -MF"component/serial_manager/fsl_component_serial_port_uart.d" -MT"component/serial_manager/fsl_component_serial_port_uart.o" -MT"component/serial_manager/fsl_component_serial_port_uart.d" -o "component/serial_manager/fsl_component_serial_port_uart.o" "../component/serial_manager/fsl_component_serial_port_uart.c"
../source/AudioPlayer.c: In function 'AudioPlayer_UpdateBackBuffer':
../source/AudioPlayer.c:197:37: warning: passing argument 3 of 'memcpy' makes integer from pointer without a cast [-Wint-conversion]
  197 |   memcpy( backBuffer, newBackBuffer,buffers);
      |                                     ^~~~~~~
      |                                     |
      |                                     uint16_t (*)[32] {aka short unsigned int (*)[32]}
In file included from D:\Facultad\GitMicros\TpFinal\AudioPlayer\drivers/fsl_common.h:15,
                 from D:\Facultad\GitMicros\TpFinal\AudioPlayer\utilities/fsl_debug_console.h:25,
                 from ../source/AudioPlayer.c:10:
c:\nxp\mcuxpressoide_11.3.0_5222\ide\plugins\com.nxp.mcuxpresso.tools.win32_11.3.0.202008311133\tools\redlib\include\string.h:34:14: note: expected 'size_t' {aka 'unsigned int'} but argument is of type 'uint16_t (*)[32]' {aka 'short unsigned int (*)[32]'}
   34 | extern void *memcpy(void * restrict __s1,
      |              ^~~~~~
Finished building: ../component/uart/fsl_adapter_uart.c
Finished building: ../device/system_MK64F12.c
 
Finished building: ../component/serial_manager/fsl_component_serial_port_uart.c
Finished building: ../component/serial_manager/fsl_component_serial_manager.c
 
Building file: ../board/board.c
Finished building: ../component/lists/fsl_component_generic_list.c
 
Finished building: ../source/AudioPlayer.c
 
Invoking: MCU C Compiler
Finished building: ../drivers/fsl_smc.c
 
Building file: ../board/peripherals.c
Building file: ../board/clock_config.c
arm-none-eabi-gcc -D__REDLIB__ -DCPU_MK64FN1M0VLL12 -DCPU_MK64FN1M0VLL12_cm4 -DFSL_RTOS_BM -DSDK_OS_BAREMETAL -DSDK_DEBUGCONSOLE=0 -DCR_INTEGER_PRINTF -DPRINTF_FLOAT_ENABLE=0 -DSERIAL_PORT_TYPE_UART=1 -D__MCUXPRESSO -D__USE_CMSIS -DDEBUG -I"D:\Facultad\GitMicros\TpFinal\AudioPlayer\board" -I"D:\Facultad\GitMicros\TpFinal\AudioPlayer\source" -I"D:\Facultad\GitMicros\TpFinal\AudioPlayer\drivers" -I"D:\Facultad\GitMicros\TpFinal\AudioPlayer\utilities" -I"D:\Facultad\GitMicros\TpFinal\AudioPlayer\component\serial_manager" -I"D:\Facultad\GitMicros\TpFinal\AudioPlayer\component\uart" -I"D:\Facultad\GitMicros\TpFinal\AudioPlayer\component\lists" -I"D:\Facultad\GitMicros\TpFinal\AudioPlayer\CMSIS" -I"D:\Facultad\GitMicros\TpFinal\AudioPlayer\device" -O0 -fno-common -g3 -Wall -c -ffunction-sections -fdata-sections -ffreestanding -fno-builtin -fmerge-constants -fmacro-prefix-map="../board/"=. -mcpu=cortex-m4 -mfpu=fpv4-sp-d16 -mfloat-abi=hard -mthumb -D__REDLIB__ -fstack-usage -specs=redlib.specs -MMD -MP -MF"board/board.d" -MT"board/board.o" -MT"board/board.d" -o "board/board.o" "../board/board.c"
 
 
Building file: ../board/pin_mux.c
Invoking: MCU C Compiler
Invoking: MCU C Compiler
arm-none-eabi-gcc -D__REDLIB__ -DCPU_MK64FN1M0VLL12 -DCPU_MK64FN1M0VLL12_cm4 -DFSL_RTOS_BM -DSDK_OS_BAREMETAL -DSDK_DEBUGCONSOLE=0 -DCR_INTEGER_PRINTF -DPRINTF_FLOAT_ENABLE=0 -DSERIAL_PORT_TYPE_UART=1 -D__MCUXPRESSO -D__USE_CMSIS -DDEBUG -I"D:\Facultad\GitMicros\TpFinal\AudioPlayer\board" -I"D:\Facultad\GitMicros\TpFinal\AudioPlayer\source" -I"D:\Facultad\GitMicros\TpFinal\AudioPlayer\drivers" -I"D:\Facultad\GitMicros\TpFinal\AudioPlayer\utilities" -I"D:\Facultad\GitMicros\TpFinal\AudioPlayer\component\serial_manager" -I"D:\Facultad\GitMicros\TpFinal\AudioPlayer\component\uart" -I"D:\Facultad\GitMicros\TpFinal\AudioPlayer\component\lists" -I"D:\Facultad\GitMicros\TpFinal\AudioPlayer\CMSIS" -I"D:\Facultad\GitMicros\TpFinal\AudioPlayer\device" -O0 -fno-common -g3 -Wall -c -ffunction-sections -fdata-sections -ffreestanding -fno-builtin -fmerge-constants -fmacro-prefix-map="../board/"=. -mcpu=cortex-m4 -mfpu=fpv4-sp-d16 -mfloat-abi=hard -mthumb -D__REDLIB__ -fstack-usage -specs=redlib.specs -MMD -MP -MF"board/peripherals.d" -MT"board/peripherals.o" -MT"board/peripherals.d" -o "board/peripherals.o" "../board/peripherals.c"
Invoking: MCU C Compiler
arm-none-eabi-gcc -D__REDLIB__ -DCPU_MK64FN1M0VLL12 -DCPU_MK64FN1M0VLL12_cm4 -DFSL_RTOS_BM -DSDK_OS_BAREMETAL -DSDK_DEBUGCONSOLE=0 -DCR_INTEGER_PRINTF -DPRINTF_FLOAT_ENABLE=0 -DSERIAL_PORT_TYPE_UART=1 -D__MCUXPRESSO -D__USE_CMSIS -DDEBUG -I"D:\Facultad\GitMicros\TpFinal\AudioPlayer\board" -I"D:\Facultad\GitMicros\TpFinal\AudioPlayer\source" -I"D:\Facultad\GitMicros\TpFinal\AudioPlayer\drivers" -I"D:\Facultad\GitMicros\TpFinal\AudioPlayer\utilities" -I"D:\Facultad\GitMicros\TpFinal\AudioPlayer\component\serial_manager" -I"D:\Facultad\GitMicros\TpFinal\AudioPlayer\component\uart" -I"D:\Facultad\GitMicros\TpFinal\AudioPlayer\component\lists" -I"D:\Facultad\GitMicros\TpFinal\AudioPlayer\CMSIS" -I"D:\Facultad\GitMicros\TpFinal\AudioPlayer\device" -O0 -fno-common -g3 -Wall -c -ffunction-sections -fdata-sections -ffreestanding -fno-builtin -fmerge-constants -fmacro-prefix-map="../board/"=. -mcpu=cortex-m4 -mfpu=fpv4-sp-d16 -mfloat-abi=hard -mthumb -D__REDLIB__ -fstack-usage -specs=redlib.specs -MMD -MP -MF"board/clock_config.d" -MT"board/clock_config.o" -MT"board/clock_config.d" -o "board/clock_config.o" "../board/clock_config.c"
arm-none-eabi-gcc -D__REDLIB__ -DCPU_MK64FN1M0VLL12 -DCPU_MK64FN1M0VLL12_cm4 -DFSL_RTOS_BM -DSDK_OS_BAREMETAL -DSDK_DEBUGCONSOLE=0 -DCR_INTEGER_PRINTF -DPRINTF_FLOAT_ENABLE=0 -DSERIAL_PORT_TYPE_UART=1 -D__MCUXPRESSO -D__USE_CMSIS -DDEBUG -I"D:\Facultad\GitMicros\TpFinal\AudioPlayer\board" -I"D:\Facultad\GitMicros\TpFinal\AudioPlayer\source" -I"D:\Facultad\GitMicros\TpFinal\AudioPlayer\drivers" -I"D:\Facultad\GitMicros\TpFinal\AudioPlayer\utilities" -I"D:\Facultad\GitMicros\TpFinal\AudioPlayer\component\serial_manager" -I"D:\Facultad\GitMicros\TpFinal\AudioPlayer\component\uart" -I"D:\Facultad\GitMicros\TpFinal\AudioPlayer\component\lists" -I"D:\Facultad\GitMicros\TpFinal\AudioPlayer\CMSIS" -I"D:\Facultad\GitMicros\TpFinal\AudioPlayer\device" -O0 -fno-common -g3 -Wall -c -ffunction-sections -fdata-sections -ffreestanding -fno-builtin -fmerge-constants -fmacro-prefix-map="../board/"=. -mcpu=cortex-m4 -mfpu=fpv4-sp-d16 -mfloat-abi=hard -mthumb -D__REDLIB__ -fstack-usage -specs=redlib.specs -MMD -MP -MF"board/pin_mux.d" -MT"board/pin_mux.o" -MT"board/pin_mux.d" -o "board/pin_mux.o" "../board/pin_mux.c"
Finished building: ../drivers/fsl_uart.c
 
Finished building: ../board/peripherals.c
 
Finished building: ../board/board.c
 
Finished building: ../board/pin_mux.c
 
Finished building: ../board/clock_config.c
 
Building target: AudioPlayer.axf
Invoking: MCU Linker
arm-none-eabi-gcc -nostdlib -Xlinker -Map="AudioPlayer.map" -Xlinker --gc-sections -Xlinker -print-memory-usage -Xlinker --sort-section=alignment -Xlinker --cref -mcpu=cortex-m4 -mfpu=fpv4-sp-d16 -mfloat-abi=hard -mthumb -T AudioPlayer_Debug.ld -o "AudioPlayer.axf"  ./utilities/fsl_debug_console.o ./utilities/fsl_str.o  ./startup/startup_mk64f12.o  ./source/AudioPlayer.o ./source/AudioPlayer_Test.o ./source/semihost_hardfault.o  ./drivers/fsl_adc16.o ./drivers/fsl_clock.o ./drivers/fsl_common.o ./drivers/fsl_dac.o ./drivers/fsl_dmamux.o ./drivers/fsl_edma.o ./drivers/fsl_gpio.o ./drivers/fsl_i2c.o ./drivers/fsl_pdb.o ./drivers/fsl_smc.o ./drivers/fsl_uart.o  ./device/system_MK64F12.o  ./component/uart/fsl_adapter_uart.o  ./component/serial_manager/fsl_component_serial_manager.o ./component/serial_manager/fsl_component_serial_port_uart.o  ./component/lists/fsl_component_generic_list.o  ./board/board.o ./board/clock_config.o ./board/peripherals.o ./board/pin_mux.o   
Memory region         Used Size  Region Size  %age Used
   PROGRAM_FLASH:       22576 B         1 MB      2.15%
      SRAM_UPPER:        8840 B       192 KB      4.50%
      SRAM_LOWER:          0 GB        64 KB      0.00%
        FLEX_RAM:          0 GB         4 KB      0.00%
Finished building target: AudioPlayer.axf
 
make --no-print-directory post-build
Performing post-build steps
arm-none-eabi-size "AudioPlayer.axf"; # arm-none-eabi-objcopy -v -O binary "AudioPlayer.axf" "AudioPlayer.bin" ; # checksum -p MK64FN1M0xxx12 -d "AudioPlayer.bin";
   text	   data	    bss	    dec	    hex	filename
  22424	    152	   8688	  31264	   7a20	AudioPlayer.axf
 
