fsl_sd.c:525:17:SD_WaitWriteComplete	120	static
fsl_sd.c:781:17:SD_SelectFunction	112	static
fsl_sd.c:1337:10:SD_ReadStatus	88	static
fsl_sd.c:1406:10:SD_SelectCard	8	static
fsl_sd.c:1413:10:SD_SetDriverStrength	96	static
fsl_sd.c:1425:10:SD_SetMaxCurrent	96	static
fsl_sd.c:1630:6:SD_CheckReadOnly	8	static
fsl_sd.c:1638:10:SD_ReadBlocks	168	static
fsl_sd.c:1694:10:SD_WriteBlocks	184	static
fsl_sd.c:1748:10:SD_EraseBlocks	136	static
fsl_sd.c:1808:10:SD_ProbeBusVoltage	64	static
fsl_sd.c:1911:10:SD_CardInit	88	static
fsl_sd.c:1991:6:SD_CardDeinit	8	static
fsl_sd.c:1998:10:SD_HostInit	8	static
fsl_sd.c:2019:6:SD_HostDeinit	8	static
fsl_sd.c:2028:6:SD_SetCardPower	8	static
fsl_sd.c:2044:6:SD_IsCardPresent	8	static
fsl_sd.c:2073:10:SD_PollingCardInsert	0	static
fsl_sd.c:2079:10:SD_Init	8	static
fsl_sd.c:2105:6:SD_Deinit	8	static
fsl_sd.c:2113:6:SD_HostDoReset	0	static
fsl_sd.c:2118:6:SD_HostReset	0	static
fsl_sd.c:2123:6:SD_PowerOnCard	0	static
fsl_sd.c:2128:6:SD_PowerOffCard	0	static
fsl_sd.c:2133:10:SD_WaitCardDetectStatus	0	static
