fsl_sd.c:460:17:SD_Transfer	72	static
fsl_sd.c:525:17:SD_WaitWriteComplete	56	static
fsl_sd.c:631:17:SD_SwitchFunction	80	static
fsl_sd.c:781:17:SD_SelectFunction	48	static
fsl_sd.c:1337:10:SD_ReadStatus	80	static
fsl_sd.c:1406:10:SD_SelectCard	8	static
fsl_sd.c:1413:10:SD_SetDriverStrength	8	static
fsl_sd.c:1425:10:SD_SetMaxCurrent	8	static
fsl_sd.c:1630:6:SD_CheckReadOnly	8	static
fsl_sd.c:1638:10:SD_ReadBlocks	128	static
fsl_sd.c:1694:10:SD_WriteBlocks	184	static
fsl_sd.c:1748:10:SD_EraseBlocks	88	static
fsl_sd.c:1808:10:SD_ProbeBusVoltage	64	static
fsl_sd.c:1911:10:SD_CardInit	80	static
fsl_sd.c:1991:6:SD_CardDeinit	8	static
fsl_sd.c:1998:10:SD_HostInit	8	static
fsl_sd.c:2019:6:SD_HostDeinit	8	static
fsl_sd.c:2028:6:SD_SetCardPower	8	static
fsl_sd.c:2044:6:SD_IsCardPresent	8	static
fsl_sd.c:2073:10:SD_PollingCardInsert	0	static
fsl_sd.c:2105:6:SD_Deinit	8	static
fsl_sd.c:2113:6:SD_HostDoReset	8	static
fsl_sd.c:2079:10:SD_Init	8	static
fsl_sd.c:2118:6:SD_HostReset	8	static
fsl_sd.c:2123:6:SD_PowerOnCard	8	static
fsl_sd.c:2128:6:SD_PowerOffCard	8	static
fsl_sd.c:2133:10:SD_WaitCardDetectStatus	8	static
