file_system_manager.c:49:11:FileSystem_GetFirstFile.part.0	8	static
file_system_manager.c:28:6:FileSystem_isMp3File	8	static
file_system_manager.c:41:6:FileSystem_AddFile	16	static
file_system_manager.c:49:11:FileSystem_GetFirstFile	8	static
file_system_manager.c:59:11:FileSystem_GetNextFile	16	static
file_system_manager.c:69:11:FileSystem_GetPreviousFile	16	static
file_system_manager.c:79:7:FileSystem_GetFileName	528	static
file_system_manager.c:98:6:FileSystem_PrintFiles	272	static
file_system_manager.c:116:5:FileSystem_GetFilesCount	0	static
file_system_manager.c:121:11:FileSystem_ResetFiles	8	static
file_system_manager.c:126:6:FileSystem_Test	832	static
