uart.c:117:6:UART_attach_callback	0	static
uart.c:122:6:UART_is_rx_msg	0	static
uart.c:129:9:UART_get_rx_msg_length	0	static
uart.c:135:9:UART_read_msg	20	static
uart.c:150:9:UART_write_msg	64	static
uart.c:166:6:UART_is_tx_msg_complete	0	static
uart.c:171:15:UART_Recieve_Data	0	static
uart.c:177:6:UART_Send_Data	0	static
uart.c:190:6:UART_set_baud_rate	16	static
uart.c:208:6:UART_set_parity	0	static
uart.c:63:6:UART_init	88	static
uart.c:217:6:UART_rx_tx_irq_handler	24	static
uart.c:279:9:UART0_RX_TX_IRQHandler	8	static
uart.c:284:9:UART1_RX_TX_IRQHandler	8	static
uart.c:289:9:UART2_RX_TX_IRQHandler	8	static
uart.c:294:9:UART3_RX_TX_IRQHandler	8	static
uart.c:299:9:UART4_RX_TX_IRQHandler	8	static
