fsl_sdhc.h:753:24:SDHC_GetPresentStatusFlags	16	static
fsl_sdmmc_host.h:124:20:SDMMCHOST_SendCardActive	16	static
fsl_sdmmc_host.h:135:24:SDMMCHOST_SetCardClock	16	static
fsl_sdmmc_host.h:145:20:SDMMCHOST_IsCardBusy	16	static
fsl_sd.c:345:17:SD_SendApplicationCmd	16	static
fsl_sd.c:352:17:SD_GoIdle	16	static
fsl_sd.c:359:17:SD_SetBlockSize	16	static
fsl_sd.c:453:17:SD_StopTransmission	64	static
fsl_sd.c:479:17:SD_Transfer	32	static
fsl_sd.c:550:17:SD_WaitWriteComplete	64	static
fsl_sd.c:587:17:SD_PollingCardStatusBusy	40	static
fsl_sd.c:626:17:SD_SendWriteSuccessBlocks	88	static
fsl_sd.c:671:17:SD_SendRca	64	static
fsl_sd.c:699:17:SD_SwitchFunction	88	static
fsl_sd.c:730:13:SD_DecodeScr	24	static
fsl_sd.c:791:17:SD_SendScr	112	static
fsl_sd.c:856:17:SD_SelectFunction	144	static
fsl_sd.c:979:17:SD_SetDataBusWidth	64	static
fsl_sd.c:1019:13:SD_DecodeCsd	24	static
fsl_sd.c:1122:17:SD_SendCsd	64	static
fsl_sd.c:1152:13:SD_DecodeCid	24	static
fsl_sd.c:1177:17:SD_AllSendCid	56	static
fsl_sd.c:1201:17:SD_ApplicationSendOperationCondition	64	static
fsl_sd.c:1256:17:SD_SendInterfaceCondition	64	static
fsl_sd.c:1295:17:SD_SelectBusTiming	24	static
fsl_sd.c:1420:13:SD_DecodeStatus	16	static
fsl_sd.c:1439:10:SD_ReadStatus	104	static
fsl_sd.c:1511:10:SD_SelectCard	16	static
fsl_sd.c:1518:10:SD_SetDriverStrength	24	static
fsl_sd.c:1530:10:SD_SetMaxCurrent	24	static
fsl_sd.c:1542:17:SD_Read	88	static
fsl_sd.c:1588:17:SD_Write	88	static
fsl_sd.c:1656:17:SD_Erase	80	static
fsl_sd.c:1729:6:SD_CheckReadOnly	16	static
fsl_sd.c:1737:10:SD_ReadBlocks	64	static
fsl_sd.c:1796:10:SD_WriteBlocks	64	static
fsl_sd.c:1851:10:SD_EraseBlocks	48	static
fsl_sd.c:1911:17:SD_ProbeBusVoltage	24	static
fsl_sd.c:2019:10:SD_CardInit	24	static
fsl_sd.c:2106:6:SD_CardDeinit	16	static
fsl_sd.c:2113:10:SD_HostInit	16	static
fsl_sd.c:2134:6:SD_HostDeinit	16	static
fsl_sd.c:2143:6:SD_SetCardPower	16	static
fsl_sd.c:2159:6:SD_IsCardPresent	16	static
fsl_sd.c:2188:10:SD_PollingCardInsert	16	static
fsl_sd.c:2234:10:SD_Init	16	static
fsl_sd.c:2261:6:SD_Deinit	16	static
fsl_sd.c:2269:6:SD_HostDoReset	16	static
fsl_sd.c:2274:6:SD_HostReset	16	static
fsl_sd.c:2279:6:SD_PowerOnCard	16	static
fsl_sd.c:2284:6:SD_PowerOffCard	16	static
fsl_sd.c:2289:10:SD_WaitCardDetectStatus	24	static
