Archive member included to satisfy reference by file (symbol)

D:\Facultad\GitMicros\TpFinal\SDTest\SDProject\libs\libarm_cortexM4lf_math.a(arm_q31_to_float.o)
                              ./source/equalizer/equalizer.o (arm_q31_to_float)
D:\Facultad\GitMicros\TpFinal\SDTest\SDProject\libs\libarm_cortexM4lf_math.a(arm_float_to_q31.o)
                              ./source/equalizer/equalizer.o (arm_float_to_q31)
D:\Facultad\GitMicros\TpFinal\SDTest\SDProject\libs\libarm_cortexM4lf_math.a(arm_rfft_fast_init_f32.o)
                              ./source/fft/vumeterRefresh.o (arm_rfft_fast_init_f32)
D:\Facultad\GitMicros\TpFinal\SDTest\SDProject\libs\libarm_cortexM4lf_math.a(arm_rfft_fast_f32.o)
                              ./source/fft/vumeterRefresh.o (arm_rfft_fast_f32)
D:\Facultad\GitMicros\TpFinal\SDTest\SDProject\libs\libarm_cortexM4lf_math.a(arm_cfft_f32.o)
                              D:\Facultad\GitMicros\TpFinal\SDTest\SDProject\libs\libarm_cortexM4lf_math.a(arm_rfft_fast_f32.o) (arm_cfft_f32)
D:\Facultad\GitMicros\TpFinal\SDTest\SDProject\libs\libarm_cortexM4lf_math.a(arm_bitreversal2.o)
                              D:\Facultad\GitMicros\TpFinal\SDTest\SDProject\libs\libarm_cortexM4lf_math.a(arm_cfft_f32.o) (arm_bitreversal_32)
D:\Facultad\GitMicros\TpFinal\SDTest\SDProject\libs\libarm_cortexM4lf_math.a(arm_biquad_cascade_df1_init_q31.o)
                              ./source/equalizer/equalizer.o (arm_biquad_cascade_df1_init_q31)
D:\Facultad\GitMicros\TpFinal\SDTest\SDProject\libs\libarm_cortexM4lf_math.a(arm_biquad_cascade_df1_fast_q31.o)
                              ./source/equalizer/equalizer.o (arm_biquad_cascade_df1_fast_q31)
D:\Facultad\GitMicros\TpFinal\SDTest\SDProject\libs\libarm_cortexM4lf_math.a(arm_biquad_cascade_df1_32x64_q31.o)
                              ./source/equalizer/equalizer.o (arm_biquad_cas_df1_32x64_q31)
D:\Facultad\GitMicros\TpFinal\SDTest\SDProject\libs\libarm_cortexM4lf_math.a(arm_biquad_cascade_df1_32x64_init_q31.o)
                              ./source/equalizer/equalizer.o (arm_biquad_cas_df1_32x64_init_q31)
D:\Facultad\GitMicros\TpFinal\SDTest\SDProject\libs\libarm_cortexM4lf_math.a(arm_scale_q31.o)
                              ./source/equalizer/equalizer.o (arm_scale_q31)
D:\Facultad\GitMicros\TpFinal\SDTest\SDProject\libs\libarm_cortexM4lf_math.a(arm_scale_f32.o)
                              ./source/equalizer/equalizer.o (arm_scale_f32)
D:\Facultad\GitMicros\TpFinal\SDTest\SDProject\libs\libarm_cortexM4lf_math.a(arm_common_tables.o)
                              D:\Facultad\GitMicros\TpFinal\SDTest\SDProject\libs\libarm_cortexM4lf_math.a(arm_rfft_fast_init_f32.o) (twiddleCoef_rfft_4096)
D:\Facultad\GitMicros\TpFinal\SDTest\SDProject\libs\libarm_cortexM4lf_math.a(arm_cfft_radix8_f32.o)
                              D:\Facultad\GitMicros\TpFinal\SDTest\SDProject\libs\libarm_cortexM4lf_math.a(arm_cfft_f32.o) (arm_radix8_butterfly_f32)
c:/nxp/mcuxpressoide_11.3.0_5222/ide/plugins/com.nxp.mcuxpresso.tools.win32_11.3.0.202008311133/tools/bin/../lib/gcc/arm-none-eabi/9.3.1/../../../../arm-none-eabi/lib/thumb/v7e-m+fp/hard\libcr_semihost_nf.a(_cr__main.o)
                              ./startup/startup_mk64f12.o (__main)
c:/nxp/mcuxpressoide_11.3.0_5222/ide/plugins/com.nxp.mcuxpresso.tools.win32_11.3.0.202008311133/tools/bin/../lib/gcc/arm-none-eabi/9.3.1/../../../../arm-none-eabi/lib/thumb/v7e-m+fp/hard\libcr_semihost_nf.a(_cr_assert.o)
                              ./drivers/SDK/SD/fsl_sd.o (__assertion_failed)
c:/nxp/mcuxpressoide_11.3.0_5222/ide/plugins/com.nxp.mcuxpresso.tools.win32_11.3.0.202008311133/tools/bin/../lib/gcc/arm-none-eabi/9.3.1/../../../../arm-none-eabi/lib/thumb/v7e-m+fp/hard\libcr_semihost_nf.a(__ciob.o)
                              c:/nxp/mcuxpressoide_11.3.0_5222/ide/plugins/com.nxp.mcuxpresso.tools.win32_11.3.0.202008311133/tools/bin/../lib/gcc/arm-none-eabi/9.3.1/../../../../arm-none-eabi/lib/thumb/v7e-m+fp/hard\libcr_semihost_nf.a(_cr_assert.o) (__Ciob)
c:/nxp/mcuxpressoide_11.3.0_5222/ide/plugins/com.nxp.mcuxpresso.tools.win32_11.3.0.202008311133/tools/bin/../lib/gcc/arm-none-eabi/9.3.1/../../../../arm-none-eabi/lib/thumb/v7e-m+fp/hard\libcr_semihost_nf.a(__sys_appexit.o)
                              c:/nxp/mcuxpressoide_11.3.0_5222/ide/plugins/com.nxp.mcuxpresso.tools.win32_11.3.0.202008311133/tools/bin/../lib/gcc/arm-none-eabi/9.3.1/../../../../arm-none-eabi/lib/thumb/v7e-m+fp/hard\libcr_semihost_nf.a(_cr_assert.o) (__sys_appexit)
c:/nxp/mcuxpressoide_11.3.0_5222/ide/plugins/com.nxp.mcuxpresso.tools.win32_11.3.0.202008311133/tools/bin/../lib/gcc/arm-none-eabi/9.3.1/../../../../arm-none-eabi/lib/thumb/v7e-m+fp/hard\libcr_c.a(sqrtf_m4_hardfp.o)
                              ./source/fft/vumeterRefresh.o (sqrtf)
c:/nxp/mcuxpressoide_11.3.0_5222/ide/plugins/com.nxp.mcuxpresso.tools.win32_11.3.0.202008311133/tools/bin/../lib/gcc/arm-none-eabi/9.3.1/../../../../arm-none-eabi/lib/thumb/v7e-m+fp/hard\libcr_c.a(memcpy.o)
[...]
Memory Configuration

Name             Origin             Length             Attributes
PROGRAM_FLASH    0x00000000         0x00100000         xr
SRAM_UPPER       0x20000000         0x00030000         xrw
SRAM_LOWER       0x1fff0000         0x00010000         xrw
FLEX_RAM         0x14000000         0x00001000         xrw
*default*        0x00000000         0xffffffff

Linker script and memory map

LOAD ./startup/hardware.o
LOAD ./startup/main.o
LOAD ./startup/semihost_hardfault.o
LOAD ./startup/startup_mk64f12.o
LOAD ./source/fsm/States/effects_state.o
LOAD ./source/fsm/States/file_selection_state.o
LOAD ./source/fsm/States/idle_state.o
LOAD ./source/fsm/States/player_state.o
LOAD ./source/fsm/fsm.o
LOAD ./source/fsm/fsm_table.o
LOAD ./source/file_manager/file_system_manager.o
LOAD ./source/fft/vumeterRefresh.o
LOAD ./source/equalizer/equalizer.o
LOAD ./source/equalizer/math_helper.o
LOAD ./source/App.o
LOAD ./source/queue.o
LOAD ./drivers/SDK/SD/fsl_sd.o
LOAD ./drivers/SDK/SD/fsl_sdhc.o
LOAD ./drivers/SDK/SD/fsl_sdmmc_common.o
LOAD ./drivers/SDK/SD/fsl_sdmmc_host.o
LOAD ./drivers/SDK/SD/sdmmc_config.o
LOAD ./drivers/SDK/fsl_clock.o
LOAD ./drivers/SDK/fsl_common.o
LOAD ./drivers/SDK/fsl_dac.o
LOAD ./drivers/SDK/fsl_dmamux.o
LOAD ./drivers/SDK/fsl_dspi.o
LOAD ./drivers/SDK/fsl_edma.o
LOAD ./drivers/SDK/fsl_pdb.o
LOAD ./drivers/SDK/fsl_smc.o
LOAD ./drivers/SDK/fsl_sysmpu.o
LOAD ./drivers/MCAL/SysTick.o
LOAD ./drivers/MCAL/ftm.o
LOAD ./drivers/MCAL/gpio.o
LOAD ./drivers/HAL/AudioPlayer.o
LOAD ./drivers/HAL/LCD_GDM1602A.o
LOAD ./drivers/HAL/SPI_wrapper.o
LOAD ./drivers/HAL/Timer.o
LOAD ./drivers/HAL/button.o
LOAD ./drivers/HAL/decoder.o
LOAD ./drivers/HAL/encoder.o
LOAD ./drivers/HAL/matrix_display.o
LOAD ./drivers/HAL/memory_manager.o
LOAD ./device/system_MK64F12.o
LOAD ./component/lists/generic_list.o
LOAD ./component/id3/read_id3.o
LOAD ./component/helix/real/bitstream.o
LOAD ./component/helix/real/buffers.o
LOAD ./component/helix/real/dct32.o
LOAD ./component/helix/real/dequant.o
LOAD ./component/helix/real/dqchan.o
LOAD ./component/helix/real/huffman.o
LOAD ./component/helix/real/hufftabs.o
LOAD ./component/helix/real/imdct.o
LOAD ./component/helix/real/polyphase.o
LOAD ./component/helix/real/scalfact.o
LOAD ./component/helix/real/stproc.o
LOAD ./component/helix/real/subband.o
LOAD ./component/helix/real/trigtabs_fixpt.o
LOAD ./component/helix/mp3dec.o
LOAD ./component/helix/mp3tabs.o
LOAD ./component/fatfs/fsl_sd_disk/fsl_sd_disk.o
LOAD ./component/fatfs/diskio.o
LOAD ./component/fatfs/ff.o
LOAD ./component/fatfs/ffsystem.o
LOAD ./component/fatfs/ffunicode.o
LOAD D:\Facultad\GitMicros\TpFinal\SDTest\SDProject\libs\libarm_cortexM4lf_math.a
START GROUP
LOAD c:/nxp/mcuxpressoide_11.3.0_5222/ide/plugins/com.nxp.mcuxpresso.tools.win32_11.3.0.202008311133/tools/bin/../lib/gcc/arm-none-eabi/9.3.1/../../../../arm-none-eabi/lib/thumb/v7e-m+fp/hard\libcr_semihost_nf.a
LOAD c:/nxp/mcuxpressoide_11.3.0_5222/ide/plugins/com.nxp.mcuxpresso.tools.win32_11.3.0.202008311133/tools/bin/../lib/gcc/arm-none-eabi/9.3.1/../../../../arm-none-eabi/lib/thumb/v7e-m+fp/hard\libcr_c.a
LOAD c:/nxp/mcuxpressoide_11.3.0_5222/ide/plugins/com.nxp.mcuxpresso.tools.win32_11.3.0.202008311133/tools/bin/../lib/gcc/arm-none-eabi/9.3.1/thumb/v7e-m+fp/hard\libcr_eabihelpers.a
LOAD c:/nxp/mcuxpressoide_11.3.0_5222/ide/plugins/com.nxp.mcuxpresso.tools.win32_11.3.0.202008311133/tools/bin/../lib/gcc/arm-none-eabi/9.3.1/thumb/v7e-m+fp/hard\libgcc.a
END GROUP
                0x00000000                __base_PROGRAM_FLASH = 0x0
                0x00000000                __base_Flash = 0x0
                0x00100000                __top_PROGRAM_FLASH = 0x100000
                0x00100000                __top_Flash = 0x100000
                0x20000000                __base_SRAM_UPPER = 0x20000000
                0x20000000                __base_RAM = 0x20000000
                0x20030000                __top_SRAM_UPPER = 0x20030000
                0x20030000                __top_RAM = 0x20030000
                0x1fff0000                __base_SRAM_LOWER = 0x1fff0000
                0x1fff0000                __base_RAM2 = 0x1fff0000
                0x20000000                __top_SRAM_LOWER = 0x20000000
                0x20000000                __top_RAM2 = 0x20000000
                0x14000000                __base_FLEX_RAM = 0x14000000
                0x14000000                __base_RAM3 = 0x14000000
                0x14001000                __top_FLEX_RAM = 0x14001000
                0x14001000                __top_RAM3 = 0x14001000

.text           0x00000000    0x2c9b0
 FILL mask 0xff
                0x00000000                __vectors_start__ = ABSOLUTE (.)
 *(SORT_BY_ALIGNMENT(.isr_vector))
 .isr_vector    0x00000000      0x198 ./startup/startup_mk64f12.o
                0x00000000                g_pfnVectors
                0x00000000                __Vectors
                0x00000198                . = ALIGN (0x4)
                0x00000198                __section_table_start = .
                0x00000198                __data_section_table = .
                0x00000198        0x4 LONG 0x2c9b0 LOADADDR (.data)
                0x0000019c        0x4 LONG 0x20000000 ADDR (.data)
                0x000001a0        0x4 LONG 0x50 SIZEOF (.data)
                0x000001a4        0x4 LONG 0x2c9b0 LOADADDR (.data_RAM2)
                0x000001a8        0x4 LONG 0x1fff0000 ADDR (.data_RAM2)
                0x000001ac        0x4 LONG 0x0 SIZEOF (.data_RAM2)
                0x000001b0        0x4 LONG 0x2c9b0 LOADADDR (.data_RAM3)
                0x000001b4        0x4 LONG 0x14000000 ADDR (.data_RAM3)
                0x000001b8        0x4 LONG 0x0 SIZEOF (.data_RAM3)
                0x000001bc                __data_section_table_end = .
                0x000001bc                __bss_section_table = .
                0x000001bc        0x4 LONG 0x20000050 ADDR (.bss)
                0x000001c0        0x4 LONG 0x1c040 SIZEOF (.bss)
                0x000001c4        0x4 LONG 0x1fff0000 ADDR (.bss_RAM2)
                0x000001c8        0x4 LONG 0x0 SIZEOF (.bss_RAM2)
                0x000001cc        0x4 LONG 0x14000000 ADDR (.bss_RAM3)
                0x000001d0        0x4 LONG 0x0 SIZEOF (.bss_RAM3)
                0x000001d4                __bss_section_table_end = .
                0x000001d4                __section_table_end = .
 *(SORT_BY_ALIGNMENT(.after_vectors*))
 .after_vectors
                0x000001d4       0x28 ./startup/startup_mk64f12.o
                0x000001d4                NMI_Handler
                0x000001dc                MemManage_Handler
                0x000001e0                BusFault_Handler
                0x000001e4                UsageFault_Handler
                0x000001e8                SVC_Handler
                0x000001ec                DebugMon_Handler
                0x000001f0                PendSV_Handler
                0x000001f8                FTM2_DriverIRQHandler
                0x000001f8                PIT2_DriverIRQHandler
                0x000001f8                I2S0_Tx_DriverIRQHandler
                0x000001f8                RTC_Seconds_DriverIRQHandler
                0x000001f8                LLWU_DriverIRQHandler
                0x000001f8                MCM_DriverIRQHandler
                0x000001f8                MCG_DriverIRQHandler
                0x000001f8                ENET_1588_Timer_DriverIRQHandler
                0x000001f8                I2C2_DriverIRQHandler
                0x000001f8                DAC1_DriverIRQHandler
                0x000001f8                FTM1_DriverIRQHandler
                0x000001f8                CMP1_DriverIRQHandler
                0x000001f8                UART5_RX_TX_DriverIRQHandler
                0x000001f8                FTM0_DriverIRQHandler
                0x000001f8                IntDefaultHandler
                0x000001f8                USB0_DriverIRQHandler
                0x000001f8                UART5_ERR_DriverIRQHandler
                0x000001f8                PORTC_DriverIRQHandler
                0x000001f8                DAC0_DriverIRQHandler
                0x000001f8                CMP2_DriverIRQHandler
                0x000001f8                UART2_ERR_DriverIRQHandler
                0x000001f8                LVD_LVW_DriverIRQHandler
                0x000001f8                PIT0_DriverIRQHandler
                0x000001f8                RNG_DriverIRQHandler
                0x000001f8                DMA_Error_DriverIRQHandler
                0x000001f8                USBDCD_DriverIRQHandler
                0x000001f8                UART3_ERR_DriverIRQHandler
                0x000001f8                UART0_ERR_DriverIRQHandler
                0x000001f8                CMT_DriverIRQHandler
                0x000001f8                Reserved71_DriverIRQHandler
                0x000001f8                ADC1_DriverIRQHandler
                0x000001f8                PORTA_DriverIRQHandler
                0x000001f8                PIT3_DriverIRQHandler
                0x000001f8                PIT1_DriverIRQHandler
                0x000001f8                WDOG_EWM_DriverIRQHandler
                0x000001f8                PDB0_DriverIRQHandler
                0x000001f8                RTC_DriverIRQHandler
                0x000001f8                I2S0_Rx_DriverIRQHandler
                0x000001f8                Read_Collision_DriverIRQHandler
                0x000001f8                SWI_DriverIRQHandler
                0x000001f8                UART4_RX_TX_DriverIRQHandler
                0x000001f8                UART4_ERR_DriverIRQHandler
                0x000001f8                LPTMR0_DriverIRQHandler
                0x000001f8                UART0_LON_DriverIRQHandler
                0x000001f8                PORTB_DriverIRQHandler
                0x000001f8                I2C1_DriverIRQHandler
                0x000001f8                UART3_RX_TX_DriverIRQHandler
                0x000001f8                ENET_Receive_DriverIRQHandler
                0x000001f8                ENET_Error_DriverIRQHandler
                0x000001f8                UART0_RX_TX_DriverIRQHandler
                0x000001f8                ADC0_DriverIRQHandler
                0x000001f8                CMP0_DriverIRQHandler
                0x000001f8                CAN0_DriverIRQHandler
                0x000001f8                FTM3_DriverIRQHandler
                0x000001f8                UART2_RX_TX_DriverIRQHandler
                0x000001f8                UART1_ERR_DriverIRQHandler
                0x000001f8                ENET_Transmit_DriverIRQHandler
                0x000001f8                PORTD_DriverIRQHandler
                0x000001f8                PORTE_DriverIRQHandler
                0x000001f8                FTFE_DriverIRQHandler
                0x000001f8                I2C0_DriverIRQHandler
                0x000001f8                UART1_RX_TX_DriverIRQHandler
 .after_vectors.init_data
                0x000001fc       0x20 ./startup/startup_mk64f12.o
                0x000001fc                data_init
 .after_vectors.init_bss
                0x0000021c       0x14 ./startup/startup_mk64f12.o
                0x0000021c                bss_init
 .after_vectors.reset
                0x00000230       0x50 ./startup/startup_mk64f12.o
                0x00000230                ResetISR
                0x00000400                . = 0x400
 *fill*         0x00000280      0x180 ff
                0x00000400                PROVIDE (__FLASH_CONFIG_START__ = .)
 *(SORT_BY_ALIGNMENT(.FlashConfig))
 .FlashConfig   0x00000400       0x10 ./startup/startup_mk64f12.o
                0x00000400                Flash_Config
                0x00000410                PROVIDE (__FLASH_CONFIG_END__ = .)
                0x00000001                ASSERT (! ((__FLASH_CONFIG_START__ == __FLASH_CONFIG_END__)), Linker Flash Config Support Enabled, but no .FlashConfig section provided within application)
 *(SORT_BY_ALIGNMENT(.text*))
 .text.hw_Init  0x00000410       0xbc ./startup/hardware.o
                0x00000410                hw_Init
 .text.hw_EnableInterrupts
                0x000004cc       0x14 ./startup/hardware.o
                0x000004cc                hw_EnableInterrupts
 .text.hw_DisableInterrupts
                0x000004e0       0x10 ./startup/hardware.o
                0x000004e0                hw_DisableInterrupts
 .text.startup.main
                0x000004f0       0x18 ./startup/main.o
                0x000004f0                main
 .text.HardFault_Handler
                0x00000508       0x2c ./startup/semihost_hardfault.o
                0x00000508                HardFault_Handler
 .text.DMA0_IRQHandler
                0x00000534        0x8 ./startup/startup_mk64f12.o
                0x00000534                DMA0_IRQHandler
 .text.DMA1_IRQHandler
                0x0000053c        0x8 ./startup/startup_mk64f12.o
                0x0000053c                DMA1_IRQHandler
 .text.DMA2_IRQHandler
                0x00000544        0x8 ./startup/startup_mk64f12.o
                0x00000544                DMA2_IRQHandler
 .text.DMA3_IRQHandler
                0x0000054c        0x8 ./startup/startup_mk64f12.o
                0x0000054c                DMA3_IRQHandler
 .text.DMA4_IRQHandler
                0x00000554        0x8 ./startup/startup_mk64f12.o
                0x00000554                DMA4_IRQHandler
 .text.DMA5_IRQHandler
                0x0000055c        0x8 ./startup/startup_mk64f12.o
                0x0000055c                DMA5_IRQHandler
 .text.DMA6_IRQHandler
                0x00000564        0x8 ./startup/startup_mk64f12.o
                0x00000564                DMA6_IRQHandler
 .text.DMA7_IRQHandler
                0x0000056c        0x8 ./startup/startup_mk64f12.o
                0x0000056c                DMA7_IRQHandler
 .text.DMA8_IRQHandler
                0x00000574        0x8 ./startup/startup_mk64f12.o
                0x00000574                DMA8_IRQHandler
 .text.DMA9_IRQHandler
                0x0000057c        0x8 ./startup/startup_mk64f12.o
                0x0000057c                DMA9_IRQHandler
 .text.DMA10_IRQHandler
                0x00000584        0x8 ./startup/startup_mk64f12.o
                0x00000584                DMA10_IRQHandler
 .text.DMA11_IRQHandler
                0x0000058c        0x8 ./startup/startup_mk64f12.o
                0x0000058c                DMA11_IRQHandler
 .text.DMA12_IRQHandler
                0x00000594        0x8 ./startup/startup_mk64f12.o
                0x00000594                DMA12_IRQHandler
 .text.DMA13_IRQHandler
                0x0000059c        0x8 ./startup/startup_mk64f12.o
                0x0000059c                DMA13_IRQHandler
 .text.DMA14_IRQHandler
                0x000005a4        0x8 ./startup/startup_mk64f12.o
                0x000005a4                DMA14_IRQHandler
 .text.DMA15_IRQHandler
                0x000005ac        0x8 ./startup/startup_mk64f12.o
                0x000005ac                DMA15_IRQHandler
 .text.DMA_Error_IRQHandler
                0x000005b4        0x8 ./startup/startup_mk64f12.o
                0x000005b4                DMA_Error_IRQHandler
 .text.MCM_IRQHandler
                0x000005bc        0x8 ./startup/startup_mk64f12.o
                0x000005bc                MCM_IRQHandler
 .text.FTFE_IRQHandler
                0x000005c4        0x8 ./startup/startup_mk64f12.o
                0x000005c4                FTFE_IRQHandler
 .text.Read_Collision_IRQHandler
                0x000005cc        0x8 ./startup/startup_mk64f12.o
                0x000005cc                Read_Collision_IRQHandler
 .text.LVD_LVW_IRQHandler
                0x000005d4        0x8 ./startup/startup_mk64f12.o
                0x000005d4                LVD_LVW_IRQHandler
 .text.LLWU_IRQHandler
                0x000005dc        0x8 ./startup/startup_mk64f12.o
                0x000005dc                LLWU_IRQHandler
 .text.WDOG_EWM_IRQHandler
                0x000005e4        0x8 ./startup/startup_mk64f12.o
                0x000005e4                WDOG_EWM_IRQHandler
 .text.RNG_IRQHandler
                0x000005ec        0x8 ./startup/startup_mk64f12.o
                0x000005ec                RNG_IRQHandler
 .text.I2C0_IRQHandler
                0x000005f4        0x8 ./startup/startup_mk64f12.o
                0x000005f4                I2C0_IRQHandler
 .text.I2C1_IRQHandler
                0x000005fc        0x8 ./startup/startup_mk64f12.o
                0x000005fc                I2C1_IRQHandler
 .text.SPI1_IRQHandler
                0x00000604        0x8 ./startup/startup_mk64f12.o
                0x00000604                SPI1_IRQHandler
 .text.I2S0_Tx_IRQHandler
                0x0000060c        0x8 ./startup/startup_mk64f12.o
                0x0000060c                I2S0_Tx_IRQHandler
 .text.I2S0_Rx_IRQHandler
                0x00000614        0x8 ./startup/startup_mk64f12.o
                0x00000614                I2S0_Rx_IRQHandler
 .text.UART0_LON_IRQHandler
                0x0000061c        0x8 ./startup/startup_mk64f12.o
                0x0000061c                UART0_LON_IRQHandler
 .text.UART0_RX_TX_IRQHandler
                0x00000624        0x8 ./startup/startup_mk64f12.o
                0x00000624                UART0_RX_TX_IRQHandler
 .text.UART0_ERR_IRQHandler
                0x0000062c        0x8 ./startup/startup_mk64f12.o
                0x0000062c                UART0_ERR_IRQHandler
 .text.UART1_RX_TX_IRQHandler
                0x00000634        0x8 ./startup/startup_mk64f12.o
                0x00000634                UART1_RX_TX_IRQHandler
 .text.UART1_ERR_IRQHandler
                0x0000063c        0x8 ./startup/startup_mk64f12.o
                0x0000063c                UART1_ERR_IRQHandler
 .text.UART2_RX_TX_IRQHandler
                0x00000644        0x8 ./startup/startup_mk64f12.o
                0x00000644                UART2_RX_TX_IRQHandler
 .text.UART2_ERR_IRQHandler
                0x0000064c        0x8 ./startup/startup_mk64f12.o
                0x0000064c                UART2_ERR_IRQHandler
 .text.UART3_RX_TX_IRQHandler
                0x00000654        0x8 ./startup/startup_mk64f12.o
                0x00000654                UART3_RX_TX_IRQHandler
 .text.UART3_ERR_IRQHandler
                0x0000065c        0x8 ./startup/startup_mk64f12.o
                0x0000065c                UART3_ERR_IRQHandler
 .text.ADC0_IRQHandler
                0x00000664        0x8 ./startup/startup_mk64f12.o
                0x00000664                ADC0_IRQHandler
 .text.CMP0_IRQHandler
                0x0000066c        0x8 ./startup/startup_mk64f12.o
                0x0000066c                CMP0_IRQHandler
 .text.CMP1_IRQHandler
                0x00000674        0x8 ./startup/startup_mk64f12.o
                0x00000674                CMP1_IRQHandler
 .text.FTM0_IRQHandler
                0x0000067c        0x8 ./startup/startup_mk64f12.o
                0x0000067c                FTM0_IRQHandler
 .text.FTM1_IRQHandler
                0x00000684        0x8 ./startup/startup_mk64f12.o
                0x00000684                FTM1_IRQHandler
 .text.FTM2_IRQHandler
                0x0000068c        0x8 ./startup/startup_mk64f12.o
                0x0000068c                FTM2_IRQHandler
 .text.CMT_IRQHandler
                0x00000694        0x8 ./startup/startup_mk64f12.o
                0x00000694                CMT_IRQHandler
 .text.RTC_IRQHandler
                0x0000069c        0x8 ./startup/startup_mk64f12.o
                0x0000069c                RTC_IRQHandler
 .text.RTC_Seconds_IRQHandler
                0x000006a4        0x8 ./startup/startup_mk64f12.o
                0x000006a4                RTC_Seconds_IRQHandler
 .text.PIT0_IRQHandler
                0x000006ac        0x8 ./startup/startup_mk64f12.o
                0x000006ac                PIT0_IRQHandler
 .text.PIT1_IRQHandler
                0x000006b4        0x8 ./startup/startup_mk64f12.o
                0x000006b4                PIT1_IRQHandler
 .text.PIT2_IRQHandler
                0x000006bc        0x8 ./startup/startup_mk64f12.o
                0x000006bc                PIT2_IRQHandler
 .text.PIT3_IRQHandler
                0x000006c4        0x8 ./startup/startup_mk64f12.o
                0x000006c4                PIT3_IRQHandler
 .text.PDB0_IRQHandler
                0x000006cc        0x8 ./startup/startup_mk64f12.o
                0x000006cc                PDB0_IRQHandler
 .text.USB0_IRQHandler
                0x000006d4        0x8 ./startup/startup_mk64f12.o
                0x000006d4                USB0_IRQHandler
 .text.USBDCD_IRQHandler
                0x000006dc        0x8 ./startup/startup_mk64f12.o
                0x000006dc                USBDCD_IRQHandler
 .text.Reserved71_IRQHandler
                0x000006e4        0x8 ./startup/startup_mk64f12.o
                0x000006e4                Reserved71_IRQHandler
 .text.DAC0_IRQHandler
                0x000006ec        0x8 ./startup/startup_mk64f12.o
                0x000006ec                DAC0_IRQHandler
 .text.MCG_IRQHandler
                0x000006f4        0x8 ./startup/startup_mk64f12.o
                0x000006f4                MCG_IRQHandler
 .text.LPTMR0_IRQHandler
                0x000006fc        0x8 ./startup/startup_mk64f12.o
                0x000006fc                LPTMR0_IRQHandler
 .text.SWI_IRQHandler
                0x00000704        0x8 ./startup/startup_mk64f12.o
                0x00000704                SWI_IRQHandler
 .text.SPI2_IRQHandler
                0x0000070c        0x8 ./startup/startup_mk64f12.o
                0x0000070c                SPI2_IRQHandler
 .text.UART4_RX_TX_IRQHandler
                0x00000714        0x8 ./startup/startup_mk64f12.o
                0x00000714                UART4_RX_TX_IRQHandler
 .text.UART4_ERR_IRQHandler
                0x0000071c        0x8 ./startup/startup_mk64f12.o
                0x0000071c                UART4_ERR_IRQHandler
 .text.UART5_RX_TX_IRQHandler
                0x00000724        0x8 ./startup/startup_mk64f12.o
                0x00000724                UART5_RX_TX_IRQHandler
 .text.UART5_ERR_IRQHandler
                0x0000072c        0x8 ./startup/startup_mk64f12.o
                0x0000072c                UART5_ERR_IRQHandler
 .text.CMP2_IRQHandler
                0x00000734        0x8 ./startup/startup_mk64f12.o
                0x00000734                CMP2_IRQHandler
 .text.FTM3_IRQHandler
                0x0000073c        0x8 ./startup/startup_mk64f12.o
                0x0000073c                FTM3_IRQHandler
 .text.DAC1_IRQHandler
                0x00000744        0x8 ./startup/startup_mk64f12.o
                0x00000744                DAC1_IRQHandler
 .text.ADC1_IRQHandler
                0x0000074c        0x8 ./startup/startup_mk64f12.o
                0x0000074c                ADC1_IRQHandler
 .text.I2C2_IRQHandler
                0x00000754        0x8 ./startup/startup_mk64f12.o
                0x00000754                I2C2_IRQHandler
 .text.CAN0_ORed_Message_buffer_IRQHandler
                0x0000075c        0x8 ./startup/startup_mk64f12.o
                0x0000075c                CAN0_ORed_Message_buffer_IRQHandler
 .text.CAN0_Bus_Off_IRQHandler
                0x00000764        0x4 ./startup/startup_mk64f12.o
                0x00000764                CAN0_Bus_Off_IRQHandler
 .text.CAN0_Error_IRQHandler
                0x00000768        0x4 ./startup/startup_mk64f12.o
                0x00000768                CAN0_Error_IRQHandler
 .text.CAN0_Tx_Warning_IRQHandler
                0x0000076c        0x4 ./startup/startup_mk64f12.o
                0x0000076c                CAN0_Tx_Warning_IRQHandler
 .text.CAN0_Rx_Warning_IRQHandler
                0x00000770        0x4 ./startup/startup_mk64f12.o
                0x00000770                CAN0_Rx_Warning_IRQHandler
 .text.CAN0_Wake_Up_IRQHandler
                0x00000774        0x4 ./startup/startup_mk64f12.o
                0x00000774                CAN0_Wake_Up_IRQHandler
 .text.SDHC_IRQHandler
                0x00000778        0x8 ./startup/startup_mk64f12.o
                0x00000778                SDHC_IRQHandler
 .text.ENET_1588_Timer_IRQHandler
                0x00000780        0x8 ./startup/startup_mk64f12.o
                0x00000780                ENET_1588_Timer_IRQHandler
 .text.ENET_Transmit_IRQHandler
                0x00000788        0x8 ./startup/startup_mk64f12.o
                0x00000788                ENET_Transmit_IRQHandler
 .text.ENET_Receive_IRQHandler
                0x00000790        0x8 ./startup/startup_mk64f12.o
                0x00000790                ENET_Receive_IRQHandler
 .text.ENET_Error_IRQHandler
                0x00000798        0x8 ./startup/startup_mk64f12.o
                0x00000798                ENET_Error_IRQHandler
 .text.FileSystem_GetFirstFile.part.0
                0x000007a0       0x18 ./source/file_manager/file_system_manager.o
 .text.FileSystem_isMp3File
                0x000007b8       0x1c ./source/file_manager/file_system_manager.o
                0x000007b8                FileSystem_isMp3File
 .text.FileSystem_AddFile
                0x000007d4       0x2c ./source/file_manager/file_system_manager.o
                0x000007d4                FileSystem_AddFile
 .text.FileSystem_GetFirstFile
                0x00000800       0x28 ./source/file_manager/file_system_manager.o
                0x00000800                FileSystem_GetFirstFile
 .text.FileSystem_GetNextFile
                0x00000828       0x40 ./source/file_manager/file_system_manager.o
                0x00000828                FileSystem_GetNextFile
 .text.FileSystem_GetPreviousFile
                0x00000868       0x40 ./source/file_manager/file_system_manager.o
                0x00000868                FileSystem_GetPreviousFile
 .text.FileSystem_GetFilesCount
                0x000008a8        0xc ./source/file_manager/file_system_manager.o
                0x000008a8                FileSystem_GetFilesCount
 .text.vumeterRefresh_init
                0x000008b4       0x10 ./source/fft/vumeterRefresh.o
                0x000008b4                vumeterRefresh_init
 .text.equalizer_init
                0x000008c4       0xcc ./source/equalizer/equalizer.o
                0x000008c4                equalizer_init
 .text.equalizer_equalize
                0x00000990       0xdc ./source/equalizer/equalizer.o
                0x00000990                equalizer_equalize
 .text.aux      0x00000a6c       0x18 ./source/App.o
                0x00000a6c                aux
 .text.getEvents
                0x00000a84      0x1f8 ./source/App.o
                0x00000a84                getEvents
 .text.App_Init
                0x00000c7c       0x9c ./source/App.o
                0x00000c7c                App_Init
 .text.fillBuffer
                0x00000d18      0x288 ./source/App.o
                0x00000d18                fillBuffer
 .text.App_Run  0x00000fa0      0x118 ./source/App.o
                0x00000fa0                App_Run
 .text.SD_WaitWriteComplete
                0x000010b8       0xa4 ./drivers/SDK/SD/fsl_sd.o
 .text.SD_SelectFunction
                0x0000115c      0x1d0 ./drivers/SDK/SD/fsl_sd.o
 .text.SD_ReadStatus
                0x0000132c      0x208 ./drivers/SDK/SD/fsl_sd.o
                0x0000132c                SD_ReadStatus
 .text.SD_ReadBlocks
                0x00001534      0x1ec ./drivers/SDK/SD/fsl_sd.o
                0x00001534                SD_ReadBlocks
 .text.SD_ProbeBusVoltage
                0x00001720      0x120 ./drivers/SDK/SD/fsl_sd.o
                0x00001720                SD_ProbeBusVoltage
 .text.SD_CardInit
                0x00001840      0x56c ./drivers/SDK/SD/fsl_sd.o
                0x00001840                SD_CardInit
 .text.SD_CardDeinit
                0x00001dac       0x18 ./drivers/SDK/SD/fsl_sd.o
                0x00001dac                SD_CardDeinit
 .text.SD_HostInit
                0x00001dc4       0x50 ./drivers/SDK/SD/fsl_sd.o
                0x00001dc4                SD_HostInit
 .text.SDHC_ReceiveCommandResponse
                0x00001e14       0x60 ./drivers/SDK/SD/fsl_sdhc.o
 .text.SDHC_TransferHandleIRQ
                0x00001e74      0x1cc ./drivers/SDK/SD/fsl_sdhc.o
                0x00001e74                SDHC_TransferHandleIRQ
 .text.SDHC_Init
                0x00002040       0xc4 ./drivers/SDK/SD/fsl_sdhc.o
                0x00002040                SDHC_Init
 .text.SDHC_Reset
                0x00002104       0x34 ./drivers/SDK/SD/fsl_sdhc.o
                0x00002104                SDHC_Reset
 .text.SDHC_SetSdClock
                0x00002138       0xd0 ./drivers/SDK/SD/fsl_sdhc.o
                0x00002138                SDHC_SetSdClock
 .text.SDHC_SetCardActive
                0x00002208       0x28 ./drivers/SDK/SD/fsl_sdhc.o
                0x00002208                SDHC_SetCardActive
 .text.SDHC_SetAdmaTableConfig
                0x00002230       0xa8 ./drivers/SDK/SD/fsl_sdhc.o
                0x00002230                SDHC_SetAdmaTableConfig
 .text.SDHC_TransferBlocking
                0x000022d8      0x304 ./drivers/SDK/SD/fsl_sdhc.o
                0x000022d8                SDHC_TransferBlocking
 .text.SDHC_TransferCreateHandle
                0x000025dc       0x7c ./drivers/SDK/SD/fsl_sdhc.o
                0x000025dc                SDHC_TransferCreateHandle
 .text.SDHC_DriverIRQHandler
                0x00002658       0x2c ./drivers/SDK/SD/fsl_sdhc.o
                0x00002658                SDHC_DriverIRQHandler
 .text.SDMMC_SelectCard
                0x00002684       0x4c ./drivers/SDK/SD/fsl_sdmmc_common.o
                0x00002684                SDMMC_SelectCard
 .text.SDMMC_SendApplicationCommand
                0x000026d0       0x54 ./drivers/SDK/SD/fsl_sdmmc_common.o
                0x000026d0                SDMMC_SendApplicationCommand
 .text.SDMMC_GoIdle
                0x00002724       0x34 ./drivers/SDK/SD/fsl_sdmmc_common.o
                0x00002724                SDMMC_GoIdle
 .text.SDMMC_SetBlockSize
                0x00002758       0x44 ./drivers/SDK/SD/fsl_sdmmc_common.o
                0x00002758                SDMMC_SetBlockSize
 .text.SDMMCHOST_DetectCardInsertByHost
                0x0000279c       0x1c ./drivers/SDK/SD/fsl_sdmmc_host.o
 .text.SDMMCHOST_DetectCardRemoveByHost
                0x000027b8       0x14 ./drivers/SDK/SD/fsl_sdmmc_host.o
 .text.SDMMCHOST_TransferCompleteCallback
                0x000027cc        0x4 ./drivers/SDK/SD/fsl_sdmmc_host.o
 .text.SDMMCHOST_CardDetectInit
                0x000027d0       0x50 ./drivers/SDK/SD/fsl_sdmmc_host.o
                0x000027d0                SDMMCHOST_CardDetectInit
 .text.SDMMCHOST_TransferFunction
                0x00002820       0x50 ./drivers/SDK/SD/fsl_sdmmc_host.o
                0x00002820                SDMMCHOST_TransferFunction
 .text.SDMMCHOST_Init
                0x00002870       0x70 ./drivers/SDK/SD/fsl_sdmmc_host.o
                0x00002870                SDMMCHOST_Init
 .text.SDMMCHOST_SetCardBusWidth
                0x000028e0       0x18 ./drivers/SDK/SD/fsl_sdmmc_host.o
                0x000028e0                SDMMCHOST_SetCardBusWidth
 .text.BOARD_SDCardGetDetectStatus
                0x000028f8        0x8 ./drivers/SDK/SD/sdmmc_config.o
                0x000028f8                BOARD_SDCardGetDetectStatus
 .text.BOARD_SDDetectCallback
                0x00002900       0x20 ./drivers/SDK/SD/sdmmc_config.o
                0x00002900                BOARD_SDDetectCallback
 .text.BOARD_SD_Config
                0x00002920       0xc0 ./drivers/SDK/SD/sdmmc_config.o
                0x00002920                BOARD_SD_Config
 .text.DAC_Init
                0x000029e0       0x60 ./drivers/SDK/fsl_dac.o
                0x000029e0                DAC_Init
 .text.DAC_GetDefaultConfig
                0x00002a40       0x24 ./drivers/SDK/fsl_dac.o
                0x00002a40                DAC_GetDefaultConfig
 .text.DAC_SetBufferConfig
                0x00002a64       0x5c ./drivers/SDK/fsl_dac.o
                0x00002a64                DAC_SetBufferConfig
 .text.DAC_GetDefaultBufferConfig
                0x00002ac0       0x24 ./drivers/SDK/fsl_dac.o
                0x00002ac0                DAC_GetDefaultBufferConfig
 .text.DAC_SetBufferReadPointer
                0x00002ae4       0x24 ./drivers/SDK/fsl_dac.o
                0x00002ae4                DAC_SetBufferReadPointer
 .text.DAC_EnableBufferInterrupts
                0x00002b08       0x10 ./drivers/SDK/fsl_dac.o
                0x00002b08                DAC_EnableBufferInterrupts
 .text.DMAMUX_Init
                0x00002b18       0x28 ./drivers/SDK/fsl_dmamux.o
                0x00002b18                DMAMUX_Init
 .text.DSPI_MasterGetDefaultConfig
                0x00002b40       0x40 ./drivers/SDK/fsl_dspi.o
                0x00002b40                DSPI_MasterGetDefaultConfig
 .text.DSPI_MasterSetDelayScaler
                0x00002b80       0x88 ./drivers/SDK/fsl_dspi.o
                0x00002b80                DSPI_MasterSetDelayScaler
 .text.DSPI_MasterSetDelayTimes.part.0
                0x00002c08       0xf4 ./drivers/SDK/fsl_dspi.o
 .text.DSPI_MasterInit
                0x00002cfc      0x274 ./drivers/SDK/fsl_dspi.o
                0x00002cfc                DSPI_MasterInit
 .text.DSPI_EnableInterrupts
                0x00002f70       0x20 ./drivers/SDK/fsl_dspi.o
                0x00002f70                DSPI_EnableInterrupts
 .text.SPI1_DriverIRQHandler
                0x00002f90       0x38 ./drivers/SDK/fsl_dspi.o
                0x00002f90                SPI1_DriverIRQHandler
 .text.SPI2_DriverIRQHandler
                0x00002fc8       0x38 ./drivers/SDK/fsl_dspi.o
                0x00002fc8                SPI2_DriverIRQHandler
 .text.EDMA_Init
                0x00003000       0x64 ./drivers/SDK/fsl_edma.o
                0x00003000                EDMA_Init
 .text.EDMA_GetDefaultConfig
                0x00003064       0x24 ./drivers/SDK/fsl_edma.o
                0x00003064                EDMA_GetDefaultConfig
 .text.EDMA_SetTransferConfig
                0x00003088       0xb4 ./drivers/SDK/fsl_edma.o
                0x00003088                EDMA_SetTransferConfig
 .text.EDMA_EnableChannelInterrupts
                0x0000313c       0x4c ./drivers/SDK/fsl_edma.o
                0x0000313c                EDMA_EnableChannelInterrupts
 .text.EDMA_TcdSetTransferConfig
                0x00003188       0xa8 ./drivers/SDK/fsl_edma.o
                0x00003188                EDMA_TcdSetTransferConfig
 .text.EDMA_ClearChannelStatusFlags
                0x00003230       0x2c ./drivers/SDK/fsl_edma.o
                0x00003230                EDMA_ClearChannelStatusFlags
 .text.EDMA_CreateHandle
                0x0000325c       0x98 ./drivers/SDK/fsl_edma.o
                0x0000325c                EDMA_CreateHandle
 .text.EDMA_SetCallback
                0x000032f4       0x14 ./drivers/SDK/fsl_edma.o
                0x000032f4                EDMA_SetCallback
 .text.EDMA_PrepareTransfer
                0x00003308      0x1b4 ./drivers/SDK/fsl_edma.o
                0x00003308                EDMA_PrepareTransfer
 .text.EDMA_SubmitTransfer
                0x000034bc      0x2d8 ./drivers/SDK/fsl_edma.o
                0x000034bc                EDMA_SubmitTransfer
 .text.EDMA_StartTransfer
                0x00003794       0x5c ./drivers/SDK/fsl_edma.o
                0x00003794                EDMA_StartTransfer
 .text.DMA0_DriverIRQHandler
                0x000037f0       0xc8 ./drivers/SDK/fsl_edma.o
                0x000037f0                DMA0_DriverIRQHandler
 .text.DMA1_DriverIRQHandler
                0x000038b8       0xc8 ./drivers/SDK/fsl_edma.o
                0x000038b8                DMA1_DriverIRQHandler
 .text.DMA2_DriverIRQHandler
                0x00003980       0xc8 ./drivers/SDK/fsl_edma.o
                0x00003980                DMA2_DriverIRQHandler
 .text.DMA3_DriverIRQHandler
                0x00003a48       0xc8 ./drivers/SDK/fsl_edma.o
                0x00003a48                DMA3_DriverIRQHandler
 .text.DMA4_DriverIRQHandler
                0x00003b10       0xc8 ./drivers/SDK/fsl_edma.o
                0x00003b10                DMA4_DriverIRQHandler
 .text.DMA5_DriverIRQHandler
                0x00003bd8       0xc8 ./drivers/SDK/fsl_edma.o
                0x00003bd8                DMA5_DriverIRQHandler
 .text.DMA6_DriverIRQHandler
                0x00003ca0       0xc8 ./drivers/SDK/fsl_edma.o
                0x00003ca0                DMA6_DriverIRQHandler
 .text.DMA7_DriverIRQHandler
                0x00003d68       0xc8 ./drivers/SDK/fsl_edma.o
                0x00003d68                DMA7_DriverIRQHandler
 .text.DMA8_DriverIRQHandler
                0x00003e30       0xc8 ./drivers/SDK/fsl_edma.o
                0x00003e30                DMA8_DriverIRQHandler
 .text.DMA9_DriverIRQHandler
                0x00003ef8       0xc8 ./drivers/SDK/fsl_edma.o
                0x00003ef8                DMA9_DriverIRQHandler
 .text.DMA10_DriverIRQHandler
                0x00003fc0       0xc8 ./drivers/SDK/fsl_edma.o
                0x00003fc0                DMA10_DriverIRQHandler
 .text.DMA11_DriverIRQHandler
                0x00004088       0xc8 ./drivers/SDK/fsl_edma.o
                0x00004088                DMA11_DriverIRQHandler
 .text.DMA12_DriverIRQHandler
                0x00004150       0xc8 ./drivers/SDK/fsl_edma.o
                0x00004150                DMA12_DriverIRQHandler
 .text.DMA13_DriverIRQHandler
                0x00004218       0xc8 ./drivers/SDK/fsl_edma.o
                0x00004218                DMA13_DriverIRQHandler
 .text.DMA14_DriverIRQHandler
                0x000042e0       0xc8 ./drivers/SDK/fsl_edma.o
                0x000042e0                DMA14_DriverIRQHandler
 .text.DMA15_DriverIRQHandler
                0x000043a8       0xc8 ./drivers/SDK/fsl_edma.o
                0x000043a8                DMA15_DriverIRQHandler
 .text.PDB_Init
                0x00004470       0x78 ./drivers/SDK/fsl_pdb.o
                0x00004470                PDB_Init
 .text.PDB_GetDefaultConfig
                0x000044e8       0x24 ./drivers/SDK/fsl_pdb.o
                0x000044e8                PDB_GetDefaultConfig
 .text.PDB_SetDACTriggerConfig
                0x0000450c       0x3c ./drivers/SDK/fsl_pdb.o
                0x0000450c                PDB_SetDACTriggerConfig
 .text.SysTick_Init
                0x00004548       0x38 ./drivers/MCAL/SysTick.o
                0x00004548                SysTick_Init
 .text.SysTick_AddCallback
                0x00004580       0x48 ./drivers/MCAL/SysTick.o
                0x00004580                SysTick_AddCallback
 .text.Systick_ClrCallback
                0x000045c8       0xa4 ./drivers/MCAL/SysTick.o
                0x000045c8                Systick_ClrCallback
 .text.Systick_PauseCallback
                0x0000466c       0x4c ./drivers/MCAL/SysTick.o
                0x0000466c                Systick_PauseCallback
 .text.Systick_ResumeCallback
                0x000046b8       0x4c ./drivers/MCAL/SysTick.o
                0x000046b8                Systick_ResumeCallback
 .text.Systick_ChangeCallbackPeriod
                0x00004704       0x58 ./drivers/MCAL/SysTick.o
                0x00004704                Systick_ChangeCallbackPeriod
 .text.Systick_GetStatus
                0x0000475c       0x4c ./drivers/MCAL/SysTick.o
                0x0000475c                Systick_GetStatus
 .text.SysTick_Handler
                0x000047a8       0x50 ./drivers/MCAL/SysTick.o
                0x000047a8                SysTick_Handler
 .text.__NVIC_EnableIRQ
                0x000047f8       0x3c ./drivers/MCAL/ftm.o
 .text.PWM_Init
                0x00004834      0x168 ./drivers/MCAL/ftm.o
                0x00004834                PWM_Init
 .text.FTM_SetPrescaler
                0x0000499c       0x40 ./drivers/MCAL/ftm.o
                0x0000499c                FTM_SetPrescaler
 .text.FTM_SetModulus
                0x000049dc       0x3c ./drivers/MCAL/ftm.o
                0x000049dc                FTM_SetModulus
 .text.FTM_StartClock
                0x00004a18       0x30 ./drivers/MCAL/ftm.o
                0x00004a18                FTM_StartClock
 .text.FTM_StopClock
                0x00004a48       0x30 ./drivers/MCAL/ftm.o
                0x00004a48                FTM_StopClock
 .text.FTM_SetWorkingMode
                0x00004a78       0x60 ./drivers/MCAL/ftm.o
                0x00004a78                FTM_SetWorkingMode
 .text.FTM_SetPulseWidthModulationLogic
                0x00004ad8       0x60 ./drivers/MCAL/ftm.o
                0x00004ad8                FTM_SetPulseWidthModulationLogic
 .text.FTM_SetCounter
                0x00004b38       0x3c ./drivers/MCAL/ftm.o
                0x00004b38                FTM_SetCounter
 .text.FTM_SetInterruptMode
                0x00004b74       0x54 ./drivers/MCAL/ftm.o
                0x00004b74                FTM_SetInterruptMode
 .text.FTM_IsInterruptPending
                0x00004bc8       0x44 ./drivers/MCAL/ftm.o
                0x00004bc8                FTM_IsInterruptPending
 .text.FTM_DmaMode
                0x00004c0c       0x4c ./drivers/MCAL/ftm.o
                0x00004c0c                FTM_DmaMode
 .text.FTM_onOM
                0x00004c58       0x54 ./drivers/MCAL/ftm.o
                0x00004c58                FTM_onOM
 .text.FTM_offOM
                0x00004cac       0x44 ./drivers/MCAL/ftm.o
                0x00004cac                FTM_offOM
 .text.FTM_GetCnVAddress
                0x00004cf0       0x38 ./drivers/MCAL/ftm.o
                0x00004cf0                FTM_GetCnVAddress
 .text.gpioMode
                0x00004d28       0x9c ./drivers/MCAL/gpio.o
                0x00004d28                gpioMode
 .text.gpioRead
                0x00004dc4       0x24 ./drivers/MCAL/gpio.o
                0x00004dc4                gpioRead
 .text.gpioIRQ  0x00004de8       0x5c ./drivers/MCAL/gpio.o
                0x00004de8                gpioIRQ
 .text.PORTA_IRQHandler
                0x00004e44       0x54 ./drivers/MCAL/gpio.o
                0x00004e44                PORTA_IRQHandler
 .text.PORTB_IRQHandler
                0x00004e98       0x54 ./drivers/MCAL/gpio.o
                0x00004e98                PORTB_IRQHandler
 .text.PORTC_IRQHandler
                0x00004eec       0x54 ./drivers/MCAL/gpio.o
                0x00004eec                PORTC_IRQHandler
 .text.PORTD_IRQHandler
                0x00004f40       0x54 ./drivers/MCAL/gpio.o
                0x00004f40                PORTD_IRQHandler
 .text.PORTE_IRQHandler
                0x00004f94       0x54 ./drivers/MCAL/gpio.o
                0x00004f94                PORTE_IRQHandler
 .text.Edma_Callback
                0x00004fe8       0xa0 ./drivers/HAL/AudioPlayer.o
 .text.AudioPlayer_Init
                0x00005088       0xe8 ./drivers/HAL/AudioPlayer.o
                0x00005088                AudioPlayer_Init
 .text.AudioPlayer_UpdateSampleRate
                0x00005170      0x16c ./drivers/HAL/AudioPlayer.o
                0x00005170                AudioPlayer_UpdateSampleRate
 .text.AudioPlayer_LoadSongInfo
                0x000052dc       0x38 ./drivers/HAL/AudioPlayer.o
                0x000052dc                AudioPlayer_LoadSongInfo
 .text.AudioPlayer_UpdateBackBuffer
                0x00005314       0x28 ./drivers/HAL/AudioPlayer.o
                0x00005314                AudioPlayer_UpdateBackBuffer
 .text.AudioPlayer_IsBackBufferFree
                0x0000533c        0xc ./drivers/HAL/AudioPlayer.o
                0x0000533c                AudioPlayer_IsBackBufferFree
 .text.AudioPlayer_Play
                0x00005348       0xa0 ./drivers/HAL/AudioPlayer.o
                0x00005348                AudioPlayer_Play
 .text.AudioPlayer_Pause
                0x000053e8        0xc ./drivers/HAL/AudioPlayer.o
                0x000053e8                AudioPlayer_Pause
 .text.initRoutineSPICallback
                0x000053f4       0x1c ./drivers/HAL/LCD_GDM1602A.o
 .text.initRoutineTimerCallback
                0x00005410       0xe8 ./drivers/HAL/LCD_GDM1602A.o
 .text.shifttingCallback
                0x000054f8      0x2dc ./drivers/HAL/LCD_GDM1602A.o
 .text.LCD_Init
                0x000057d4       0x94 ./drivers/HAL/LCD_GDM1602A.o
                0x000057d4                LCD_Init
 .text.LCD_isInit
                0x00005868       0x14 ./drivers/HAL/LCD_GDM1602A.o
                0x00005868                LCD_isInit
 .text.LCD_writeStrInPos
                0x0000587c      0x10c ./drivers/HAL/LCD_GDM1602A.o
                0x0000587c                LCD_writeStrInPos
 .text.LCD_writeShiftingStr
                0x00005988      0x18c ./drivers/HAL/LCD_GDM1602A.o
                0x00005988                LCD_writeShiftingStr
 .text.SPI_Init
                0x00005b14      0x1d8 ./drivers/HAL/SPI_wrapper.o
                0x00005b14                SPI_Init
 .text.SPI_Send
                0x00005cec      0x188 ./drivers/HAL/SPI_wrapper.o
                0x00005cec                SPI_Send
 .text.SPI0_IRQHandler
                0x00005e74       0x98 ./drivers/HAL/SPI_wrapper.o
                0x00005e74                SPI0_IRQHandler
 .text.systick_callback
                0x00005f0c       0x78 ./drivers/HAL/button.o
 .text.buttonsInit
                0x00005f84        0xc ./drivers/HAL/button.o
                0x00005f84                buttonsInit
 .text.wasTap   0x00005f90       0x48 ./drivers/HAL/button.o
                0x00005f90                wasTap
 .text.buttonConfiguration
                0x00005fd8       0x98 ./drivers/HAL/button.o
                0x00005fd8                buttonConfiguration
 .text.decoder_ToBuffer
                0x00006070       0x78 ./drivers/HAL/decoder.o
 .text.decoder_MP3DecoderInit
                0x000060e8       0x44 ./drivers/HAL/decoder.o
                0x000060e8                decoder_MP3DecoderInit
 .text.decoder_MP3DecodedFrame
                0x0000612c      0x14c ./drivers/HAL/decoder.o
                0x0000612c                decoder_MP3DecodedFrame
 .text.decoder_MP3GetLastFrameChannelCount
                0x00006278       0x28 ./drivers/HAL/decoder.o
                0x00006278                decoder_MP3GetLastFrameChannelCount
 .text.decoder_readID3Tag
                0x000062a0       0xd8 ./drivers/HAL/decoder.o
                0x000062a0                decoder_readID3Tag
 .text.decoder_MP3LoadFile
                0x00006378       0x7c ./drivers/HAL/decoder.o
                0x00006378                decoder_MP3LoadFile
 .text.md_dmaCallback
                0x000063f4       0x44 ./drivers/HAL/matrix_display.o
 .text.md_timerCallback
                0x00006438       0x9c ./drivers/HAL/matrix_display.o
 .text.md_Init  0x000064d4      0x184 ./drivers/HAL/matrix_display.o
                0x000064d4                md_Init
 .text.Mm_ScanFiles
                0x00006658       0xa8 ./drivers/HAL/memory_manager.o
 .text.Mm_Callback
                0x00006700       0xa4 ./drivers/HAL/memory_manager.o
 .text.Mm_Init  0x000067a4       0xb8 ./drivers/HAL/memory_manager.o
                0x000067a4                Mm_Init
 .text.SystemInitHook
                0x0000685c        0x4 ./device/system_MK64F12.o
                0x0000685c                SystemInitHook
 .text.SystemInit
                0x00006860       0x34 ./device/system_MK64F12.o
                0x00006860                SystemInit
 .text.read_ID3_info
                0x00006894      0x250 ./component/id3/read_id3.o
                0x00006894                read_ID3_info
 .text.has_ID3_tag
                0x00006ae4       0x44 ./component/id3/read_id3.o
                0x00006ae4                has_ID3_tag
 .text.get_ID3_size
                0x00006b28       0x64 ./component/id3/read_id3.o
                0x00006b28                get_ID3_size
 .text.xmp3fixpt_SetBitstreamPointer
                0x00006b8c        0xc ./component/helix/real/bitstream.o
                0x00006b8c                xmp3fixpt_SetBitstreamPointer
 .text.xmp3fixpt_GetBits
                0x00006b98       0xd4 ./component/helix/real/bitstream.o
                0x00006b98                xmp3fixpt_GetBits
 .text.xmp3fixpt_CalcBitsUsed
                0x00006c6c       0x14 ./component/helix/real/bitstream.o
                0x00006c6c                xmp3fixpt_CalcBitsUsed
 .text.xmp3fixpt_CheckPadBit
                0x00006c80       0x18 ./component/helix/real/bitstream.o
                0x00006c80                xmp3fixpt_CheckPadBit
 .text.xmp3fixpt_UnpackFrameHeader
                0x00006c98      0x1c0 ./component/helix/real/bitstream.o
                0x00006c98                xmp3fixpt_UnpackFrameHeader
 .text.xmp3fixpt_UnpackSideInfo
                0x00006e58     0x1358 ./component/helix/real/bitstream.o
                0x00006e58                xmp3fixpt_UnpackSideInfo
 .text.xmp3fixpt_AllocateBuffers
                0x000081b0       0xc4 ./component/helix/real/buffers.o
                0x000081b0                xmp3fixpt_AllocateBuffers
 .text.xmp3fixpt_FDCT32
                0x00008274      0x9fc ./component/helix/real/dct32.o
                0x00008274                xmp3fixpt_FDCT32
 .text.xmp3fixpt_Dequantize
                0x00008c70      0x338 ./component/helix/real/dequant.o
                0x00008c70                xmp3fixpt_Dequantize
 .text.DequantBlock
                0x00008fa8      0x1e8 ./component/helix/real/dqchan.o
 .text.xmp3fixpt_DequantChannel
                0x00009190      0x264 ./component/helix/real/dqchan.o
                0x00009190                xmp3fixpt_DequantChannel
 .text.xmp3fixpt_DecodeHuffman
                0x000093f4      0x860 ./component/helix/real/huffman.o
                0x000093f4                xmp3fixpt_DecodeHuffman
 .text.WinPrevious.part.0
                0x00009c54       0xdc ./component/helix/real/imdct.o
 .text.FreqInvertRescale
                0x00009d30      0x50c ./component/helix/real/imdct.o
 .text.xmp3fixpt_IMDCT
                0x0000a23c     0x280c ./component/helix/real/imdct.o
                0x0000a23c                xmp3fixpt_IMDCT
 .text.xmp3fixpt_PolyphaseMono
                0x0000ca48      0x2cc ./component/helix/real/polyphase.o
                0x0000ca48                xmp3fixpt_PolyphaseMono
 .text.xmp3fixpt_PolyphaseStereo
                0x0000cd14      0x564 ./component/helix/real/polyphase.o
                0x0000cd14                xmp3fixpt_PolyphaseStereo
 .text.xmp3fixpt_UnpackScaleFactors
                0x0000d278      0x974 ./component/helix/real/scalfact.o
                0x0000d278                xmp3fixpt_UnpackScaleFactors
 .text.xmp3fixpt_MidSideProc
                0x0000dbec       0x5c ./component/helix/real/stproc.o
                0x0000dbec                xmp3fixpt_MidSideProc
 .text.xmp3fixpt_IntensityProcMPEG1
                0x0000dc48      0x364 ./component/helix/real/stproc.o
                0x0000dc48                xmp3fixpt_IntensityProcMPEG1
 .text.xmp3fixpt_IntensityProcMPEG2
                0x0000dfac      0x274 ./component/helix/real/stproc.o
                0x0000dfac                xmp3fixpt_IntensityProcMPEG2
 .text.xmp3fixpt_Subband
                0x0000e220      0x128 ./component/helix/real/subband.o
                0x0000e220                xmp3fixpt_Subband
 .text.MP3InitDecoder
                0x0000e348        0x4 ./component/helix/mp3dec.o
                0x0000e348                MP3InitDecoder
 .text.MP3FindSyncWord
                0x0000e34c       0x40 ./component/helix/mp3dec.o
                0x0000e34c                MP3FindSyncWord
 .text.MP3GetLastFrameInfo
                0x0000e38c       0x54 ./component/helix/mp3dec.o
                0x0000e38c                MP3GetLastFrameInfo
 .text.MP3GetNextFrameInfo
                0x0000e3e0       0x60 ./component/helix/mp3dec.o
                0x0000e3e0                MP3GetNextFrameInfo
 .text.MP3Decode
                0x0000e440      0x6c8 ./component/helix/mp3dec.o
                0x0000e440                MP3Decode
 .text.sd_disk_read
                0x0000eb08       0x1c ./component/fatfs/fsl_sd_disk/fsl_sd_disk.o
                0x0000eb08                sd_disk_read
 .text.sd_disk_status
                0x0000eb24        0x8 ./component/fatfs/fsl_sd_disk/fsl_sd_disk.o
                0x0000eb24                sd_disk_status
 .text.sd_disk_initialize
                0x0000eb2c       0x38 ./component/fatfs/fsl_sd_disk/fsl_sd_disk.o
                0x0000eb2c                sd_disk_initialize
 .text.disk_status
                0x0000eb64        0xc ./component/fatfs/diskio.o
                0x0000eb64                disk_status
 .text.disk_initialize
                0x0000eb70        0xc ./component/fatfs/diskio.o
                0x0000eb70                disk_initialize
 .text.disk_read
                0x0000eb7c        0xc ./component/fatfs/diskio.o
                0x0000eb7c                disk_read
 .text.get_fileinfo
                0x0000eb88      0x23c ./component/fatfs/ff.o
 .text.check_fs
                0x0000edc4      0x124 ./component/fatfs/ff.o
 .text.mount_volume.isra.0
                0x0000eee8      0x2ec ./component/fatfs/ff.o
 .text.get_fat.isra.0
                0x0000f1d4      0x110 ./component/fatfs/ff.o
 .text.dir_sdi.constprop.0
                0x0000f2e4      0x198 ./component/fatfs/ff.o
 .text.follow_path
                0x0000f47c      0x6f0 ./component/fatfs/ff.o
 .text.f_mount  0x0000fb6c       0x70 ./component/fatfs/ff.o
                0x0000fb6c                f_mount
 .text.f_open   0x0000fbdc       0x98 ./component/fatfs/ff.o
                0x0000fbdc                f_open
 .text.f_read   0x0000fc74      0x1cc ./component/fatfs/ff.o
                0x0000fc74                f_read
 .text.f_close  0x0000fe40       0x30 ./component/fatfs/ff.o
                0x0000fe40                f_close
 .text.f_chdrive
                0x0000fe70       0x38 ./component/fatfs/ff.o
                0x0000fe70                f_chdrive
 .text.f_lseek  0x0000fea8      0x24c ./component/fatfs/ff.o
                0x0000fea8                f_lseek
 .text.f_opendir
                0x000100f4       0x84 ./component/fatfs/ff.o
                0x000100f4                f_opendir
 .text.f_closedir
                0x00010178       0x30 ./component/fatfs/ff.o
                0x00010178                f_closedir
 .text.f_readdir
                0x000101a8      0x564 ./component/fatfs/ff.o
                0x000101a8                f_readdir
 .text.ff_uni2oem
                0x0001070c       0x48 ./component/fatfs/ffunicode.o
                0x0001070c                ff_uni2oem
 .text.ff_oem2uni
                0x00010754       0x28 ./component/fatfs/ffunicode.o
                0x00010754                ff_oem2uni
 .text.ff_wtoupper
                0x0001077c       0xa4 ./component/fatfs/ffunicode.o
                0x0001077c                ff_wtoupper
 .text.arm_q31_to_float
                0x00010820       0xb0 D:\Facultad\GitMicros\TpFinal\SDTest\SDProject\libs\libarm_cortexM4lf_math.a(arm_q31_to_float.o)
                0x00010820                arm_q31_to_float
 .text.arm_float_to_q31
                0x000108d0      0x204 D:\Facultad\GitMicros\TpFinal\SDTest\SDProject\libs\libarm_cortexM4lf_math.a(arm_float_to_q31.o)
                0x000108d0                arm_float_to_q31
 .text.arm_rfft_32_fast_init_f32
                0x00010ad4       0x34 D:\Facultad\GitMicros\TpFinal\SDTest\SDProject\libs\libarm_cortexM4lf_math.a(arm_rfft_fast_init_f32.o)
                0x00010ad4                arm_rfft_32_fast_init_f32
 .text.arm_rfft_64_fast_init_f32
                0x00010b08       0x34 D:\Facultad\GitMicros\TpFinal\SDTest\SDProject\libs\libarm_cortexM4lf_math.a(arm_rfft_fast_init_f32.o)
                0x00010b08                arm_rfft_64_fast_init_f32
 .text.arm_rfft_256_fast_init_f32
                0x00010b3c       0x38 D:\Facultad\GitMicros\TpFinal\SDTest\SDProject\libs\libarm_cortexM4lf_math.a(arm_rfft_fast_init_f32.o)
                0x00010b3c                arm_rfft_256_fast_init_f32
 .text.arm_rfft_512_fast_init_f32
                0x00010b74       0x3c D:\Facultad\GitMicros\TpFinal\SDTest\SDProject\libs\libarm_cortexM4lf_math.a(arm_rfft_fast_init_f32.o)
                0x00010b74                arm_rfft_512_fast_init_f32
 .text.arm_rfft_1024_fast_init_f32
                0x00010bb0       0x3c D:\Facultad\GitMicros\TpFinal\SDTest\SDProject\libs\libarm_cortexM4lf_math.a(arm_rfft_fast_init_f32.o)
                0x00010bb0                arm_rfft_1024_fast_init_f32
 .text.arm_rfft_2048_fast_init_f32
                0x00010bec       0x3c D:\Facultad\GitMicros\TpFinal\SDTest\SDProject\libs\libarm_cortexM4lf_math.a(arm_rfft_fast_init_f32.o)
                0x00010bec                arm_rfft_2048_fast_init_f32
 .text.arm_rfft_4096_fast_init_f32
                0x00010c28       0x3c D:\Facultad\GitMicros\TpFinal\SDTest\SDProject\libs\libarm_cortexM4lf_math.a(arm_rfft_fast_init_f32.o)
                0x00010c28                arm_rfft_4096_fast_init_f32
 .text.arm_rfft_fast_init_f32
                0x00010c64       0x68 D:\Facultad\GitMicros\TpFinal\SDTest\SDProject\libs\libarm_cortexM4lf_math.a(arm_rfft_fast_init_f32.o)
                0x00010c64                arm_rfft_fast_init_f32
 .text.arm_biquad_cascade_df1_init_q31
                0x00010ccc       0x1c D:\Facultad\GitMicros\TpFinal\SDTest\SDProject\libs\libarm_cortexM4lf_math.a(arm_biquad_cascade_df1_init_q31.o)
                0x00010ccc                arm_biquad_cascade_df1_init_q31
 .text.arm_biquad_cascade_df1_fast_q31
                0x00010ce8      0x474 D:\Facultad\GitMicros\TpFinal\SDTest\SDProject\libs\libarm_cortexM4lf_math.a(arm_biquad_cascade_df1_fast_q31.o)
                0x00010ce8                arm_biquad_cascade_df1_fast_q31
 .text.arm_biquad_cas_df1_32x64_q31
                0x0001115c      0x7c4 D:\Facultad\GitMicros\TpFinal\SDTest\SDProject\libs\libarm_cortexM4lf_math.a(arm_biquad_cascade_df1_32x64_q31.o)
                0x0001115c                arm_biquad_cas_df1_32x64_q31
 .text.arm_biquad_cas_df1_32x64_init_q31
                0x00011920       0x1c D:\Facultad\GitMicros\TpFinal\SDTest\SDProject\libs\libarm_cortexM4lf_math.a(arm_biquad_cascade_df1_32x64_init_q31.o)
                0x00011920                arm_biquad_cas_df1_32x64_init_q31
 .text.arm_scale_q31
                0x0001193c      0x1f4 D:\Facultad\GitMicros\TpFinal\SDTest\SDProject\libs\libarm_cortexM4lf_math.a(arm_scale_q31.o)
                0x0001193c                arm_scale_q31
 .text.arm_scale_f32
                0x00011b30       0x88 D:\Facultad\GitMicros\TpFinal\SDTest\SDProject\libs\libarm_cortexM4lf_math.a(arm_scale_f32.o)
                0x00011b30                arm_scale_f32
 .text.__assertion_failed
                0x00011bb8       0x4c c:/nxp/mcuxpressoide_11.3.0_5222/ide/plugins/com.nxp.mcuxpresso.tools.win32_11.3.0.202008311133/tools/bin/../lib/gcc/arm-none-eabi/9.3.1/../../../../arm-none-eabi/lib/thumb/v7e-m+fp/hard\libcr_semihost_nf.a(_cr_assert.o)
                0x00011bb8                __assertion_failed
 .text.__sys_appexit
                0x00011c04        0xc c:/nxp/mcuxpressoide_11.3.0_5222/ide/plugins/com.nxp.mcuxpresso.tools.win32_11.3.0.202008311133/tools/bin/../lib/gcc/arm-none-eabi/9.3.1/../../../../arm-none-eabi/lib/thumb/v7e-m+fp/hard\libcr_semihost_nf.a(__sys_appexit.o)
                0x00011c04                __sys_appexit
                0x00011c04                __exit
 .text._Cwritebuf
                0x00011c10       0x6c c:/nxp/mcuxpressoide_11.3.0_5222/ide/plugins/com.nxp.mcuxpresso.tools.win32_11.3.0.202008311133/tools/bin/../lib/gcc/arm-none-eabi/9.3.1/../../../../arm-none-eabi/lib/thumb/v7e-m+fp/hard\libcr_c.a(_writebuf.o)
                0x00011c10                _Cwritebuf
 .text.malloc   0x00011c7c       0xc8 c:/nxp/mcuxpressoide_11.3.0_5222/ide/plugins/com.nxp.mcuxpresso.tools.win32_11.3.0.202008311133/tools/bin/../lib/gcc/arm-none-eabi/9.3.1/../../../../arm-none-eabi/lib/thumb/v7e-m+fp/hard\libcr_c.a(alloc.o)
                0x00011c7c                malloc
 .text._Csys_alloc
                0x00011d44       0x20 c:/nxp/mcuxpressoide_11.3.0_5222/ide/plugins/com.nxp.mcuxpresso.tools.win32_11.3.0.202008311133/tools/bin/../lib/gcc/arm-none-eabi/9.3.1/../../../../arm-none-eabi/lib/thumb/v7e-m+fp/hard\libcr_c.a(alloc.o)
                0x00011d44                _Csys_alloc
 .text.fseek    0x00011d64      0x100 c:/nxp/mcuxpressoide_11.3.0_5222/ide/plugins/com.nxp.mcuxpresso.tools.win32_11.3.0.202008311133/tools/bin/../lib/gcc/arm-none-eabi/9.3.1/../../../../arm-none-eabi/lib/thumb/v7e-m+fp/hard\libcr_c.a(fseek.o)
                0x00011d64                fseek
 .text.ftell    0x00011e64       0x44 c:/nxp/mcuxpressoide_11.3.0_5222/ide/plugins/com.nxp.mcuxpresso.tools.win32_11.3.0.202008311133/tools/bin/../lib/gcc/arm-none-eabi/9.3.1/../../../../arm-none-eabi/lib/thumb/v7e-m+fp/hard\libcr_c.a(ftell.o)
                0x00011e64                ftell
 .text._initio  0x00011ea8       0x78 c:/nxp/mcuxpressoide_11.3.0_5222/ide/plugins/com.nxp.mcuxpresso.tools.win32_11.3.0.202008311133/tools/bin/../lib/gcc/arm-none-eabi/9.3.1/../../../../arm-none-eabi/lib/thumb/v7e-m+fp/hard\libcr_c.a(initio.o)
                0x00011ea8                _initio
 .text.__vfprintf
                0x00011f20      0xce8 c:/nxp/mcuxpressoide_11.3.0_5222/ide/plugins/com.nxp.mcuxpresso.tools.win32_11.3.0.202008311133/tools/bin/../lib/gcc/arm-none-eabi/9.3.1/../../../../arm-none-eabi/lib/thumb/v7e-m+fp/hard\libcr_c.a(printf.o)
                0x00011f20                __vfprintf
 .text._vsnprintf
                0x00012c08       0x68 c:/nxp/mcuxpressoide_11.3.0_5222/ide/plugins/com.nxp.mcuxpresso.tools.win32_11.3.0.202008311133/tools/bin/../lib/gcc/arm-none-eabi/9.3.1/../../../../arm-none-eabi/lib/thumb/v7e-m+fp/hard\libcr_c.a(printf.o)
                0x00012c08                _vsnprintf
 .text._printf  0x00012c70       0x54 c:/nxp/mcuxpressoide_11.3.0_5222/ide/plugins/com.nxp.mcuxpresso.tools.win32_11.3.0.202008311133/tools/bin/../lib/gcc/arm-none-eabi/9.3.1/../../../../arm-none-eabi/lib/thumb/v7e-m+fp/hard\libcr_c.a(printf.o)
                0x00012c70                _printf
 .text._sbrk    0x00012cc4       0x3c c:/nxp/mcuxpressoide_11.3.0_5222/ide/plugins/com.nxp.mcuxpresso.tools.win32_11.3.0.202008311133/tools/bin/../lib/gcc/arm-none-eabi/9.3.1/../../../../arm-none-eabi/lib/thumb/v7e-m+fp/hard\libcr_c.a(_cr_sbrk.o)
                0x00012cc4                _sbrk
 .text.fflush   0x00012d00       0x44 c:/nxp/mcuxpressoide_11.3.0_5222/ide/plugins/com.nxp.mcuxpresso.tools.win32_11.3.0.202008311133/tools/bin/../lib/gcc/arm-none-eabi/9.3.1/../../../../arm-none-eabi/lib/thumb/v7e-m+fp/hard\libcr_c.a(fflush.o)
                0x00012d00                fflush
 .text.__check_heap_overflow
                0x00012d44       0x18 c:/nxp/mcuxpressoide_11.3.0_5222/ide/plugins/com.nxp.mcuxpresso.tools.win32_11.3.0.202008311133/tools/bin/../lib/gcc/arm-none-eabi/9.3.1/../../../../arm-none-eabi/lib/thumb/v7e-m+fp/hard\libcr_c.a(_cr_check_heap.o)
                0x00012d44                __check_heap_overflow
 .text.__main   0x00012d5c        0xe c:/nxp/mcuxpressoide_11.3.0_5222/ide/plugins/com.nxp.mcuxpresso.tools.win32_11.3.0.202008311133/tools/bin/../lib/gcc/arm-none-eabi/9.3.1/../../../../arm-none-eabi/lib/thumb/v7e-m+fp/hard\libcr_semihost_nf.a(_cr__main.o)
                0x00012d5c                __CR_SEMIHOST
                0x00012d5c                __main
 .text.memcpy   0x00012d6a        0x4 c:/nxp/mcuxpressoide_11.3.0_5222/ide/plugins/com.nxp.mcuxpresso.tools.win32_11.3.0.202008311133/tools/bin/../lib/gcc/arm-none-eabi/9.3.1/../../../../arm-none-eabi/lib/thumb/v7e-m+fp/hard\libcr_c.a(memcpy.o)
                0x00012d6a                memcpy
 .text.memmove  0x00012d6e        0x4 c:/nxp/mcuxpressoide_11.3.0_5222/ide/plugins/com.nxp.mcuxpresso.tools.win32_11.3.0.202008311133/tools/bin/../lib/gcc/arm-none-eabi/9.3.1/../../../../arm-none-eabi/lib/thumb/v7e-m+fp/hard\libcr_c.a(memmove.o)
                0x00012d6e                memmove
 .text.memset   0x00012d72        0x4 c:/nxp/mcuxpressoide_11.3.0_5222/ide/plugins/com.nxp.mcuxpresso.tools.win32_11.3.0.202008311133/tools/bin/../lib/gcc/arm-none-eabi/9.3.1/../../../../arm-none-eabi/lib/thumb/v7e-m+fp/hard\libcr_c.a(memset.o)
                0x00012d72                memset
 .text._deferredlazyseek
                0x00012d76       0x40 c:/nxp/mcuxpressoide_11.3.0_5222/ide/plugins/com.nxp.mcuxpresso.tools.win32_11.3.0.202008311133/tools/bin/../lib/gcc/arm-none-eabi/9.3.1/../../../../arm-none-eabi/lib/thumb/v7e-m+fp/hard\libcr_c.a(_deferredlazyseek.o)
                0x00012d76                _deferredlazyseek
 .text.__flsbuf
                0x00012db6      0x140 c:/nxp/mcuxpressoide_11.3.0_5222/ide/plugins/com.nxp.mcuxpresso.tools.win32_11.3.0.202008311133/tools/bin/../lib/gcc/arm-none-eabi/9.3.1/../../../../arm-none-eabi/lib/thumb/v7e-m+fp/hard\libcr_c.a(_deferredlazyseek.o)
                0x00012db6                __flsbuf
 .text._fflush  0x00012ef6       0x52 c:/nxp/mcuxpressoide_11.3.0_5222/ide/plugins/com.nxp.mcuxpresso.tools.win32_11.3.0.202008311133/tools/bin/../lib/gcc/arm-none-eabi/9.3.1/../../../../arm-none-eabi/lib/thumb/v7e-m+fp/hard\libcr_c.a(_fflush.o)
                0x00012ef6                _fflush
 .text.free     0x00012f48       0x30 c:/nxp/mcuxpressoide_11.3.0_5222/ide/plugins/com.nxp.mcuxpresso.tools.win32_11.3.0.202008311133/tools/bin/../lib/gcc/arm-none-eabi/9.3.1/../../../../arm-none-eabi/lib/thumb/v7e-m+fp/hard\libcr_c.a(alloc.o)
                0x00012f48                free
 .text.fputs    0x00012f78       0x2c c:/nxp/mcuxpressoide_11.3.0_5222/ide/plugins/com.nxp.mcuxpresso.tools.win32_11.3.0.202008311133/tools/bin/../lib/gcc/arm-none-eabi/9.3.1/../../../../arm-none-eabi/lib/thumb/v7e-m+fp/hard\libcr_c.a(fputs.o)
                0x00012f78                fputs
 .text.no_fp_display
                0x00012fa4        0x4 c:/nxp/mcuxpressoide_11.3.0_5222/ide/plugins/com.nxp.mcuxpresso.tools.win32_11.3.0.202008311133/tools/bin/../lib/gcc/arm-none-eabi/9.3.1/../../../../arm-none-eabi/lib/thumb/v7e-m+fp/hard\libcr_c.a(printf.o)
 .text.setvbuf  0x00012fa8       0x3e c:/nxp/mcuxpressoide_11.3.0_5222/ide/plugins/com.nxp.mcuxpresso.tools.win32_11.3.0.202008311133/tools/bin/../lib/gcc/arm-none-eabi/9.3.1/../../../../arm-none-eabi/lib/thumb/v7e-m+fp/hard\libcr_c.a(setvbuf.o)
                0x00012fa8                setvbuf
 .text.strcmp   0x00012fe6       0x46 c:/nxp/mcuxpressoide_11.3.0_5222/ide/plugins/com.nxp.mcuxpresso.tools.win32_11.3.0.202008311133/tools/bin/../lib/gcc/arm-none-eabi/9.3.1/../../../../arm-none-eabi/lib/thumb/v7e-m+fp/hard\libcr_c.a(strcmp.o)
                0x00012fe6                strcmp
 .text.strcpy   0x0001302c       0x42 c:/nxp/mcuxpressoide_11.3.0_5222/ide/plugins/com.nxp.mcuxpresso.tools.win32_11.3.0.202008311133/tools/bin/../lib/gcc/arm-none-eabi/9.3.1/../../../../arm-none-eabi/lib/thumb/v7e-m+fp/hard\libcr_c.a(strcpy.o)
                0x0001302c                strcpy
 .text.strlen   0x0001306e       0x4c c:/nxp/mcuxpressoide_11.3.0_5222/ide/plugins/com.nxp.mcuxpresso.tools.win32_11.3.0.202008311133/tools/bin/../lib/gcc/arm-none-eabi/9.3.1/../../../../arm-none-eabi/lib/thumb/v7e-m+fp/hard\libcr_c.a(strlen.o)
                0x0001306e                strlen
 .text.strncmp  0x000130ba       0x58 c:/nxp/mcuxpressoide_11.3.0_5222/ide/plugins/com.nxp.mcuxpresso.tools.win32_11.3.0.202008311133/tools/bin/../lib/gcc/arm-none-eabi/9.3.1/../../../../arm-none-eabi/lib/thumb/v7e-m+fp/hard\libcr_c.a(strncmp.o)
                0x000130ba                strncmp
 .text.strrchr  0x00013112       0x1c c:/nxp/mcuxpressoide_11.3.0_5222/ide/plugins/com.nxp.mcuxpresso.tools.win32_11.3.0.202008311133/tools/bin/../lib/gcc/arm-none-eabi/9.3.1/../../../../arm-none-eabi/lib/thumb/v7e-m+fp/hard\libcr_c.a(strrchr.o)
                0x00013112                strrchr
 .text._fdopen  0x0001312e       0x68 c:/nxp/mcuxpressoide_11.3.0_5222/ide/plugins/com.nxp.mcuxpresso.tools.win32_11.3.0.202008311133/tools/bin/../lib/gcc/arm-none-eabi/9.3.1/../../../../arm-none-eabi/lib/thumb/v7e-m+fp/hard\libcr_c.a(_fdopen.o)
                0x0001312e                _fdopen
 .text.fclose   0x00013196       0x58 c:/nxp/mcuxpressoide_11.3.0_5222/ide/plugins/com.nxp.mcuxpresso.tools.win32_11.3.0.202008311133/tools/bin/../lib/gcc/arm-none-eabi/9.3.1/../../../../arm-none-eabi/lib/thumb/v7e-m+fp/hard\libcr_c.a(fclose.o)
                0x00013196                fclose
 .text.remove   0x000131ee       0x14 c:/nxp/mcuxpressoide_11.3.0_5222/ide/plugins/com.nxp.mcuxpresso.tools.win32_11.3.0.202008311133/tools/bin/../lib/gcc/arm-none-eabi/9.3.1/../../../../arm-none-eabi/lib/thumb/v7e-m+fp/hard\libcr_c.a(remove.o)
                0x000131ee                remove
 .text._do_fflush
                0x00013202       0x40 c:/nxp/mcuxpressoide_11.3.0_5222/ide/plugins/com.nxp.mcuxpresso.tools.win32_11.3.0.202008311133/tools/bin/../lib/gcc/arm-none-eabi/9.3.1/../../../../arm-none-eabi/lib/thumb/v7e-m+fp/hard\libcr_c.a(_do_fflush.o)
                0x00013202                _do_fflush
 .text.__aeabi_f2lz
                0x00013242       0x5c c:/nxp/mcuxpressoide_11.3.0_5222/ide/plugins/com.nxp.mcuxpresso.tools.win32_11.3.0.202008311133/tools/bin/../lib/gcc/arm-none-eabi/9.3.1/thumb/v7e-m+fp/hard\libcr_eabihelpers.a(float.o)
                0x00013242                __aeabi_f2lz
 .text.__aeabi_memcpy
                0x0001329e       0x34 c:/nxp/mcuxpressoide_11.3.0_5222/ide/plugins/com.nxp.mcuxpresso.tools.win32_11.3.0.202008311133/tools/bin/../lib/gcc/arm-none-eabi/9.3.1/thumb/v7e-m+fp/hard\libcr_eabihelpers.a(memcpy.o)
                0x0001329e                __aeabi_memcpy
                0x000132a8                __aeabi_memcpy8
                0x000132a8                __aeabi_memcpy4
 .text.__aeabi_memmove
                0x000132d2       0x1c c:/nxp/mcuxpressoide_11.3.0_5222/ide/plugins/com.nxp.mcuxpresso.tools.win32_11.3.0.202008311133/tools/bin/../lib/gcc/arm-none-eabi/9.3.1/thumb/v7e-m+fp/hard\libcr_eabihelpers.a(memcpy.o)
                0x000132d2                __aeabi_memmove
                0x000132d2                __aeabi_memmove4
                0x000132d2                __aeabi_memmove8
 .text.__aeabi_memset_lowlevel
                0x000132ee       0x32 c:/nxp/mcuxpressoide_11.3.0_5222/ide/plugins/com.nxp.mcuxpresso.tools.win32_11.3.0.202008311133/tools/bin/../lib/gcc/arm-none-eabi/9.3.1/thumb/v7e-m+fp/hard\libcr_eabihelpers.a(memcpy.o)
                0x000132ee                __aeabi_lowlevel_memset
 .text.__sys_close
                0x00013320        0xc c:/nxp/mcuxpressoide_11.3.0_5222/ide/plugins/com.nxp.mcuxpresso.tools.win32_11.3.0.202008311133/tools/bin/../lib/gcc/arm-none-eabi/9.3.1/../../../../arm-none-eabi/lib/thumb/v7e-m+fp/hard\libcr_semihost_nf.a(__sys_close.o)
                0x00013320                __sys_close
 .text.__sys_flen
                0x0001332c        0xc c:/nxp/mcuxpressoide_11.3.0_5222/ide/plugins/com.nxp.mcuxpresso.tools.win32_11.3.0.202008311133/tools/bin/../lib/gcc/arm-none-eabi/9.3.1/../../../../arm-none-eabi/lib/thumb/v7e-m+fp/hard\libcr_semihost_nf.a(__sys_flen.o)
                0x0001332c                __sys_flen
 .text.__sys_istty
                0x00013338        0xc c:/nxp/mcuxpressoide_11.3.0_5222/ide/plugins/com.nxp.mcuxpresso.tools.win32_11.3.0.202008311133/tools/bin/../lib/gcc/arm-none-eabi/9.3.1/../../../../arm-none-eabi/lib/thumb/v7e-m+fp/hard\libcr_semihost_nf.a(__sys_istty.o)
                0x00013338                __sys_istty
 .text.__sys_remove
                0x00013344        0xc c:/nxp/mcuxpressoide_11.3.0_5222/ide/plugins/com.nxp.mcuxpresso.tools.win32_11.3.0.202008311133/tools/bin/../lib/gcc/arm-none-eabi/9.3.1/../../../../arm-none-eabi/lib/thumb/v7e-m+fp/hard\libcr_semihost_nf.a(__sys_remove.o)
                0x00013344                __sys_remove
 .text.__sys_seek
                0x00013350        0xc c:/nxp/mcuxpressoide_11.3.0_5222/ide/plugins/com.nxp.mcuxpresso.tools.win32_11.3.0.202008311133/tools/bin/../lib/gcc/arm-none-eabi/9.3.1/../../../../arm-none-eabi/lib/thumb/v7e-m+fp/hard\libcr_semihost_nf.a(__sys_seek.o)
                0x00013350                __sys_seek
 .text.__sys_tmpnam
                0x0001335c        0xc c:/nxp/mcuxpressoide_11.3.0_5222/ide/plugins/com.nxp.mcuxpresso.tools.win32_11.3.0.202008311133/tools/bin/../lib/gcc/arm-none-eabi/9.3.1/../../../../arm-none-eabi/lib/thumb/v7e-m+fp/hard\libcr_semihost_nf.a(__sys_tmpnam.o)
                0x0001335c                __sys_tmpnam
 .text.__sys_write
                0x00013368        0xc c:/nxp/mcuxpressoide_11.3.0_5222/ide/plugins/com.nxp.mcuxpresso.tools.win32_11.3.0.202008311133/tools/bin/../lib/gcc/arm-none-eabi/9.3.1/../../../../arm-none-eabi/lib/thumb/v7e-m+fp/hard\libcr_semihost_nf.a(__sys_write.o)
                0x00013368                __sys_write
 *(SORT_BY_ALIGNMENT(.rodata) SORT_BY_ALIGNMENT(.rodata.*) SORT_BY_ALIGNMENT(.constdata) SORT_BY_ALIGNMENT(.constdata.*))
 .rodata.FileSystem_isMp3File.str1.4
                0x00013374        0x5 ./source/file_manager/file_system_manager.o
 *fill*         0x00013379        0x3 ff
 .rodata        0x0001337c      0x104 ./source/file_manager/file_system_manager.o
 .rodata.coeffTable
                0x00013480     0x1a40 ./source/equalizer/equalizer.o
 .rodata.getEvents.str1.4
                0x00014ec0       0x21 ./source/App.o
 *fill*         0x00014ee1        0x3 ff
 .rodata.fillBuffer.str1.4
                0x00014ee4       0x25 ./source/App.o
 *fill*         0x00014f09        0x3 ff
 .rodata.SD_WaitWriteComplete.str1.4
                0x00014f0c       0x15 ./drivers/SDK/SD/fsl_sd.o
 *fill*         0x00014f21        0x3 ff
 .rodata.SD_SelectFunction.str1.4
                0x00014f24       0x15 ./drivers/SDK/SD/fsl_sd.o
 *fill*         0x00014f39        0x3 ff
 .rodata.SD_ReadStatus.str1.4
                0x00014f3c       0x16 ./drivers/SDK/SD/fsl_sd.o
 *fill*         0x00014f52        0x2 ff
 .rodata.SD_ReadBlocks.str1.4
                0x00014f54       0xa4 ./drivers/SDK/SD/fsl_sd.o
 .rodata.SD_ProbeBusVoltage.str1.4
                0x00014ff8       0x16 ./drivers/SDK/SD/fsl_sd.o
 *fill*         0x0001500e        0x2 ff
 .rodata.SD_CardInit.str1.4
                0x00015010       0x43 ./drivers/SDK/SD/fsl_sd.o
 *fill*         0x00015053        0x1 ff
 .rodata.SD_CardDeinit.str1.4
                0x00015054       0x16 ./drivers/SDK/SD/fsl_sd.o
 *fill*         0x0001506a        0x2 ff
 .rodata.SD_HostInit.str1.4
                0x0001506c       0x43 ./drivers/SDK/SD/fsl_sd.o
 *fill*         0x000150af        0x1 ff
 .rodata.SDHC_ReceiveCommandResponse.str1.4
                0x000150b0       0x22 ./drivers/SDK/SD/fsl_sdhc.o
 *fill*         0x000150d2        0x2 ff
 .rodata.SDHC_TransferHandleIRQ.str1.4
                0x000150d4       0x77 ./drivers/SDK/SD/fsl_sdhc.o
 *fill*         0x0001514b        0x1 ff
 .rodata.SDHC_Init.str1.4
                0x0001514c      0x154 ./drivers/SDK/SD/fsl_sdhc.o
 .rodata.SDHC_SetSdClock.str1.4
                0x000152a0       0x6a ./drivers/SDK/SD/fsl_sdhc.o
 *fill*         0x0001530a        0x2 ff
 .rodata.SDHC_SetTransferConfig.str1.4
                0x0001530c       0xf1 ./drivers/SDK/SD/fsl_sdhc.o
 *fill*         0x000153fd        0x3 ff
 .rodata.SDHC_TransferBlocking.str1.4
                0x00015400       0x24 ./drivers/SDK/SD/fsl_sdhc.o
 .rodata.SDHC_TransferCreateHandle.str1.4
                0x00015424       0x48 ./drivers/SDK/SD/fsl_sdhc.o
 .rodata.SDHC_DriverIRQHandler.str1.4
                0x0001546c       0x2b ./drivers/SDK/SD/fsl_sdhc.o
 *fill*         0x00015497        0x1 ff
 .rodata.SDMMCHOST_Init.str1.4
                0x00015498       0x58 ./drivers/SDK/SD/fsl_sdmmc_host.o
 .rodata.BOARD_SD_Config.str1.4
                0x000154f0       0x1a ./drivers/SDK/SD/sdmmc_config.o
 *fill*         0x0001550a        0x2 ff
 .rodata.DAC_Init.str1.4
                0x0001550c       0x52 ./drivers/SDK/fsl_dac.o
 *fill*         0x0001555e        0x2 ff
 .rodata.DAC_GetDefaultConfig.str1.4
                0x00015560       0x20 ./drivers/SDK/fsl_dac.o
 .rodata.DAC_SetBufferConfig.str1.4
                0x00015580       0x20 ./drivers/SDK/fsl_dac.o
 .rodata.DAC_GetDefaultBufferConfig.str1.4
                0x000155a0       0x20 ./drivers/SDK/fsl_dac.o
 .rodata.DAC_SetBufferReadPointer.str1.4
                0x000155c0       0x28 ./drivers/SDK/fsl_dac.o
 .rodata.DMAMUX_Init.str1.4
                0x000155e8       0x38 ./drivers/SDK/fsl_dmamux.o
 .rodata.DSPI_MasterTransferHandleIRQ.str1.4
                0x00015620       0x59 ./drivers/SDK/fsl_dspi.o
 *fill*         0x00015679        0x3 ff
 .rodata.DSPI_MasterGetDefaultConfig.str1.4
                0x0001567c       0x27 ./drivers/SDK/fsl_dspi.o
 *fill*         0x000156a3        0x1 ff
 .rodata.DSPI_MasterSetDelayScaler.str1.4
                0x000156a4       0x18 ./drivers/SDK/fsl_dspi.o
 .rodata.DSPI_MasterInit.str1.4
                0x000156bc       0x40 ./drivers/SDK/fsl_dspi.o
 .rodata.SPI1_DriverIRQHandler.str1.4
                0x000156fc       0x2b ./drivers/SDK/fsl_dspi.o
 *fill*         0x00015727        0x1 ff
 .rodata.SPI2_DriverIRQHandler.str1.4
                0x00015728       0x2b ./drivers/SDK/fsl_dspi.o
 *fill*         0x00015753        0x1 ff
 .rodata.s_baudratePrescaler
                0x00015754       0x10 ./drivers/SDK/fsl_dspi.o
 .rodata.s_baudrateScaler
                0x00015764       0x40 ./drivers/SDK/fsl_dspi.o
 .rodata.s_delayPrescaler
                0x000157a4       0x10 ./drivers/SDK/fsl_dspi.o
 .rodata.s_delayScaler
                0x000157b4       0x40 ./drivers/SDK/fsl_dspi.o
 .rodata.EDMA_InstallTCD.str1.4
                0x000157f4       0x97 ./drivers/SDK/fsl_edma.o
 *fill*         0x0001588b        0x1 ff
 .rodata.EDMA_Init.str1.4
                0x0001588c       0x58 ./drivers/SDK/fsl_edma.o
 .rodata.EDMA_GetDefaultConfig.str1.4
                0x000158e4       0x21 ./drivers/SDK/fsl_edma.o
 *fill*         0x00015905        0x3 ff
 .rodata.EDMA_ResetChannel.str1.4
                0x00015908       0x78 ./drivers/SDK/fsl_edma.o
 .rodata.EDMA_SetTransferConfig.str1.4
                0x00015980      0x181 ./drivers/SDK/fsl_edma.o
 *fill*         0x00015b01        0x3 ff
 .rodata.EDMA_EnableChannelInterrupts.str1.4
                0x00015b04       0x46 ./drivers/SDK/fsl_edma.o
 *fill*         0x00015b4a        0x2 ff
 .rodata.EDMA_TcdReset.str1.4
                0x00015b4c       0x1e ./drivers/SDK/fsl_edma.o
 *fill*         0x00015b6a        0x2 ff
 .rodata.EDMA_TcdSetTransferConfig.str1.4
                0x00015b6c       0x78 ./drivers/SDK/fsl_edma.o
 .rodata.EDMA_ClearChannelStatusFlags.str1.4
                0x00015be4       0x46 ./drivers/SDK/fsl_edma.o
 *fill*         0x00015c2a        0x2 ff
 .rodata.EDMA_CreateHandle.str1.4
                0x00015c2c       0x6a ./drivers/SDK/fsl_edma.o
 *fill*         0x00015c96        0x2 ff
 .rodata.EDMA_SetCallback.str1.4
                0x00015c98       0x21 ./drivers/SDK/fsl_edma.o
 *fill*         0x00015cb9        0x3 ff
 .rodata.EDMA_PrepareTransferConfig.str1.4
                0x00015cbc      0x214 ./drivers/SDK/fsl_edma.o
 .rodata.EDMA_PrepareTransfer.str1.4
                0x00015ed0       0x3d ./drivers/SDK/fsl_edma.o
 *fill*         0x00015f0d        0x3 ff
 .rodata.EDMA_SubmitTransfer.str1.4
                0x00015f10       0x46 ./drivers/SDK/fsl_edma.o
 *fill*         0x00015f56        0x2 ff
 .rodata.EDMA_StartTransfer.str1.4
                0x00015f58       0x22 ./drivers/SDK/fsl_edma.o
 *fill*         0x00015f7a        0x2 ff
 .rodata.EDMA_HandleIRQ.str1.4
                0x00015f7c       0x22 ./drivers/SDK/fsl_edma.o
 *fill*         0x00015f9e        0x2 ff
 .rodata.s_edmaIRQNumber
                0x00015fa0       0x10 ./drivers/SDK/fsl_edma.o
 .rodata.PDB_Init.str1.4
                0x00015fb0       0x52 ./drivers/SDK/fsl_pdb.o
 *fill*         0x00016002        0x2 ff
 .rodata.PDB_GetDefaultConfig.str1.4
                0x00016004       0x20 ./drivers/SDK/fsl_pdb.o
 .rodata.PDB_SetDACTriggerConfig.str1.4
                0x00016024       0x78 ./drivers/SDK/fsl_pdb.o
 .rodata.gpioPorts
                0x0001609c       0x14 ./drivers/MCAL/gpio.o
 .rodata.ports  0x000160b0       0x14 ./drivers/MCAL/gpio.o
 .rodata.init_delays
                0x000160c4        0xa ./drivers/HAL/LCD_GDM1602A.o
 *fill*         0x000160ce        0x2 ff
 .rodata.init_instructions
                0x000160d0        0xa ./drivers/HAL/LCD_GDM1602A.o
 *fill*         0x000160da        0x2 ff
 .rodata.p_spi  0x000160dc        0xc ./drivers/HAL/SPI_wrapper.o
 .rodata.decoder_MP3DecodedFrame.str1.4
                0x000160e8        0x6 ./drivers/HAL/decoder.o
 *fill*         0x000160ee        0x2 ff
 .rodata.decoder_readID3Tag.str1.4
                0x000160f0        0x8 ./drivers/HAL/decoder.o
 .rodata.Mm_ScanFiles.str1.4
                0x000160f8       0x19 ./drivers/HAL/memory_manager.o
 *fill*         0x00016111        0x3 ff
 .rodata.Mm_Callback.str1.4
                0x00016114       0x3c ./drivers/HAL/memory_manager.o
 .rodata.Mm_Init.str1.4
                0x00016150       0x16 ./drivers/HAL/memory_manager.o
 *fill*         0x00016166        0x2 ff
 .rodata.read_ID3_info.str1.4
                0x00016168       0x39 ./component/id3/read_id3.o
 *fill*         0x000161a1        0x3 ff
 .rodata.dcttab
                0x000161a4       0xc0 ./component/helix/real/dct32.o
 .rodata.pow14  0x00016264       0x10 ./component/helix/real/dqchan.o
 .rodata.pow2exp
                0x00016274       0x20 ./component/helix/real/dqchan.o
 .rodata.pow2frac
                0x00016294       0x20 ./component/helix/real/dqchan.o
 .rodata.pow43  0x000162b4       0xc0 ./component/helix/real/dqchan.o
 .rodata.pow43_14
                0x00016374      0x100 ./component/helix/real/dqchan.o
 .rodata.preTab
                0x00016474       0x16 ./component/helix/real/dqchan.o
 *fill*         0x0001648a        0x2 ff
 .rodata.xmp3fixpt_huffTabLookup
                0x0001648c      0x100 ./component/helix/real/hufftabs.o
                0x0001648c                xmp3fixpt_huffTabLookup
 .rodata.xmp3fixpt_huffTabOffset
                0x0001658c       0x80 ./component/helix/real/hufftabs.o
                0x0001658c                xmp3fixpt_huffTabOffset
 .rodata.xmp3fixpt_huffTable
                0x0001660c     0x2124 ./component/helix/real/hufftabs.o
                0x0001660c                xmp3fixpt_huffTable
 .rodata.xmp3fixpt_quadTabMaxBits
                0x00018730        0x8 ./component/helix/real/hufftabs.o
                0x00018730                xmp3fixpt_quadTabMaxBits
 .rodata.xmp3fixpt_quadTabOffset
                0x00018738        0x8 ./component/helix/real/hufftabs.o
                0x00018738                xmp3fixpt_quadTabOffset
 .rodata.xmp3fixpt_quadTable
                0x00018740       0x50 ./component/helix/real/hufftabs.o
                0x00018740                xmp3fixpt_quadTable
 .rodata.c18    0x00018790       0x24 ./component/helix/real/imdct.o
 .rodata.fastWin36
                0x000187b4       0x48 ./component/helix/real/imdct.o
 .rodata.SFLenTab
                0x000187fc       0x20 ./component/helix/real/scalfact.o
 .rodata.xmp3fixpt_ISFIIP
                0x0001881c       0x10 ./component/helix/real/trigtabs_fixpt.o
                0x0001881c                xmp3fixpt_ISFIIP
 .rodata.xmp3fixpt_ISFMpeg1
                0x0001882c       0x38 ./component/helix/real/trigtabs_fixpt.o
                0x0001882c                xmp3fixpt_ISFMpeg1
 .rodata.xmp3fixpt_ISFMpeg2
                0x00018864      0x100 ./component/helix/real/trigtabs_fixpt.o
                0x00018864                xmp3fixpt_ISFMpeg2
 .rodata.xmp3fixpt_csa
                0x00018964       0x40 ./component/helix/real/trigtabs_fixpt.o
                0x00018964                xmp3fixpt_csa
 .rodata.xmp3fixpt_imdctWin
                0x000189a4      0x240 ./component/helix/real/trigtabs_fixpt.o
                0x000189a4                xmp3fixpt_imdctWin
 .rodata.xmp3fixpt_polyCoef
                0x00018be4      0x420 ./component/helix/real/trigtabs_fixpt.o
                0x00018be4                xmp3fixpt_polyCoef
 .rodata.xmp3fixpt_bitrateTab
                0x00019004      0x10e ./component/helix/mp3tabs.o
                0x00019004                xmp3fixpt_bitrateTab
 *fill*         0x00019112        0x2 ff
 .rodata.xmp3fixpt_samplerateTab
                0x00019114       0x24 ./component/helix/mp3tabs.o
                0x00019114                xmp3fixpt_samplerateTab
 .rodata.xmp3fixpt_samplesPerFrameTab
                0x00019138       0x12 ./component/helix/mp3tabs.o
                0x00019138                xmp3fixpt_samplesPerFrameTab
 *fill*         0x0001914a        0x2 ff
 .rodata.xmp3fixpt_sfBandTable
                0x0001914c      0x29a ./component/helix/mp3tabs.o
                0x0001914c                xmp3fixpt_sfBandTable
 *fill*         0x000193e6        0x2 ff
 .rodata.xmp3fixpt_sideBytesTab
                0x000193e8        0xc ./component/helix/mp3tabs.o
                0x000193e8                xmp3fixpt_sideBytesTab
 .rodata.xmp3fixpt_slotTab
                0x000193f4      0x10e ./component/helix/mp3tabs.o
                0x000193f4                xmp3fixpt_slotTab
 *fill*         0x00019502        0x2 ff
 .rodata.follow_path.str1.4
                0x00019504       0x13 ./component/fatfs/ff.o
 *fill*         0x00019517        0x1 ff
 .rodata.ExCvt  0x00019518       0x80 ./component/fatfs/ff.o
 .rodata.LfnOfs
                0x00019598        0xd ./component/fatfs/ff.o
 *fill*         0x000195a5        0x3 ff
 .rodata.cvt1.5421
                0x000195a8      0x1f2 ./component/fatfs/ffunicode.o
 *fill*         0x0001979a        0x2 ff
 .rodata.cvt2.5422
                0x0001979c       0xbc ./component/fatfs/ffunicode.o
 .rodata.uc437  0x00019858      0x100 ./component/fatfs/ffunicode.o
 .rodata.armBitRevIndexTable1024
                0x00019958      0xe10 D:\Facultad\GitMicros\TpFinal\SDTest\SDProject\libs\libarm_cortexM4lf_math.a(arm_common_tables.o)
                0x00019958                armBitRevIndexTable1024
 .rodata.armBitRevIndexTable128
                0x0001a768      0x1a0 D:\Facultad\GitMicros\TpFinal\SDTest\SDProject\libs\libarm_cortexM4lf_math.a(arm_common_tables.o)
                0x0001a768                armBitRevIndexTable128
 .rodata.armBitRevIndexTable16
                0x0001a908       0x28 D:\Facultad\GitMicros\TpFinal\SDTest\SDProject\libs\libarm_cortexM4lf_math.a(arm_common_tables.o)
                0x0001a908                armBitRevIndexTable16
 .rodata.armBitRevIndexTable2048
                0x0001a930     0x1dc0 D:\Facultad\GitMicros\TpFinal\SDTest\SDProject\libs\libarm_cortexM4lf_math.a(arm_common_tables.o)
                0x0001a930                armBitRevIndexTable2048
 .rodata.armBitRevIndexTable256
                0x0001c6f0      0x370 D:\Facultad\GitMicros\TpFinal\SDTest\SDProject\libs\libarm_cortexM4lf_math.a(arm_common_tables.o)
                0x0001c6f0                armBitRevIndexTable256
 .rodata.armBitRevIndexTable32
                0x0001ca60       0x60 D:\Facultad\GitMicros\TpFinal\SDTest\SDProject\libs\libarm_cortexM4lf_math.a(arm_common_tables.o)
                0x0001ca60                armBitRevIndexTable32
 .rodata.armBitRevIndexTable512
                0x0001cac0      0x380 D:\Facultad\GitMicros\TpFinal\SDTest\SDProject\libs\libarm_cortexM4lf_math.a(arm_common_tables.o)
                0x0001cac0                armBitRevIndexTable512
 .rodata.twiddleCoef_1024
                0x0001ce40     0x2000 D:\Facultad\GitMicros\TpFinal\SDTest\SDProject\libs\libarm_cortexM4lf_math.a(arm_common_tables.o)
                0x0001ce40                twiddleCoef_1024
 .rodata.twiddleCoef_128
                0x0001ee40      0x400 D:\Facultad\GitMicros\TpFinal\SDTest\SDProject\libs\libarm_cortexM4lf_math.a(arm_common_tables.o)
                0x0001ee40                twiddleCoef_128
 .rodata.twiddleCoef_16
                0x0001f240       0x80 D:\Facultad\GitMicros\TpFinal\SDTest\SDProject\libs\libarm_cortexM4lf_math.a(arm_common_tables.o)
                0x0001f240                twiddleCoef_16
 .rodata.twiddleCoef_2048
                0x0001f2c0     0x4000 D:\Facultad\GitMicros\TpFinal\SDTest\SDProject\libs\libarm_cortexM4lf_math.a(arm_common_tables.o)
                0x0001f2c0                twiddleCoef_2048
 .rodata.twiddleCoef_256
                0x000232c0      0x800 D:\Facultad\GitMicros\TpFinal\SDTest\SDProject\libs\libarm_cortexM4lf_math.a(arm_common_tables.o)
                0x000232c0                twiddleCoef_256
 .rodata.twiddleCoef_32
                0x00023ac0      0x100 D:\Facultad\GitMicros\TpFinal\SDTest\SDProject\libs\libarm_cortexM4lf_math.a(arm_common_tables.o)
                0x00023ac0                twiddleCoef_32
 .rodata.twiddleCoef_512
                0x00023bc0     0x1000 D:\Facultad\GitMicros\TpFinal\SDTest\SDProject\libs\libarm_cortexM4lf_math.a(arm_common_tables.o)
                0x00023bc0                twiddleCoef_512
 .rodata.twiddleCoef_rfft_1024
                0x00024bc0     0x1000 D:\Facultad\GitMicros\TpFinal\SDTest\SDProject\libs\libarm_cortexM4lf_math.a(arm_common_tables.o)
                0x00024bc0                twiddleCoef_rfft_1024
 .rodata.twiddleCoef_rfft_2048
                0x00025bc0     0x2000 D:\Facultad\GitMicros\TpFinal\SDTest\SDProject\libs\libarm_cortexM4lf_math.a(arm_common_tables.o)
                0x00025bc0                twiddleCoef_rfft_2048
 .rodata.twiddleCoef_rfft_256
                0x00027bc0      0x400 D:\Facultad\GitMicros\TpFinal\SDTest\SDProject\libs\libarm_cortexM4lf_math.a(arm_common_tables.o)
                0x00027bc0                twiddleCoef_rfft_256
 .rodata.twiddleCoef_rfft_32
                0x00027fc0       0x80 D:\Facultad\GitMicros\TpFinal\SDTest\SDProject\libs\libarm_cortexM4lf_math.a(arm_common_tables.o)
                0x00027fc0                twiddleCoef_rfft_32
 .rodata.twiddleCoef_rfft_4096
                0x00028040     0x4000 D:\Facultad\GitMicros\TpFinal\SDTest\SDProject\libs\libarm_cortexM4lf_math.a(arm_common_tables.o)
                0x00028040                twiddleCoef_rfft_4096
 .rodata.twiddleCoef_rfft_512
                0x0002c040      0x800 D:\Facultad\GitMicros\TpFinal\SDTest\SDProject\libs\libarm_cortexM4lf_math.a(arm_common_tables.o)
                0x0002c040                twiddleCoef_rfft_512
 .rodata.twiddleCoef_rfft_64
                0x0002c840      0x100 D:\Facultad\GitMicros\TpFinal\SDTest\SDProject\libs\libarm_cortexM4lf_math.a(arm_common_tables.o)
                0x0002c840                twiddleCoef_rfft_64
 .rodata.__num_Ciob_streams
                0x0002c940        0x4 c:/nxp/mcuxpressoide_11.3.0_5222/ide/plugins/com.nxp.mcuxpresso.tools.win32_11.3.0.202008311133/tools/bin/../lib/gcc/arm-none-eabi/9.3.1/../../../../arm-none-eabi/lib/thumb/v7e-m+fp/hard\libcr_semihost_nf.a(__ciob.o)
                0x0002c940                __num_Ciob_streams
 .rodata.__assertion_failed.str1.1
                0x0002c944       0x15 c:/nxp/mcuxpressoide_11.3.0_5222/ide/plugins/com.nxp.mcuxpresso.tools.win32_11.3.0.202008311133/tools/bin/../lib/gcc/arm-none-eabi/9.3.1/../../../../arm-none-eabi/lib/thumb/v7e-m+fp/hard\libcr_semihost_nf.a(_cr_assert.o)
 .rodata._Csys_alloc.str1.1
                0x0002c959       0x18 c:/nxp/mcuxpressoide_11.3.0_5222/ide/plugins/com.nxp.mcuxpresso.tools.win32_11.3.0.202008311133/tools/bin/../lib/gcc/arm-none-eabi/9.3.1/../../../../arm-none-eabi/lib/thumb/v7e-m+fp/hard\libcr_c.a(alloc.o)
 .rodata._initio.str1.1
                0x0002c971        0x4 c:/nxp/mcuxpressoide_11.3.0_5222/ide/plugins/com.nxp.mcuxpresso.tools.win32_11.3.0.202008311133/tools/bin/../lib/gcc/arm-none-eabi/9.3.1/../../../../arm-none-eabi/lib/thumb/v7e-m+fp/hard\libcr_c.a(initio.o)
 .rodata.__vfprintf.str1.1
                0x0002c975       0x35 c:/nxp/mcuxpressoide_11.3.0_5222/ide/plugins/com.nxp.mcuxpresso.tools.win32_11.3.0.202008311133/tools/bin/../lib/gcc/arm-none-eabi/9.3.1/../../../../arm-none-eabi/lib/thumb/v7e-m+fp/hard\libcr_c.a(printf.o)
                                 0x38 (size before relaxing)
                0x0002c9b0                . = ALIGN (0x8)
 *fill*         0x0002c9aa        0x6 ff

.glue_7         0x0002c9b0        0x0
 .glue_7        0x0002c9b0        0x0 linker stubs

.glue_7t        0x0002c9b0        0x0
 .glue_7t       0x0002c9b0        0x0 linker stubs

.vfp11_veneer   0x0002c9b0        0x0
 .vfp11_veneer  0x0002c9b0        0x0 linker stubs

.v4_bx          0x0002c9b0        0x0
 .v4_bx         0x0002c9b0        0x0 linker stubs

.iplt           0x0002c9b0        0x0
 .iplt          0x0002c9b0        0x0 ./startup/hardware.o

.rel.dyn        0x0002c9b0        0x0
 .rel.iplt      0x0002c9b0        0x0 ./startup/hardware.o

.ARM.extab
 *(SORT_BY_ALIGNMENT(.ARM.extab*) SORT_BY_ALIGNMENT(.gnu.linkonce.armextab.*))

.ARM.exidx      0x0002c9b0        0x0
                0x0002c9b0                __exidx_start = .
 *(SORT_BY_ALIGNMENT(.ARM.exidx*) SORT_BY_ALIGNMENT(.gnu.linkonce.armexidx.*))
                0x0002c9b0                __exidx_end = .
                0x0002c9b0                _etext = .

.m_usb_data
 *(SORT_BY_ALIGNMENT(m_usb_bdt))

.data_RAM2      0x1fff0000        0x0 load address 0x0002c9b0
 FILL mask 0xff
                [!provide]                PROVIDE (__start_data_RAM2 = .)
                [!provide]                PROVIDE (__start_data_SRAM_LOWER = .)
 *(SORT_BY_ALIGNMENT(.ramfunc.$RAM2))
 *(SORT_BY_ALIGNMENT(.ramfunc.$SRAM_LOWER))
 *(SORT_BY_ALIGNMENT(.data.$RAM2))
 *(SORT_BY_ALIGNMENT(.data.$SRAM_LOWER))
 *(SORT_BY_ALIGNMENT(.data.$RAM2.*))
 *(SORT_BY_ALIGNMENT(.data.$SRAM_LOWER.*))
                0x1fff0000                . = ALIGN (0x8)
                [!provide]                PROVIDE (__end_data_RAM2 = .)
                [!provide]                PROVIDE (__end_data_SRAM_LOWER = .)

.data_RAM3      0x14000000        0x0 load address 0x0002c9b0
 FILL mask 0xff
                [!provide]                PROVIDE (__start_data_RAM3 = .)
                [!provide]                PROVIDE (__start_data_FLEX_RAM = .)
 *(SORT_BY_ALIGNMENT(.ramfunc.$RAM3))
 *(SORT_BY_ALIGNMENT(.ramfunc.$FLEX_RAM))
 *(SORT_BY_ALIGNMENT(.data.$RAM3))
 *(SORT_BY_ALIGNMENT(.data.$FLEX_RAM))
 *(SORT_BY_ALIGNMENT(.data.$RAM3.*))
 *(SORT_BY_ALIGNMENT(.data.$FLEX_RAM.*))
                0x14000000                . = ALIGN (0x8)