fsl_sdhc.c:329:17:SDHC_ReceiveCommandResponse	16	static
fsl_sdhc.c:1572:6:SDHC_TransferHandleIRQ	24	static
fsl_sdhc.c:808:6:SDHC_Init	16	static
fsl_sdhc.c:862:6:SDHC_Deinit	8	static
fsl_sdhc.c:879:6:SDHC_Reset	4	static
fsl_sdhc.c:901:6:SDHC_GetCapability	16	static
fsl_sdhc.c:941:10:SDHC_SetSdClock	24	static
fsl_sdhc.c:1044:6:SDHC_SetCardActive	0	static
fsl_sdhc.c:1081:6:SDHC_SetTransferConfig	24	static
fsl_sdhc.c:1104:6:SDHC_EnableSdioControl	4	static
fsl_sdhc.c:1170:6:SDHC_SetMmcBootConfig	16	static
fsl_sdhc.c:1207:10:SDHC_SetAdmaTableConfig	28	static
fsl_sdhc.c:1384:10:SDHC_TransferBlocking	40	static
fsl_sdhc.c:1450:6:SDHC_TransferCreateHandle	24	static
fsl_sdhc.c:1500:10:SDHC_TransferNonBlocking	40	static
fsl_sdhc.c:1605:6:SDHC_DriverIRQHandler	8	static
