fsl_sdhc.h:643:20:SDHC_EnableInterruptStatus	16	static
fsl_sdhc.h:654:20:SDHC_DisableInterruptStatus	16	static
fsl_sdhc.h:665:20:SDHC_EnableInterruptSignal	16	static
fsl_sdhc.h:676:20:SDHC_DisableInterruptSignal	16	static
fsl_sdhc.h:707:24:SDHC_GetInterruptStatusFlags	16	static
fsl_sdhc.h:753:24:SDHC_GetPresentStatusFlags	16	static
fsl_sdhc.h:821:20:SDHC_SetDataBusWidth	16	static
fsl_sdhc.h:832:20:SDHC_CardDetectByData3	16	static
fsl_sdmmc_host.h:181:20:SDMMCHOST_EnableCardInt	16	static
fsl_sdmmc_host.c:57:13:SDMMCHOST_DetectCardInsertByHost	24	static
fsl_sdmmc_host.c:77:13:SDMMCHOST_DetectCardRemoveByHost	24	static
fsl_sdmmc_host.c:94:13:SDMMCHOST_CardInterrupt	24	static
fsl_sdmmc_host.c:109:10:SDMMCHOST_CardIntInit	16	static
fsl_sdmmc_host.c:118:10:SDMMCHOST_CardDetectInit	24	static
fsl_sdmmc_host.c:149:10:SDMMCHOST_CardDetectStatus	16	static
fsl_sdmmc_host.c:157:10:SDMMCHOST_WaitCardDetectStatus	24	static
fsl_sdmmc_host.c:170:13:SDMMCHOST_TransferCompleteCallback	24	static
fsl_sdmmc_host.c:175:10:SDMMCHOST_TransferFunction	24	static
fsl_sdmmc_host.c:196:13:SDMMCHOST_ErrorRecovery	24	static
fsl_sdmmc_host.c:215:6:SDMMCHOST_SetCardPower	16	static
fsl_sdmmc_host.c:220:6:SDMMCHOST_PowerOffCard	16	static
fsl_sdmmc_host.c:229:6:SDMMCHOST_PowerOnCard	16	static
fsl_sdmmc_host.c:244:10:SDMMCHOST_Init	40	static
fsl_sdmmc_host.c:268:6:SDMMCHOST_Reset	16	static
fsl_sdmmc_host.c:273:6:SDMMCHOST_SetCardBusWidth	16	static
fsl_sdmmc_host.c:281:6:SDMMCHOST_Deinit	24	static
fsl_sdmmc_host.c:287:10:SDMMCHOST_StartBoot	24	static
fsl_sdmmc_host.c:296:10:SDMMCHOST_ReadBootData	24	static
