Archive member included to satisfy reference by file (symbol)

c:/nxp/mcuxpressoide_11.2.1_4149/ide/plugins/com.nxp.mcuxpresso.tools.win32_11.2.0.202008311134/tools/bin/../lib/gcc/arm-none-eabi/9.2.1/../../../../arm-none-eabi/lib/thumb/v7e-m+fp/hard\libcr_semihost_nf.a(_cr__main.o)
                              ./startup/startup_mk64f12.o (__main)
c:/nxp/mcuxpressoide_11.2.1_4149/ide/plugins/com.nxp.mcuxpresso.tools.win32_11.2.0.202008311134/tools/bin/../lib/gcc/arm-none-eabi/9.2.1/../../../../arm-none-eabi/lib/thumb/v7e-m+fp/hard\libcr_semihost_nf.a(_cr_assert.o)
                              ./drivers/fsl_clock.o (__assertion_failed)
c:/nxp/mcuxpressoide_11.2.1_4149/ide/plugins/com.nxp.mcuxpresso.tools.win32_11.2.0.202008311134/tools/bin/../lib/gcc/arm-none-eabi/9.2.1/../../../../arm-none-eabi/lib/thumb/v7e-m+fp/hard\libcr_semihost_nf.a(__ciob.o)
                              c:/nxp/mcuxpressoide_11.2.1_4149/ide/plugins/com.nxp.mcuxpresso.tools.win32_11.2.0.202008311134/tools/bin/../lib/gcc/arm-none-eabi/9.2.1/../../../../arm-none-eabi/lib/thumb/v7e-m+fp/hard\libcr_semihost_nf.a(_cr_assert.o) (__Ciob)
c:/nxp/mcuxpressoide_11.2.1_4149/ide/plugins/com.nxp.mcuxpresso.tools.win32_11.2.0.202008311134/tools/bin/../lib/gcc/arm-none-eabi/9.2.1/../../../../arm-none-eabi/lib/thumb/v7e-m+fp/hard\libcr_semihost_nf.a(__sys_appexit.o)
                              c:/nxp/mcuxpressoide_11.2.1_4149/ide/plugins/com.nxp.mcuxpresso.tools.win32_11.2.0.202008311134/tools/bin/../lib/gcc/arm-none-eabi/9.2.1/../../../../arm-none-eabi/lib/thumb/v7e-m+fp/hard\libcr_semihost_nf.a(_cr_assert.o) (__sys_appexit)
c:/nxp/mcuxpressoide_11.2.1_4149/ide/plugins/com.nxp.mcuxpresso.tools.win32_11.2.0.202008311134/tools/bin/../lib/gcc/arm-none-eabi/9.2.1/../../../../arm-none-eabi/lib/thumb/v7e-m+fp/hard\libcr_c.a(memset.o)
                              ./drivers/fsl_dspi.o (memset)
c:/nxp/mcuxpressoide_11.2.1_4149/ide/plugins/com.nxp.mcuxpresso.tools.win32_11.2.0.202008311134/tools/bin/../lib/gcc/arm-none-eabi/9.2.1/../../../../arm-none-eabi/lib/thumb/v7e-m+fp/hard\libcr_c.a(_deferredlazyseek.o)
                              c:/nxp/mcuxpressoide_11.2.1_4149/ide/plugins/com.nxp.mcuxpresso.tools.win32_11.2.0.202008311134/tools/bin/../lib/gcc/arm-none-eabi/9.2.1/../../../../arm-none-eabi/lib/thumb/v7e-m+fp/hard\libcr_semihost_nf.a(_cr_assert.o) (__flsbuf)
c:/nxp/mcuxpressoide_11.2.1_4149/ide/plugins/com.nxp.mcuxpresso.tools.win32_11.2.0.202008311134/tools/bin/../lib/gcc/arm-none-eabi/9.2.1/../../../../arm-none-eabi/lib/thumb/v7e-m+fp/hard\libcr_c.a(_fflush.o)
                              c:/nxp/mcuxpressoide_11.2.1_4149/ide/plugins/com.nxp.mcuxpresso.tools.win32_11.2.0.202008311134/tools/bin/../lib/gcc/arm-none-eabi/9.2.1/../../../../arm-none-eabi/lib/thumb/v7e-m+fp/hard\libcr_c.a(_deferredlazyseek.o) (_fflush)
c:/nxp/mcuxpressoide_11.2.1_4149/ide/plugins/com.nxp.mcuxpresso.tools.win32_11.2.0.202008311134/tools/bin/../lib/gcc/arm-none-eabi/9.2.1/../../../../arm-none-eabi/lib/thumb/v7e-m+fp/hard\libcr_c.a(_writebuf.o)
                              c:/nxp/mcuxpressoide_11.2.1_4149/ide/plugins/com.nxp.mcuxpresso.tools.win32_11.2.0.202008311134/tools/bin/../lib/gcc/arm-none-eabi/9.2.1/../../../../arm-none-eabi/lib/thumb/v7e-m+fp/hard\libcr_c.a(_deferredlazyseek.o) (_Cwritebuf)
c:/nxp/mcuxpressoide_11.2.1_4149/ide/plugins/com.nxp.mcuxpresso.tools.win32_11.2.0.202008311134/tools/bin/../lib/gcc/arm-none-eabi/9.2.1/../../../../arm-none-eabi/lib/thumb/v7e-m+fp/hard\libcr_c.a(alloc.o)
                              ./drivers/fsl_common.o (malloc)
c:/nxp/mcuxpressoide_11.2.1_4149/ide/plugins/com.nxp.mcuxpresso.tools.win32_11.2.0.202008311134/tools/bin/../lib/gcc/arm-none-eabi/9.2.1/../../../../arm-none-eabi/lib/thumb/v7e-m+fp/hard\libcr_c.a(fputs.o)
                              c:/nxp/mcuxpressoide_11.2.1_4149/ide/plugins/com.nxp.mcuxpresso.tools.win32_11.2.0.202008311134/tools/bin/../lib/gcc/arm-none-eabi/9.2.1/../../../../arm-none-eabi/lib/thumb/v7e-m+fp/hard\libcr_semihost_nf.a(_cr_assert.o) (fputs)
c:/nxp/mcuxpressoide_11.2.1_4149/ide/plugins/com.nxp.mcuxpresso.tools.win32_11.2.0.202008311134/tools/bin/../lib/gcc/arm-none-eabi/9.2.1/../../../../arm-none-eabi/lib/thumb/v7e-m+fp/hard\libcr_c.a(fseek.o)
                              c:/nxp/mcuxpressoide_11.2.1_4149/ide/plugins/com.nxp.mcuxpresso.tools.win32_11.2.0.202008311134/tools/bin/../lib/gcc/arm-none-eabi/9.2.1/../../../../arm-none-eabi/lib/thumb/v7e-m+fp/hard\libcr_c.a(_deferredlazyseek.o) (fseek)
c:/nxp/mcuxpressoide_11.2.1_4149/ide/plugins/com.nxp.mcuxpresso.tools.win32_11.2.0.202008311134/tools/bin/../lib/gcc/arm-none-eabi/9.2.1/../../../../arm-none-eabi/lib/thumb/v7e-m+fp/hard\libcr_c.a(ftell.o)
                              c:/nxp/mcuxpressoide_11.2.1_4149/ide/plugins/com.nxp.mcuxpresso.tools.win32_11.2.0.202008311134/tools/bin/../lib/gcc/arm-none-eabi/9.2.1/../../../../arm-none-eabi/lib/thumb/v7e-m+fp/hard\libcr_c.a(fseek.o) (ftell)
[...]
Memory Configuration

Name             Origin             Length             Attributes
PROGRAM_FLASH    0x00000000         0x00100000         xr
SRAM_UPPER       0x20000000         0x00030000         xrw
SRAM_LOWER       0x1fff0000         0x00010000         xrw
FLEX_RAM         0x14000000         0x00001000         xrw
*default*        0x00000000         0xffffffff

Linker script and memory map

LOAD ./startup/hardware.o
LOAD ./startup/main.o
LOAD ./startup/semihost_hardfault.o
LOAD ./startup/startup_mk64f12.o
LOAD ./source/App.o
LOAD ./drivers/LCD_GDM1602A.o
LOAD ./drivers/SPI_wrapper.o
LOAD ./drivers/SysTick.o
LOAD ./drivers/fsl_clock.o
LOAD ./drivers/fsl_common.o
LOAD ./drivers/fsl_dspi.o
LOAD ./device/system_MK64F12.o
LOAD ./component/lists/generic_list.o
START GROUP
LOAD c:/nxp/mcuxpressoide_11.2.1_4149/ide/plugins/com.nxp.mcuxpresso.tools.win32_11.2.0.202008311134/tools/bin/../lib/gcc/arm-none-eabi/9.2.1/../../../../arm-none-eabi/lib/thumb/v7e-m+fp/hard\libcr_semihost_nf.a
LOAD c:/nxp/mcuxpressoide_11.2.1_4149/ide/plugins/com.nxp.mcuxpresso.tools.win32_11.2.0.202008311134/tools/bin/../lib/gcc/arm-none-eabi/9.2.1/../../../../arm-none-eabi/lib/thumb/v7e-m+fp/hard\libcr_c.a
LOAD c:/nxp/mcuxpressoide_11.2.1_4149/ide/plugins/com.nxp.mcuxpresso.tools.win32_11.2.0.202008311134/tools/bin/../lib/gcc/arm-none-eabi/9.2.1/thumb/v7e-m+fp/hard\libcr_eabihelpers.a
LOAD c:/nxp/mcuxpressoide_11.2.1_4149/ide/plugins/com.nxp.mcuxpresso.tools.win32_11.2.0.202008311134/tools/bin/../lib/gcc/arm-none-eabi/9.2.1/thumb/v7e-m+fp/hard\libgcc.a
END GROUP
                0x00000000                __base_PROGRAM_FLASH = 0x0
                0x00000000                __base_Flash = 0x0
                0x00100000                __top_PROGRAM_FLASH = 0x100000
                0x00100000                __top_Flash = 0x100000
                0x20000000                __base_SRAM_UPPER = 0x20000000
                0x20000000                __base_RAM = 0x20000000
                0x20030000                __top_SRAM_UPPER = 0x20030000
                0x20030000                __top_RAM = 0x20030000
                0x1fff0000                __base_SRAM_LOWER = 0x1fff0000
                0x1fff0000                __base_RAM2 = 0x1fff0000
                0x20000000                __top_SRAM_LOWER = 0x20000000
                0x20000000                __top_RAM2 = 0x20000000
                0x14000000                __base_FLEX_RAM = 0x14000000
                0x14000000                __base_RAM3 = 0x14000000
                0x14001000                __top_FLEX_RAM = 0x14001000
                0x14001000                __top_RAM3 = 0x14001000

.text           0x00000000     0x31b0
 FILL mask 0xff
                0x00000000                __vectors_start__ = ABSOLUTE (.)
 *(SORT_BY_ALIGNMENT(.isr_vector))
 .isr_vector    0x00000000      0x198 ./startup/startup_mk64f12.o
                0x00000000                g_pfnVectors
                0x00000000                __Vectors
                0x00000198                . = ALIGN (0x4)
                0x00000198                __section_table_start = .
                0x00000198                __data_section_table = .
                0x00000198        0x4 LONG 0x31b0 LOADADDR (.data)
                0x0000019c        0x4 LONG 0x20000000 ADDR (.data)
                0x000001a0        0x4 LONG 0x28 SIZEOF (.data)
                0x000001a4        0x4 LONG 0x31b0 LOADADDR (.data_RAM2)
                0x000001a8        0x4 LONG 0x1fff0000 ADDR (.data_RAM2)
                0x000001ac        0x4 LONG 0x0 SIZEOF (.data_RAM2)
                0x000001b0        0x4 LONG 0x31b0 LOADADDR (.data_RAM3)
                0x000001b4        0x4 LONG 0x14000000 ADDR (.data_RAM3)
                0x000001b8        0x4 LONG 0x0 SIZEOF (.data_RAM3)
                0x000001bc                __data_section_table_end = .
                0x000001bc                __bss_section_table = .
                0x000001bc        0x4 LONG 0x20000028 ADDR (.bss)
                0x000001c0        0x4 LONG 0xc50 SIZEOF (.bss)
                0x000001c4        0x4 LONG 0x1fff0000 ADDR (.bss_RAM2)
                0x000001c8        0x4 LONG 0x0 SIZEOF (.bss_RAM2)
                0x000001cc        0x4 LONG 0x14000000 ADDR (.bss_RAM3)
                0x000001d0        0x4 LONG 0x0 SIZEOF (.bss_RAM3)
                0x000001d4                __bss_section_table_end = .
                0x000001d4                __section_table_end = .
 *(SORT_BY_ALIGNMENT(.after_vectors*))
 .after_vectors.reset
                0x000001d4       0x4c ./startup/startup_mk64f12.o
                0x000001d4                ResetISR
 .after_vectors.init_data
                0x00000220       0x1e ./startup/startup_mk64f12.o
                0x00000220                data_init
 .after_vectors.init_bss
                0x0000023e       0x12 ./startup/startup_mk64f12.o
                0x0000023e                bss_init
 .after_vectors
                0x00000250       0x14 ./startup/startup_mk64f12.o
                0x00000250                NMI_Handler
                0x00000254                MemManage_Handler
                0x00000256                BusFault_Handler
                0x00000258                UsageFault_Handler
                0x0000025a                SVC_Handler
                0x0000025c                DebugMon_Handler
                0x0000025e                PendSV_Handler
                0x00000262                DMA_Error_DriverIRQHandler
                0x00000262                FTM1_DriverIRQHandler
                0x00000262                FTM2_DriverIRQHandler
                0x00000262                PIT2_DriverIRQHandler
                0x00000262                SDHC_DriverIRQHandler
                0x00000262                I2S0_Tx_DriverIRQHandler
                0x00000262                RTC_Seconds_DriverIRQHandler
                0x00000262                DMA6_DriverIRQHandler
                0x00000262                LLWU_DriverIRQHandler
                0x00000262                MCM_DriverIRQHandler
                0x00000262                MCG_DriverIRQHandler
                0x00000262                ENET_1588_Timer_DriverIRQHandler
                0x00000262                I2C2_DriverIRQHandler
                0x00000262                DAC1_DriverIRQHandler
                0x00000262                LPTMR0_DriverIRQHandler
                0x00000262                CMP1_DriverIRQHandler
                0x00000262                UART5_RX_TX_DriverIRQHandler
                0x00000262                FTM0_DriverIRQHandler
                0x00000262                IntDefaultHandler
                0x00000262                USB0_DriverIRQHandler
                0x00000262                UART5_ERR_DriverIRQHandler
                0x00000262                PORTC_DriverIRQHandler
                0x00000262                DMA11_DriverIRQHandler
                0x00000262                DAC0_DriverIRQHandler
                0x00000262                DMA10_DriverIRQHandler
                0x00000262                CMP2_DriverIRQHandler
                0x00000262                UART2_ERR_DriverIRQHandler
                0x00000262                LVD_LVW_DriverIRQHandler
                0x00000262                PIT0_DriverIRQHandler
                0x00000262                RNG_DriverIRQHandler
                0x00000262                DMA5_DriverIRQHandler
                0x00000262                DMA12_DriverIRQHandler
                0x00000262                UART2_RX_TX_DriverIRQHandler
                0x00000262                USBDCD_DriverIRQHandler
                0x00000262                UART3_ERR_DriverIRQHandler
                0x00000262                DMA3_DriverIRQHandler
                0x00000262                DMA8_DriverIRQHandler
                0x00000262                DMA9_DriverIRQHandler
                0x00000262                UART0_ERR_DriverIRQHandler
                0x00000262                CMT_DriverIRQHandler
                0x00000262                Reserved71_DriverIRQHandler
                0x00000262                ADC1_DriverIRQHandler
                0x00000262                PORTA_DriverIRQHandler
                0x00000262                DMA14_DriverIRQHandler
                0x00000262                PIT3_DriverIRQHandler
                0x00000262                PIT1_DriverIRQHandler
                0x00000262                WDOG_EWM_DriverIRQHandler
                0x00000262                PDB0_DriverIRQHandler
                0x00000262                RTC_DriverIRQHandler
                0x00000262                I2S0_Rx_DriverIRQHandler
                0x00000262                Read_Collision_DriverIRQHandler
                0x00000262                SWI_DriverIRQHandler
                0x00000262                UART4_RX_TX_DriverIRQHandler
                0x00000262                UART4_ERR_DriverIRQHandler
                0x00000262                PORTB_DriverIRQHandler
                0x00000262                UART0_LON_DriverIRQHandler
                0x00000262                DMA0_DriverIRQHandler
                0x00000262                DMA1_DriverIRQHandler
                0x00000262                I2C1_DriverIRQHandler
                0x00000262                UART3_RX_TX_DriverIRQHandler
                0x00000262                ENET_Receive_DriverIRQHandler
                0x00000262                DMA13_DriverIRQHandler
                0x00000262                ENET_Error_DriverIRQHandler
                0x00000262                DMA15_DriverIRQHandler
                0x00000262                UART0_RX_TX_DriverIRQHandler
                0x00000262                ADC0_DriverIRQHandler
                0x00000262                CMP0_DriverIRQHandler
                0x00000262                CAN0_DriverIRQHandler
                0x00000262                FTM3_DriverIRQHandler
                0x00000262                DMA4_DriverIRQHandler
                0x00000262                UART1_ERR_DriverIRQHandler
                0x00000262                DMA2_DriverIRQHandler
                0x00000262                ENET_Transmit_DriverIRQHandler
                0x00000262                PORTD_DriverIRQHandler
                0x00000262                PORTE_DriverIRQHandler
                0x00000262                FTFE_DriverIRQHandler
                0x00000262                I2C0_DriverIRQHandler
                0x00000262                DMA7_DriverIRQHandler
                0x00000262                UART1_RX_TX_DriverIRQHandler
                0x00000400                . = 0x400
 *fill*         0x00000264      0x19c ff
                0x00000400                PROVIDE (__FLASH_CONFIG_START__ = .)
 *(SORT_BY_ALIGNMENT(.FlashConfig))
 .FlashConfig   0x00000400       0x10 ./startup/startup_mk64f12.o
                0x00000400                Flash_Config
                0x00000410                PROVIDE (__FLASH_CONFIG_END__ = .)
                0x00000001                ASSERT (! ((__FLASH_CONFIG_START__ == __FLASH_CONFIG_END__)), Linker Flash Config Support Enabled, but no .FlashConfig section provided within application)
 *(SORT_BY_ALIGNMENT(.text*))
 .text.hw_Init  0x00000410      0x10c ./startup/hardware.o
                0x00000410                hw_Init
 .text.hw_EnableInterrupts
                0x0000051c       0x30 ./startup/hardware.o
                0x0000051c                hw_EnableInterrupts
 .text.hw_DisableInterrupts
                0x0000054c       0x20 ./startup/hardware.o
                0x0000054c                hw_DisableInterrupts
 .text.App_Run  0x0000056c       0x5c ./source/App.o
                0x0000056c                App_Run
 .text.LCD_Init
                0x000005c8       0xf0 ./drivers/LCD_GDM1602A.o
                0x000005c8                LCD_Init
 .text.LCD_isInit
                0x000006b8       0x20 ./drivers/LCD_GDM1602A.o
                0x000006b8                LCD_isInit
 .text.LCD_writeShiftingStr
                0x000006d8      0x13c ./drivers/LCD_GDM1602A.o
                0x000006d8                LCD_writeShiftingStr
 .text.LCD_writeBouncingStr
                0x00000814      0x148 ./drivers/LCD_GDM1602A.o
                0x00000814                LCD_writeBouncingStr
 .text.sendBlock
                0x0000095c       0xf8 ./drivers/LCD_GDM1602A.o
 .text.sendNybble
                0x00000a54       0xac ./drivers/LCD_GDM1602A.o
 .text.initRoutineTimerCallback
                0x00000b00       0x98 ./drivers/LCD_GDM1602A.o
 .text.initRoutineSPICallback
                0x00000b98       0x30 ./drivers/LCD_GDM1602A.o
 .text.shifttingCallback
                0x00000bc8      0x264 ./drivers/LCD_GDM1602A.o
 .text.__NVIC_EnableIRQ
                0x00000e2c       0x3c ./drivers/SPI_wrapper.o
 .text.SPI_Init
                0x00000e68      0x1e0 ./drivers/SPI_wrapper.o
                0x00000e68                SPI_Init
 .text.SPI_Send
                0x00001048      0x234 ./drivers/SPI_wrapper.o
                0x00001048                SPI_Send
 .text.SPI0_IRQHandler
                0x0000127c       0xfc ./drivers/SPI_wrapper.o
                0x0000127c                SPI0_IRQHandler
 .text.SysTick_Init
                0x00001378       0x3c ./drivers/SysTick.o
                0x00001378                SysTick_Init
 .text.SysTick_AddCallback
                0x000013b4       0x6c ./drivers/SysTick.o
                0x000013b4                SysTick_AddCallback
 .text.Systick_ClrCallback
                0x00001420      0x1b8 ./drivers/SysTick.o
                0x00001420                Systick_ClrCallback
 .text.Systick_PauseCallback
                0x000015d8       0x84 ./drivers/SysTick.o
                0x000015d8                Systick_PauseCallback
 .text.Systick_ResumeCallback
                0x0000165c       0x84 ./drivers/SysTick.o
                0x0000165c                Systick_ResumeCallback
 .text.Systick_ChangeCallbackPeriod
                0x000016e0       0xa8 ./drivers/SysTick.o
                0x000016e0                Systick_ChangeCallbackPeriod
 .text.Systick_GetStatus
                0x00001788       0x78 ./drivers/SysTick.o
                0x00001788                Systick_GetStatus
 .text.SysTick_Handler
                0x00001800       0xd0 ./drivers/SysTick.o
                0x00001800                SysTick_Handler
 .text.DSPI_GetInstance
                0x000018d0       0x4c ./drivers/fsl_dspi.o
                0x000018d0                DSPI_GetInstance
 .text.DSPI_SetDummyData
                0x0000191c       0x2c ./drivers/fsl_dspi.o
                0x0000191c                DSPI_SetDummyData
 .text.DSPI_MasterInit
                0x00001948      0x16c ./drivers/fsl_dspi.o
                0x00001948                DSPI_MasterInit
 .text.DSPI_MasterGetDefaultConfig
                0x00001ab4       0x94 ./drivers/fsl_dspi.o
                0x00001ab4                DSPI_MasterGetDefaultConfig
 .text.DSPI_MasterSetBaudRate
                0x00001b48      0x12c ./drivers/fsl_dspi.o
                0x00001b48                DSPI_MasterSetBaudRate
 .text.DSPI_MasterSetDelayScaler
                0x00001c74       0xe8 ./drivers/fsl_dspi.o
                0x00001c74                DSPI_MasterSetDelayScaler
 .text.DSPI_MasterSetDelayTimes
                0x00001d5c      0x130 ./drivers/fsl_dspi.o
                0x00001d5c                DSPI_MasterSetDelayTimes
 .text.DSPI_CommonIRQHandler
                0x00001e8c       0x44 ./drivers/fsl_dspi.o
 .text.SPI1_DriverIRQHandler
                0x00001ed0       0x30 ./drivers/fsl_dspi.o
                0x00001ed0                SPI1_DriverIRQHandler
 .text.SPI2_DriverIRQHandler
                0x00001f00       0x30 ./drivers/fsl_dspi.o
                0x00001f00                SPI2_DriverIRQHandler
 .text.SystemInit
                0x00001f30       0x3c ./device/system_MK64F12.o
                0x00001f30                SystemInit
 .text.__assertion_failed
                0x00001f6c       0x4c c:/nxp/mcuxpressoide_11.2.1_4149/ide/plugins/com.nxp.mcuxpresso.tools.win32_11.2.0.202008311134/tools/bin/../lib/gcc/arm-none-eabi/9.2.1/../../../../arm-none-eabi/lib/thumb/v7e-m+fp/hard\libcr_semihost_nf.a(_cr_assert.o)
                0x00001f6c                __assertion_failed
 .text.__sys_appexit
                0x00001fb8        0xc c:/nxp/mcuxpressoide_11.2.1_4149/ide/plugins/com.nxp.mcuxpresso.tools.win32_11.2.0.202008311134/tools/bin/../lib/gcc/arm-none-eabi/9.2.1/../../../../arm-none-eabi/lib/thumb/v7e-m+fp/hard\libcr_semihost_nf.a(__sys_appexit.o)
                0x00001fb8                __sys_appexit
                0x00001fb8                __exit
 .text._Cwritebuf
                0x00001fc4       0x6c c:/nxp/mcuxpressoide_11.2.1_4149/ide/plugins/com.nxp.mcuxpresso.tools.win32_11.2.0.202008311134/tools/bin/../lib/gcc/arm-none-eabi/9.2.1/../../../../arm-none-eabi/lib/thumb/v7e-m+fp/hard\libcr_c.a(_writebuf.o)
                0x00001fc4                _Cwritebuf
 .text.malloc   0x00002030       0xc8 c:/nxp/mcuxpressoide_11.2.1_4149/ide/plugins/com.nxp.mcuxpresso.tools.win32_11.2.0.202008311134/tools/bin/../lib/gcc/arm-none-eabi/9.2.1/../../../../arm-none-eabi/lib/thumb/v7e-m+fp/hard\libcr_c.a(alloc.o)
                0x00002030                malloc
 .text._Csys_alloc
                0x000020f8       0x20 c:/nxp/mcuxpressoide_11.2.1_4149/ide/plugins/com.nxp.mcuxpresso.tools.win32_11.2.0.202008311134/tools/bin/../lib/gcc/arm-none-eabi/9.2.1/../../../../arm-none-eabi/lib/thumb/v7e-m+fp/hard\libcr_c.a(alloc.o)
                0x000020f8                _Csys_alloc
 .text.fseek    0x00002118      0x100 c:/nxp/mcuxpressoide_11.2.1_4149/ide/plugins/com.nxp.mcuxpresso.tools.win32_11.2.0.202008311134/tools/bin/../lib/gcc/arm-none-eabi/9.2.1/../../../../arm-none-eabi/lib/thumb/v7e-m+fp/hard\libcr_c.a(fseek.o)
                0x00002118                fseek
 .text.ftell    0x00002218       0x44 c:/nxp/mcuxpressoide_11.2.1_4149/ide/plugins/com.nxp.mcuxpresso.tools.win32_11.2.0.202008311134/tools/bin/../lib/gcc/arm-none-eabi/9.2.1/../../../../arm-none-eabi/lib/thumb/v7e-m+fp/hard\libcr_c.a(ftell.o)
                0x00002218                ftell
 .text._initio  0x0000225c       0x78 c:/nxp/mcuxpressoide_11.2.1_4149/ide/plugins/com.nxp.mcuxpresso.tools.win32_11.2.0.202008311134/tools/bin/../lib/gcc/arm-none-eabi/9.2.1/../../../../arm-none-eabi/lib/thumb/v7e-m+fp/hard\libcr_c.a(initio.o)
                0x0000225c                _initio
 .text._sbrk    0x000022d4       0x3c c:/nxp/mcuxpressoide_11.2.1_4149/ide/plugins/com.nxp.mcuxpresso.tools.win32_11.2.0.202008311134/tools/bin/../lib/gcc/arm-none-eabi/9.2.1/../../../../arm-none-eabi/lib/thumb/v7e-m+fp/hard\libcr_c.a(_cr_sbrk.o)
                0x000022d4                _sbrk
 .text.fflush   0x00002310       0x44 c:/nxp/mcuxpressoide_11.2.1_4149/ide/plugins/com.nxp.mcuxpresso.tools.win32_11.2.0.202008311134/tools/bin/../lib/gcc/arm-none-eabi/9.2.1/../../../../arm-none-eabi/lib/thumb/v7e-m+fp/hard\libcr_c.a(fflush.o)
                0x00002310                fflush
 .text.__check_heap_overflow
                0x00002354       0x18 c:/nxp/mcuxpressoide_11.2.1_4149/ide/plugins/com.nxp.mcuxpresso.tools.win32_11.2.0.202008311134/tools/bin/../lib/gcc/arm-none-eabi/9.2.1/../../../../arm-none-eabi/lib/thumb/v7e-m+fp/hard\libcr_c.a(_cr_check_heap.o)
                0x00002354                __check_heap_overflow
 .text.main     0x0000236c       0x1a ./startup/main.o
                0x0000236c                main
 .text.HardFault_Handler
                0x00002386       0x2c ./startup/semihost_hardfault.o
                0x00002386                HardFault_Handler
 .text.DMA0_IRQHandler
                0x000023b2        0x8 ./startup/startup_mk64f12.o
                0x000023b2                DMA0_IRQHandler
 .text.DMA1_IRQHandler
                0x000023ba        0x8 ./startup/startup_mk64f12.o
                0x000023ba                DMA1_IRQHandler
 .text.DMA2_IRQHandler
                0x000023c2        0x8 ./startup/startup_mk64f12.o
                0x000023c2                DMA2_IRQHandler
 .text.DMA3_IRQHandler
                0x000023ca        0x8 ./startup/startup_mk64f12.o
                0x000023ca                DMA3_IRQHandler
 .text.DMA4_IRQHandler
                0x000023d2        0x8 ./startup/startup_mk64f12.o
                0x000023d2                DMA4_IRQHandler
 .text.DMA5_IRQHandler
                0x000023da        0x8 ./startup/startup_mk64f12.o
                0x000023da                DMA5_IRQHandler
 .text.DMA6_IRQHandler
                0x000023e2        0x8 ./startup/startup_mk64f12.o
                0x000023e2                DMA6_IRQHandler
 .text.DMA7_IRQHandler
                0x000023ea        0x8 ./startup/startup_mk64f12.o
                0x000023ea                DMA7_IRQHandler
 .text.DMA8_IRQHandler
                0x000023f2        0x8 ./startup/startup_mk64f12.o
                0x000023f2                DMA8_IRQHandler
 .text.DMA9_IRQHandler
                0x000023fa        0x8 ./startup/startup_mk64f12.o
                0x000023fa                DMA9_IRQHandler
 .text.DMA10_IRQHandler
                0x00002402        0x8 ./startup/startup_mk64f12.o
                0x00002402                DMA10_IRQHandler
 .text.DMA11_IRQHandler
                0x0000240a        0x8 ./startup/startup_mk64f12.o
                0x0000240a                DMA11_IRQHandler
 .text.DMA12_IRQHandler
                0x00002412        0x8 ./startup/startup_mk64f12.o
                0x00002412                DMA12_IRQHandler
 .text.DMA13_IRQHandler
                0x0000241a        0x8 ./startup/startup_mk64f12.o
                0x0000241a                DMA13_IRQHandler
 .text.DMA14_IRQHandler
                0x00002422        0x8 ./startup/startup_mk64f12.o
                0x00002422                DMA14_IRQHandler
 .text.DMA15_IRQHandler
                0x0000242a        0x8 ./startup/startup_mk64f12.o
                0x0000242a                DMA15_IRQHandler
 .text.DMA_Error_IRQHandler
                0x00002432        0x8 ./startup/startup_mk64f12.o
                0x00002432                DMA_Error_IRQHandler
 .text.MCM_IRQHandler
                0x0000243a        0x8 ./startup/startup_mk64f12.o
                0x0000243a                MCM_IRQHandler
 .text.FTFE_IRQHandler
                0x00002442        0x8 ./startup/startup_mk64f12.o
                0x00002442                FTFE_IRQHandler
 .text.Read_Collision_IRQHandler
                0x0000244a        0x8 ./startup/startup_mk64f12.o
                0x0000244a                Read_Collision_IRQHandler
 .text.LVD_LVW_IRQHandler
                0x00002452        0x8 ./startup/startup_mk64f12.o
                0x00002452                LVD_LVW_IRQHandler
 .text.LLWU_IRQHandler
                0x0000245a        0x8 ./startup/startup_mk64f12.o
                0x0000245a                LLWU_IRQHandler
 .text.WDOG_EWM_IRQHandler
                0x00002462        0x8 ./startup/startup_mk64f12.o
                0x00002462                WDOG_EWM_IRQHandler
 .text.RNG_IRQHandler
                0x0000246a        0x8 ./startup/startup_mk64f12.o
                0x0000246a                RNG_IRQHandler
 .text.I2C0_IRQHandler
                0x00002472        0x8 ./startup/startup_mk64f12.o
                0x00002472                I2C0_IRQHandler
 .text.I2C1_IRQHandler
                0x0000247a        0x8 ./startup/startup_mk64f12.o
                0x0000247a                I2C1_IRQHandler
 .text.SPI1_IRQHandler
                0x00002482        0x8 ./startup/startup_mk64f12.o
                0x00002482                SPI1_IRQHandler
 .text.I2S0_Tx_IRQHandler
                0x0000248a        0x8 ./startup/startup_mk64f12.o
                0x0000248a                I2S0_Tx_IRQHandler
 .text.I2S0_Rx_IRQHandler
                0x00002492        0x8 ./startup/startup_mk64f12.o
                0x00002492                I2S0_Rx_IRQHandler
 .text.UART0_LON_IRQHandler
                0x0000249a        0x8 ./startup/startup_mk64f12.o
                0x0000249a                UART0_LON_IRQHandler
 .text.UART0_RX_TX_IRQHandler
                0x000024a2        0x8 ./startup/startup_mk64f12.o
                0x000024a2                UART0_RX_TX_IRQHandler
 .text.UART0_ERR_IRQHandler
                0x000024aa        0x8 ./startup/startup_mk64f12.o
                0x000024aa                UART0_ERR_IRQHandler
 .text.UART1_RX_TX_IRQHandler
                0x000024b2        0x8 ./startup/startup_mk64f12.o
                0x000024b2                UART1_RX_TX_IRQHandler
 .text.UART1_ERR_IRQHandler
                0x000024ba        0x8 ./startup/startup_mk64f12.o
                0x000024ba                UART1_ERR_IRQHandler
 .text.UART2_RX_TX_IRQHandler
                0x000024c2        0x8 ./startup/startup_mk64f12.o
                0x000024c2                UART2_RX_TX_IRQHandler
 .text.UART2_ERR_IRQHandler
                0x000024ca        0x8 ./startup/startup_mk64f12.o
                0x000024ca                UART2_ERR_IRQHandler
 .text.UART3_RX_TX_IRQHandler
                0x000024d2        0x8 ./startup/startup_mk64f12.o
                0x000024d2                UART3_RX_TX_IRQHandler
 .text.UART3_ERR_IRQHandler
                0x000024da        0x8 ./startup/startup_mk64f12.o
                0x000024da                UART3_ERR_IRQHandler
 .text.ADC0_IRQHandler
                0x000024e2        0x8 ./startup/startup_mk64f12.o
                0x000024e2                ADC0_IRQHandler
 .text.CMP0_IRQHandler
                0x000024ea        0x8 ./startup/startup_mk64f12.o
                0x000024ea                CMP0_IRQHandler
 .text.CMP1_IRQHandler
                0x000024f2        0x8 ./startup/startup_mk64f12.o
                0x000024f2                CMP1_IRQHandler
 .text.FTM0_IRQHandler
                0x000024fa        0x8 ./startup/startup_mk64f12.o
                0x000024fa                FTM0_IRQHandler
 .text.FTM1_IRQHandler
                0x00002502        0x8 ./startup/startup_mk64f12.o
                0x00002502                FTM1_IRQHandler
 .text.FTM2_IRQHandler
                0x0000250a        0x8 ./startup/startup_mk64f12.o
                0x0000250a                FTM2_IRQHandler
 .text.CMT_IRQHandler
                0x00002512        0x8 ./startup/startup_mk64f12.o
                0x00002512                CMT_IRQHandler
 .text.RTC_IRQHandler
                0x0000251a        0x8 ./startup/startup_mk64f12.o
                0x0000251a                RTC_IRQHandler
 .text.RTC_Seconds_IRQHandler
                0x00002522        0x8 ./startup/startup_mk64f12.o
                0x00002522                RTC_Seconds_IRQHandler
 .text.PIT0_IRQHandler
                0x0000252a        0x8 ./startup/startup_mk64f12.o
                0x0000252a                PIT0_IRQHandler
 .text.PIT1_IRQHandler
                0x00002532        0x8 ./startup/startup_mk64f12.o
                0x00002532                PIT1_IRQHandler
 .text.PIT2_IRQHandler
                0x0000253a        0x8 ./startup/startup_mk64f12.o
                0x0000253a                PIT2_IRQHandler
 .text.PIT3_IRQHandler
                0x00002542        0x8 ./startup/startup_mk64f12.o
                0x00002542                PIT3_IRQHandler
 .text.PDB0_IRQHandler
                0x0000254a        0x8 ./startup/startup_mk64f12.o
                0x0000254a                PDB0_IRQHandler
 .text.USB0_IRQHandler
                0x00002552        0x8 ./startup/startup_mk64f12.o
                0x00002552                USB0_IRQHandler
 .text.USBDCD_IRQHandler
                0x0000255a        0x8 ./startup/startup_mk64f12.o
                0x0000255a                USBDCD_IRQHandler
 .text.Reserved71_IRQHandler
                0x00002562        0x8 ./startup/startup_mk64f12.o
                0x00002562                Reserved71_IRQHandler
 .text.DAC0_IRQHandler
                0x0000256a        0x8 ./startup/startup_mk64f12.o
                0x0000256a                DAC0_IRQHandler
 .text.MCG_IRQHandler
                0x00002572        0x8 ./startup/startup_mk64f12.o
                0x00002572                MCG_IRQHandler
 .text.LPTMR0_IRQHandler
                0x0000257a        0x8 ./startup/startup_mk64f12.o
                0x0000257a                LPTMR0_IRQHandler
 .text.PORTA_IRQHandler
                0x00002582        0x8 ./startup/startup_mk64f12.o
                0x00002582                PORTA_IRQHandler
 .text.PORTB_IRQHandler
                0x0000258a        0x8 ./startup/startup_mk64f12.o
                0x0000258a                PORTB_IRQHandler
 .text.PORTC_IRQHandler
                0x00002592        0x8 ./startup/startup_mk64f12.o
                0x00002592                PORTC_IRQHandler
 .text.PORTD_IRQHandler
                0x0000259a        0x8 ./startup/startup_mk64f12.o
                0x0000259a                PORTD_IRQHandler
 .text.PORTE_IRQHandler
                0x000025a2        0x8 ./startup/startup_mk64f12.o
                0x000025a2                PORTE_IRQHandler
 .text.SWI_IRQHandler
                0x000025aa        0x8 ./startup/startup_mk64f12.o
                0x000025aa                SWI_IRQHandler
 .text.SPI2_IRQHandler
                0x000025b2        0x8 ./startup/startup_mk64f12.o
                0x000025b2                SPI2_IRQHandler
 .text.UART4_RX_TX_IRQHandler
                0x000025ba        0x8 ./startup/startup_mk64f12.o
                0x000025ba                UART4_RX_TX_IRQHandler
 .text.UART4_ERR_IRQHandler
                0x000025c2        0x8 ./startup/startup_mk64f12.o
                0x000025c2                UART4_ERR_IRQHandler
 .text.UART5_RX_TX_IRQHandler
                0x000025ca        0x8 ./startup/startup_mk64f12.o
                0x000025ca                UART5_RX_TX_IRQHandler
 .text.UART5_ERR_IRQHandler
                0x000025d2        0x8 ./startup/startup_mk64f12.o
                0x000025d2                UART5_ERR_IRQHandler
 .text.CMP2_IRQHandler
                0x000025da        0x8 ./startup/startup_mk64f12.o
                0x000025da                CMP2_IRQHandler
 .text.FTM3_IRQHandler
                0x000025e2        0x8 ./startup/startup_mk64f12.o
                0x000025e2                FTM3_IRQHandler
 .text.DAC1_IRQHandler
                0x000025ea        0x8 ./startup/startup_mk64f12.o
                0x000025ea                DAC1_IRQHandler
 .text.ADC1_IRQHandler
                0x000025f2        0x8 ./startup/startup_mk64f12.o
                0x000025f2                ADC1_IRQHandler
 .text.I2C2_IRQHandler
                0x000025fa        0x8 ./startup/startup_mk64f12.o
                0x000025fa                I2C2_IRQHandler
 .text.CAN0_ORed_Message_buffer_IRQHandler
                0x00002602        0x8 ./startup/startup_mk64f12.o
                0x00002602                CAN0_ORed_Message_buffer_IRQHandler
 .text.CAN0_Bus_Off_IRQHandler
                0x0000260a        0x8 ./startup/startup_mk64f12.o
                0x0000260a                CAN0_Bus_Off_IRQHandler
 .text.CAN0_Error_IRQHandler
                0x00002612        0x8 ./startup/startup_mk64f12.o
                0x00002612                CAN0_Error_IRQHandler
 .text.CAN0_Tx_Warning_IRQHandler
                0x0000261a        0x8 ./startup/startup_mk64f12.o
                0x0000261a                CAN0_Tx_Warning_IRQHandler
 .text.CAN0_Rx_Warning_IRQHandler
                0x00002622        0x8 ./startup/startup_mk64f12.o
                0x00002622                CAN0_Rx_Warning_IRQHandler
 .text.CAN0_Wake_Up_IRQHandler
                0x0000262a        0x8 ./startup/startup_mk64f12.o
                0x0000262a                CAN0_Wake_Up_IRQHandler
 .text.SDHC_IRQHandler
                0x00002632        0x8 ./startup/startup_mk64f12.o
                0x00002632                SDHC_IRQHandler
 .text.ENET_1588_Timer_IRQHandler
                0x0000263a        0x8 ./startup/startup_mk64f12.o
                0x0000263a                ENET_1588_Timer_IRQHandler
 .text.ENET_Transmit_IRQHandler
                0x00002642        0x8 ./startup/startup_mk64f12.o
                0x00002642                ENET_Transmit_IRQHandler
 .text.ENET_Receive_IRQHandler
                0x0000264a        0x8 ./startup/startup_mk64f12.o
                0x0000264a                ENET_Receive_IRQHandler
 .text.ENET_Error_IRQHandler
                0x00002652        0x8 ./startup/startup_mk64f12.o
                0x00002652                ENET_Error_IRQHandler
 .text.App_Init
                0x0000265a        0xc ./source/App.o
                0x0000265a                App_Init
 .text.LCD_writeData
                0x00002666       0x1c ./drivers/LCD_GDM1602A.o
                0x00002666                LCD_writeData
 .text.LCD_setCursor
                0x00002682       0x44 ./drivers/LCD_GDM1602A.o
                0x00002682                LCD_setCursor
 .text.LCD_writeStrInPos
                0x000026c6       0x64 ./drivers/LCD_GDM1602A.o
                0x000026c6                LCD_writeStrInPos
 .text.LCD_writeInstruction
                0x0000272a       0x1c ./drivers/LCD_GDM1602A.o
 .text.CLOCK_EnableClock
                0x00002746       0x34 ./drivers/SPI_wrapper.o
 .text.EnableIRQ
                0x0000277a       0x2c ./drivers/SPI_wrapper.o
 .text.PORT_SetPinMux
                0x000027a6       0x3a ./drivers/SPI_wrapper.o
 .text.DSPI_GetStatusFlags
                0x000027e0       0x18 ./drivers/SPI_wrapper.o
 .text.DSPI_ClearStatusFlags
                0x000027f8       0x1c ./drivers/SPI_wrapper.o
 .text.DSPI_DisableInterrupts
                0x00002814       0x24 ./drivers/SPI_wrapper.o
 .text.DSPI_StartTransfer
                0x00002838       0x20 ./drivers/SPI_wrapper.o
 .text.DSPI_StopTransfer
                0x00002858       0x20 ./drivers/SPI_wrapper.o
 .text.DSPI_FlushFifo
                0x00002878       0x48 ./drivers/SPI_wrapper.o
 .text.DSPI_MasterGetFormattedCommand
                0x000028c0       0x4a ./drivers/SPI_wrapper.o
 .text.getArrayEffectiveLength
                0x0000290a       0x54 ./drivers/SysTick.o
 .text.CLOCK_EnableClock
                0x0000295e       0x34 ./drivers/fsl_dspi.o
 .text.DSPI_Enable
                0x00002992       0x38 ./drivers/fsl_dspi.o
 .text.DSPI_SetMasterSlaveMode
                0x000029ca       0x2a ./drivers/fsl_dspi.o
 .text.DSPI_IsMaster
                0x000029f4       0x26 ./drivers/fsl_dspi.o
 .text.DSPI_StartTransfer
                0x00002a1a       0x20 ./drivers/fsl_dspi.o
 .text.DSPI_StopTransfer
                0x00002a3a       0x20 ./drivers/fsl_dspi.o
 .text.DSPI_SetOnePcsPolarity
                0x00002a5a       0x4e ./drivers/fsl_dspi.o
 .text.DSPI_EnableInterrupts
                0x00002aa8       0x4e ./drivers/fsl_dspi.o
                0x00002aa8                DSPI_EnableInterrupts
 .text.SystemInitHook
                0x00002af6        0xe ./device/system_MK64F12.o
                0x00002af6                SystemInitHook
 .text.__main   0x00002b04        0xe c:/nxp/mcuxpressoide_11.2.1_4149/ide/plugins/com.nxp.mcuxpresso.tools.win32_11.2.0.202008311134/tools/bin/../lib/gcc/arm-none-eabi/9.2.1/../../../../arm-none-eabi/lib/thumb/v7e-m+fp/hard\libcr_semihost_nf.a(_cr__main.o)
                0x00002b04                __CR_SEMIHOST
                0x00002b04                __main
 .text.memset   0x00002b12        0x4 c:/nxp/mcuxpressoide_11.2.1_4149/ide/plugins/com.nxp.mcuxpresso.tools.win32_11.2.0.202008311134/tools/bin/../lib/gcc/arm-none-eabi/9.2.1/../../../../arm-none-eabi/lib/thumb/v7e-m+fp/hard\libcr_c.a(memset.o)
                0x00002b12                memset
 .text._deferredlazyseek
                0x00002b16       0x40 c:/nxp/mcuxpressoide_11.2.1_4149/ide/plugins/com.nxp.mcuxpresso.tools.win32_11.2.0.202008311134/tools/bin/../lib/gcc/arm-none-eabi/9.2.1/../../../../arm-none-eabi/lib/thumb/v7e-m+fp/hard\libcr_c.a(_deferredlazyseek.o)
                0x00002b16                _deferredlazyseek
 .text.__flsbuf
                0x00002b56      0x140 c:/nxp/mcuxpressoide_11.2.1_4149/ide/plugins/com.nxp.mcuxpresso.tools.win32_11.2.0.202008311134/tools/bin/../lib/gcc/arm-none-eabi/9.2.1/../../../../arm-none-eabi/lib/thumb/v7e-m+fp/hard\libcr_c.a(_deferredlazyseek.o)
                0x00002b56                __flsbuf
 .text._fflush  0x00002c96       0x52 c:/nxp/mcuxpressoide_11.2.1_4149/ide/plugins/com.nxp.mcuxpresso.tools.win32_11.2.0.202008311134/tools/bin/../lib/gcc/arm-none-eabi/9.2.1/../../../../arm-none-eabi/lib/thumb/v7e-m+fp/hard\libcr_c.a(_fflush.o)
                0x00002c96                _fflush
 .text.free     0x00002ce8       0x30 c:/nxp/mcuxpressoide_11.2.1_4149/ide/plugins/com.nxp.mcuxpresso.tools.win32_11.2.0.202008311134/tools/bin/../lib/gcc/arm-none-eabi/9.2.1/../../../../arm-none-eabi/lib/thumb/v7e-m+fp/hard\libcr_c.a(alloc.o)
                0x00002ce8                free
 .text.fputs    0x00002d18       0x2c c:/nxp/mcuxpressoide_11.2.1_4149/ide/plugins/com.nxp.mcuxpresso.tools.win32_11.2.0.202008311134/tools/bin/../lib/gcc/arm-none-eabi/9.2.1/../../../../arm-none-eabi/lib/thumb/v7e-m+fp/hard\libcr_c.a(fputs.o)
                0x00002d18                fputs
 .text.setvbuf  0x00002d44       0x3e c:/nxp/mcuxpressoide_11.2.1_4149/ide/plugins/com.nxp.mcuxpresso.tools.win32_11.2.0.202008311134/tools/bin/../lib/gcc/arm-none-eabi/9.2.1/../../../../arm-none-eabi/lib/thumb/v7e-m+fp/hard\libcr_c.a(setvbuf.o)
                0x00002d44                setvbuf
 .text._fdopen  0x00002d82       0x68 c:/nxp/mcuxpressoide_11.2.1_4149/ide/plugins/com.nxp.mcuxpresso.tools.win32_11.2.0.202008311134/tools/bin/../lib/gcc/arm-none-eabi/9.2.1/../../../../arm-none-eabi/lib/thumb/v7e-m+fp/hard\libcr_c.a(_fdopen.o)
                0x00002d82                _fdopen
 .text.fclose   0x00002dea       0x58 c:/nxp/mcuxpressoide_11.2.1_4149/ide/plugins/com.nxp.mcuxpresso.tools.win32_11.2.0.202008311134/tools/bin/../lib/gcc/arm-none-eabi/9.2.1/../../../../arm-none-eabi/lib/thumb/v7e-m+fp/hard\libcr_c.a(fclose.o)
                0x00002dea                fclose
 .text.remove   0x00002e42       0x14 c:/nxp/mcuxpressoide_11.2.1_4149/ide/plugins/com.nxp.mcuxpresso.tools.win32_11.2.0.202008311134/tools/bin/../lib/gcc/arm-none-eabi/9.2.1/../../../../arm-none-eabi/lib/thumb/v7e-m+fp/hard\libcr_c.a(remove.o)
                0x00002e42                remove
 .text.strlen   0x00002e56       0x4c c:/nxp/mcuxpressoide_11.2.1_4149/ide/plugins/com.nxp.mcuxpresso.tools.win32_11.2.0.202008311134/tools/bin/../lib/gcc/arm-none-eabi/9.2.1/../../../../arm-none-eabi/lib/thumb/v7e-m+fp/hard\libcr_c.a(strlen.o)
                0x00002e56                strlen
 .text._do_fflush
                0x00002ea2       0x40 c:/nxp/mcuxpressoide_11.2.1_4149/ide/plugins/com.nxp.mcuxpresso.tools.win32_11.2.0.202008311134/tools/bin/../lib/gcc/arm-none-eabi/9.2.1/../../../../arm-none-eabi/lib/thumb/v7e-m+fp/hard\libcr_c.a(_do_fflush.o)
                0x00002ea2                _do_fflush
 .text.__aeabi_memset_lowlevel
                0x00002ee2       0x32 c:/nxp/mcuxpressoide_11.2.1_4149/ide/plugins/com.nxp.mcuxpresso.tools.win32_11.2.0.202008311134/tools/bin/../lib/gcc/arm-none-eabi/9.2.1/thumb/v7e-m+fp/hard\libcr_eabihelpers.a(memcpy.o)
                0x00002ee2                __aeabi_lowlevel_memset
 .text.__sys_close
                0x00002f14        0xc c:/nxp/mcuxpressoide_11.2.1_4149/ide/plugins/com.nxp.mcuxpresso.tools.win32_11.2.0.202008311134/tools/bin/../lib/gcc/arm-none-eabi/9.2.1/../../../../arm-none-eabi/lib/thumb/v7e-m+fp/hard\libcr_semihost_nf.a(__sys_close.o)
                0x00002f14                __sys_close
 .text.__sys_flen
                0x00002f20        0xc c:/nxp/mcuxpressoide_11.2.1_4149/ide/plugins/com.nxp.mcuxpresso.tools.win32_11.2.0.202008311134/tools/bin/../lib/gcc/arm-none-eabi/9.2.1/../../../../arm-none-eabi/lib/thumb/v7e-m+fp/hard\libcr_semihost_nf.a(__sys_flen.o)
                0x00002f20                __sys_flen
 .text.__sys_istty
                0x00002f2c        0xc c:/nxp/mcuxpressoide_11.2.1_4149/ide/plugins/com.nxp.mcuxpresso.tools.win32_11.2.0.202008311134/tools/bin/../lib/gcc/arm-none-eabi/9.2.1/../../../../arm-none-eabi/lib/thumb/v7e-m+fp/hard\libcr_semihost_nf.a(__sys_istty.o)
                0x00002f2c                __sys_istty
 .text.__sys_remove
                0x00002f38        0xc c:/nxp/mcuxpressoide_11.2.1_4149/ide/plugins/com.nxp.mcuxpresso.tools.win32_11.2.0.202008311134/tools/bin/../lib/gcc/arm-none-eabi/9.2.1/../../../../arm-none-eabi/lib/thumb/v7e-m+fp/hard\libcr_semihost_nf.a(__sys_remove.o)
                0x00002f38                __sys_remove
 .text.__sys_seek
                0x00002f44        0xc c:/nxp/mcuxpressoide_11.2.1_4149/ide/plugins/com.nxp.mcuxpresso.tools.win32_11.2.0.202008311134/tools/bin/../lib/gcc/arm-none-eabi/9.2.1/../../../../arm-none-eabi/lib/thumb/v7e-m+fp/hard\libcr_semihost_nf.a(__sys_seek.o)
                0x00002f44                __sys_seek
 .text.__sys_tmpnam
                0x00002f50        0xc c:/nxp/mcuxpressoide_11.2.1_4149/ide/plugins/com.nxp.mcuxpresso.tools.win32_11.2.0.202008311134/tools/bin/../lib/gcc/arm-none-eabi/9.2.1/../../../../arm-none-eabi/lib/thumb/v7e-m+fp/hard\libcr_semihost_nf.a(__sys_tmpnam.o)
                0x00002f50                __sys_tmpnam
 .text.__sys_write
                0x00002f5c        0xc c:/nxp/mcuxpressoide_11.2.1_4149/ide/plugins/com.nxp.mcuxpresso.tools.win32_11.2.0.202008311134/tools/bin/../lib/gcc/arm-none-eabi/9.2.1/../../../../arm-none-eabi/lib/thumb/v7e-m+fp/hard\libcr_semihost_nf.a(__sys_write.o)
                0x00002f5c                __sys_write
 *(SORT_BY_ALIGNMENT(.rodata) SORT_BY_ALIGNMENT(.rodata.*) SORT_BY_ALIGNMENT(.constdata) SORT_BY_ALIGNMENT(.constdata.*))
 .rodata.App_Run.str1.4
                0x00002f68       0x44 ./source/App.o
 .rodata.s_baudratePrescaler
                0x00002fac       0x10 ./drivers/fsl_dspi.o
 .rodata.s_baudrateScaler
                0x00002fbc       0x40 ./drivers/fsl_dspi.o
 .rodata.s_delayPrescaler
                0x00002ffc       0x10 ./drivers/fsl_dspi.o
 .rodata.s_delayScaler
                0x0000300c       0x40 ./drivers/fsl_dspi.o
 .rodata.s_dspiBases
                0x0000304c        0xc ./drivers/fsl_dspi.o
 .rodata.s_dspiClock
                0x00003058        0xc ./drivers/fsl_dspi.o
 .rodata.DSPI_GetInstance.str1.4
                0x00003064       0x35 ./drivers/fsl_dspi.o
 *fill*         0x00003099        0x3 ff
 .rodata.DSPI_MasterInit.str1.4
                0x0000309c       0x40 ./drivers/fsl_dspi.o
 .rodata.DSPI_MasterGetDefaultConfig.str1.4
                0x000030dc       0x27 ./drivers/fsl_dspi.o
 *fill*         0x00003103        0x1 ff
 .rodata.DSPI_MasterSetDelayScaler.str1.4
                0x00003104       0x18 ./drivers/fsl_dspi.o
 .rodata.SPI1_DriverIRQHandler.str1.4
                0x0000311c       0x2b ./drivers/fsl_dspi.o
 *fill*         0x00003147        0x1 ff
 .rodata.SPI2_DriverIRQHandler.str1.4
                0x00003148       0x2b ./drivers/fsl_dspi.o
 *fill*         0x00003173        0x1 ff
 .rodata.__num_Ciob_streams
                0x00003174        0x4 c:/nxp/mcuxpressoide_11.2.1_4149/ide/plugins/com.nxp.mcuxpresso.tools.win32_11.2.0.202008311134/tools/bin/../lib/gcc/arm-none-eabi/9.2.1/../../../../arm-none-eabi/lib/thumb/v7e-m+fp/hard\libcr_semihost_nf.a(__ciob.o)
                0x00003174                __num_Ciob_streams
 .rodata.__assertion_failed.str1.1
                0x00003178       0x15 c:/nxp/mcuxpressoide_11.2.1_4149/ide/plugins/com.nxp.mcuxpresso.tools.win32_11.2.0.202008311134/tools/bin/../lib/gcc/arm-none-eabi/9.2.1/../../../../arm-none-eabi/lib/thumb/v7e-m+fp/hard\libcr_semihost_nf.a(_cr_assert.o)
 .rodata._Csys_alloc.str1.1
                0x0000318d       0x18 c:/nxp/mcuxpressoide_11.2.1_4149/ide/plugins/com.nxp.mcuxpresso.tools.win32_11.2.0.202008311134/tools/bin/../lib/gcc/arm-none-eabi/9.2.1/../../../../arm-none-eabi/lib/thumb/v7e-m+fp/hard\libcr_c.a(alloc.o)
 .rodata._initio.str1.1
                0x000031a5        0x4 c:/nxp/mcuxpressoide_11.2.1_4149/ide/plugins/com.nxp.mcuxpresso.tools.win32_11.2.0.202008311134/tools/bin/../lib/gcc/arm-none-eabi/9.2.1/../../../../arm-none-eabi/lib/thumb/v7e-m+fp/hard\libcr_c.a(initio.o)
                0x000031b0                . = ALIGN (0x8)
 *fill*         0x000031a9        0x7 ff

.glue_7         0x000031b0        0x0
 .glue_7        0x000031b0        0x0 linker stubs

.glue_7t        0x000031b0        0x0
 .glue_7t       0x000031b0        0x0 linker stubs

.vfp11_veneer   0x000031b0        0x0
 .vfp11_veneer  0x000031b0        0x0 linker stubs

.v4_bx          0x000031b0        0x0
 .v4_bx         0x000031b0        0x0 linker stubs

.iplt           0x000031b0        0x0
 .iplt          0x000031b0        0x0 ./startup/hardware.o

.rel.dyn        0x000031b0        0x0
 .rel.iplt      0x000031b0        0x0 ./startup/hardware.o

.ARM.extab
 *(SORT_BY_ALIGNMENT(.ARM.extab*) SORT_BY_ALIGNMENT(.gnu.linkonce.armextab.*))

.ARM.exidx      0x000031b0        0x0
                0x000031b0                __exidx_start = .
 *(SORT_BY_ALIGNMENT(.ARM.exidx*) SORT_BY_ALIGNMENT(.gnu.linkonce.armexidx.*))
                0x000031b0                __exidx_end = .
                0x000031b0                _etext = .

.m_usb_data
 *(SORT_BY_ALIGNMENT(m_usb_bdt))

.data_RAM2      0x1fff0000        0x0 load address 0x000031b0
 FILL mask 0xff
                [!provide]                PROVIDE (__start_data_RAM2 = .)
                [!provide]                PROVIDE (__start_data_SRAM_LOWER = .)
 *(SORT_BY_ALIGNMENT(.ramfunc.$RAM2))
 *(SORT_BY_ALIGNMENT(.ramfunc.$SRAM_LOWER))
 *(SORT_BY_ALIGNMENT(.data.$RAM2))
 *(SORT_BY_ALIGNMENT(.data.$SRAM_LOWER))
 *(SORT_BY_ALIGNMENT(.data.$RAM2.*))
 *(SORT_BY_ALIGNMENT(.data.$SRAM_LOWER.*))
                0x1fff0000                . = ALIGN (0x8)
                [!provide]                PROVIDE (__end_data_RAM2 = .)
                [!provide]                PROVIDE (__end_data_SRAM_LOWER = .)

.data_RAM3      0x14000000        0x0 load address 0x000031b0
 FILL mask 0xff
                [!provide]                PROVIDE (__start_data_RAM3 = .)
                [!provide]                PROVIDE (__start_data_FLEX_RAM = .)
 *(SORT_BY_ALIGNMENT(.ramfunc.$RAM3))
 *(SORT_BY_ALIGNMENT(.ramfunc.$FLEX_RAM))
 *(SORT_BY_ALIGNMENT(.data.$RAM3))
 *(SORT_BY_ALIGNMENT(.data.$FLEX_RAM))
 *(SORT_BY_ALIGNMENT(.data.$RAM3.*))
 *(SORT_BY_ALIGNMENT(.data.$FLEX_RAM.*))
                0x14000000                . = ALIGN (0x8)
                [!provide]                PROVIDE (__end_data_RAM3 = .)
                [!provide]                PROVIDE (__end_data_FLEX_RAM = .)

.uninit_RESERVED
                0x20000000        0x0
                0x20000000                _start_uninit_RESERVED = .
 *(SORT_BY_ALIGNMENT(.bss.$RESERVED*))
                0x20000000                . = ALIGN (0x8)
                0x20000000                _end_uninit_RESERVED = .

.data           0x20000000       0x28 load address 0x000031b0
 FILL mask 0xff
                0x20000000                _data = .
                [!provide]                PROVIDE (__start_data_RAM = .)
                [!provide]                PROVIDE (__start_data_SRAM_UPPER = .)
 *(SORT_BY_ALIGNMENT(vtable))
 *(SORT_BY_ALIGNMENT(.ramfunc*))
 *(SORT_BY_ALIGNMENT(CodeQuickAccess))
 *(SORT_BY_ALIGNMENT(DataQuickAccess))
 *(SORT_BY_ALIGNMENT(RamFunction))
 *(SORT_BY_ALIGNMENT(.data*))
 .data.init_instructions
                0x20000000        0xa ./drivers/LCD_GDM1602A.o
 *fill*         0x2000000a        0x2 ff
 .data.init_delays
                0x2000000c        0xa ./drivers/LCD_GDM1602A.o
 *fill*         0x20000016        0x2 ff
 .data.p_spi    0x20000018        0xc ./drivers/SPI_wrapper.o
 .data.p_out_front
                0x20000024        0x2 ./drivers/SPI_wrapper.o
 .data.send_status
                0x20000026        0x1 ./drivers/LCD_GDM1602A.o
                0x20000028                . = ALIGN (0x8)
 *fill*         0x20000027        0x1 ff
                0x20000028                _edata = .
                [!provide]                PROVIDE (__end_data_RAM = .)
                [!provide]                PROVIDE (__end_data_SRAM_UPPER = .)

.igot.plt       0x20000028        0x0 load address 0x000031d8
 .igot.plt      0x20000028        0x0 ./startup/hardware.o

.bss_RAM2       0x1fff0000        0x0
                [!provide]                PROVIDE (__start_bss_RAM2 = .)
                [!provide]                PROVIDE (__start_bss_SRAM_LOWER = .)
 *(SORT_BY_ALIGNMENT(.bss.$RAM2))
 *(SORT_BY_ALIGNMENT(.bss.$SRAM_LOWER))
 *(SORT_BY_ALIGNMENT(.bss.$RAM2.*))
 *(SORT_BY_ALIGNMENT(.bss.$SRAM_LOWER.*))
                0x1fff0000                . = ALIGN ((. != 0x0)?0x8:0x1)
                [!provide]                PROVIDE (__end_bss_RAM2 = .)
                [!provide]                PROVIDE (__end_bss_SRAM_LOWER = .)

.bss_RAM3       0x14000000        0x0
                [!provide]                PROVIDE (__start_bss_RAM3 = .)
                [!provide]                PROVIDE (__start_bss_FLEX_RAM = .)
 *(SORT_BY_ALIGNMENT(.bss.$RAM3))
 *(SORT_BY_ALIGNMENT(.bss.$FLEX_RAM))
 *(SORT_BY_ALIGNMENT(.bss.$RAM3.*))
 *(SORT_BY_ALIGNMENT(.bss.$FLEX_RAM.*))
                0x14000000                . = ALIGN ((. != 0x0)?0x8:0x1)
                [!provide]                PROVIDE (__end_bss_RAM3 = .)
                [!provide]                PROVIDE (__end_bss_FLEX_RAM = .)

.bss            0x20000028      0xc50
                0x20000028                _bss = .
                [!provide]                PROVIDE (__start_bss_RAM = .)
                [!provide]                PROVIDE (__start_bss_SRAM_UPPER = .)
 *(SORT_BY_ALIGNMENT(.bss*))
 .bss.__LDM_interruptDisableCount
                0x20000028        0x4 ./startup/hardware.o
 .bss.lcdLines  0x2000002c       0x72 ./drivers/LCD_GDM1602A.o
 *fill*         0x2000009e        0x2 
 .bss.buffer_out
                0x200000a0      0x960 ./drivers/SPI_wrapper.o
 .bss.masterCommand
                0x20000a00        0x4 ./drivers/SPI_wrapper.o
 .bss.sysTickElements
                0x20000a04      0x190 ./drivers/SysTick.o
 .bss.idCounter
                0x20000b94        0x4 ./drivers/SysTick.o
 .bss.g_dspiHandle
                0x20000b98        0xc ./drivers/fsl_dspi.o
 .bss.s_dspiMasterIsr
                0x20000ba4        0x4 ./drivers/fsl_dspi.o
 .bss.s_dspiSlaveIsr
                0x20000ba8        0x4 ./drivers/fsl_dspi.o
 .bss.g_dspiDummyData
                0x20000bac        0x3 ./drivers/fsl_dspi.o
                0x20000bac                g_dspiDummyData
 *fill*         0x20000baf        0x1 
 .bss.__Ciob    0x20000bb0       0xb4 c:/nxp/mcuxpressoide_11.2.1_4149/ide/plugins/com.nxp.mcuxpresso.tools.win32_11.2.0.202008311134/tools/bin/../lib/gcc/arm-none-eabi/9.2.1/../../../../arm-none-eabi/lib/thumb/v7e-m+fp/hard\libcr_semihost_nf.a(__ciob.o)
                0x20000bb0                __Ciob
 .bss.__end_of_heap
                0x20000c64        0x4 c:/nxp/mcuxpressoide_11.2.1_4149/ide/plugins/com.nxp.mcuxpresso.tools.win32_11.2.0.202008311134/tools/bin/../lib/gcc/arm-none-eabi/9.2.1/../../../../arm-none-eabi/lib/thumb/v7e-m+fp/hard\libcr_c.a(__init_alloc.o)
                0x20000c64                __end_of_heap
 .bss.__heaps   0x20000c68        0x4 c:/nxp/mcuxpressoide_11.2.1_4149/ide/plugins/com.nxp.mcuxpresso.tools.win32_11.2.0.202008311134/tools/bin/../lib/gcc/arm-none-eabi/9.2.1/../../../../arm-none-eabi/lib/thumb/v7e-m+fp/hard\libcr_c.a(__init_alloc.o)
                0x20000c68                __heaps
 .bss.errno     0x20000c6c        0x4 c:/nxp/mcuxpressoide_11.2.1_4149/ide/plugins/com.nxp.mcuxpresso.tools.win32_11.2.0.202008311134/tools/bin/../lib/gcc/arm-none-eabi/9.2.1/../../../../arm-none-eabi/lib/thumb/v7e-m+fp/hard\libcr_c.a(errno.o)
                0x20000c6c                errno
 .bss.p_out_rear
                0x20000c70        0x2 ./drivers/SPI_wrapper.o
 .bss.msg_size  0x20000c72        0x2 ./drivers/SPI_wrapper.o
 .bss.a         0x20000c74        0x1 ./source/App.o
                0x20000c74                a
 .bss.init_status
                0x20000c75        0x1 ./drivers/LCD_GDM1602A.o
 .bss.timer_id  0x20000c76        0x1 ./drivers/LCD_GDM1602A.o
 .bss.init_fase
                0x20000c77        0x1 ./drivers/LCD_GDM1602A.o
 *(SORT_BY_ALIGNMENT(COMMON))
                0x20000c78                . = ALIGN (0x8)
                0x20000c78                _ebss = .
                [!provide]                PROVIDE (__end_bss_RAM = .)
                [!provide]                PROVIDE (__end_bss_SRAM_UPPER = .)
                [!provide]                PROVIDE (end = .)

.noinit_RAM2    0x1fff0000        0x0
                [!provide]                PROVIDE (__start_noinit_RAM2 = .)
                [!provide]                PROVIDE (__start_noinit_SRAM_LOWER = .)
 *(SORT_BY_ALIGNMENT(.noinit.$RAM2))
 *(SORT_BY_ALIGNMENT(.noinit.$SRAM_LOWER))
 *(SORT_BY_ALIGNMENT(.noinit.$RAM2.*))
 *(SORT_BY_ALIGNMENT(.noinit.$SRAM_LOWER.*))
                0x1fff0000                . = ALIGN (0x8)
                [!provide]                PROVIDE (__end_noinit_RAM2 = .)
                [!provide]                PROVIDE (__end_noinit_SRAM_LOWER = .)

.noinit_RAM3    0x14000000        0x0
                [!provide]                PROVIDE (__start_noinit_RAM3 = .)
                [!provide]                PROVIDE (__start_noinit_FLEX_RAM = .)
 *(SORT_BY_ALIGNMENT(.noinit.$RAM3))
 *(SORT_BY_ALIGNMENT(.noinit.$FLEX_RAM))
 *(SORT_BY_ALIGNMENT(.noinit.$RAM3.*))
 *(SORT_BY_ALIGNMENT(.noinit.$FLEX_RAM.*))
                0x14000000                . = ALIGN (0x8)
                [!provide]                PROVIDE (__end_noinit_RAM3 = .)
                [!provide]                PROVIDE (__end_noinit_FLEX_RAM = .)

.noinit         0x20000c78        0x0
                0x20000c78                _noinit = .
                [!provide]                PROVIDE (__start_noinit_RAM = .)
                [!provide]                PROVIDE (__start_noinit_SRAM_UPPER = .)
 *(SORT_BY_ALIGNMENT(.noinit*))
                0x20000c78                . = ALIGN (0x8)
                0x20000c78                _end_noinit = .
                [!provide]                PROVIDE (__end_noinit_RAM = .)
                [!provide]                PROVIDE (__end_noinit_SRAM_UPPER = .)
                0x00001000                _HeapSize = 0x1000

.heap           0x20000c78     0x1000
                0x20000c78                _pvHeapStart = .
                0x20001c78                . = (. + _HeapSize)
 *fill*         0x20000c78     0x1000 
                0x20001c78                . = ALIGN (0x8)
                0x20001c78                _pvHeapLimit = .
                0x00001000                _StackSize = 0x1000

.heap2stackfill
                0x20001c78     0x1000
                0x20002c78                . = (. + _StackSize)
 *fill*         0x20001c78     0x1000 

.stack          0x2002f000        0x0
                0x2002f000                _vStackBase = .
                0x2002f000                . = ALIGN (0x8)
                0x20030000                _vStackTop = (. + _StackSize)
                0x00000000                _image_start = LOADADDR (.text)
                0x000031d8                _image_end = (LOADADDR (.data) + SIZEOF (.data))
                0x000031d8                _image_size = (_image_end - _image_start)
OUTPUT(LCDProject.axf elf32-littlearm)

.debug_info     0x00000000     0x61c7
 .debug_info    0x00000000      0x714 ./startup/hardware.o
 .debug_info    0x00000714       0xf4 ./startup/main.o
 .debug_info    0x00000808       0x3c ./startup/semihost_hardfault.o
 .debug_info    0x00000844      0x92e ./startup/startup_mk64f12.o
 .debug_info    0x00001172      0x250 ./source/App.o
 .debug_info    0x000013c2      0x719 ./drivers/LCD_GDM1602A.o
 .debug_info    0x00001adb     0x14be ./drivers/SPI_wrapper.o
 .debug_info    0x00002f99      0x5cb ./drivers/SysTick.o
 .debug_info    0x00003564     0x25c4 ./drivers/fsl_dspi.o
 .debug_info    0x00005b28      0x69f ./device/system_MK64F12.o

.debug_abbrev   0x00000000     0x106c
 .debug_abbrev  0x00000000      0x169 ./startup/hardware.o
 .debug_abbrev  0x00000169       0xa3 ./startup/main.o
 .debug_abbrev  0x0000020c       0x31 ./startup/semihost_hardfault.o
 .debug_abbrev  0x0000023d      0x17a ./startup/startup_mk64f12.o
 .debug_abbrev  0x000003b7       0xfb ./source/App.o
 .debug_abbrev  0x000004b2      0x1ff ./drivers/LCD_GDM1602A.o
 .debug_abbrev  0x000006b1      0x2d3 ./drivers/SPI_wrapper.o
 .debug_abbrev  0x00000984      0x1df ./drivers/SysTick.o
 .debug_abbrev  0x00000b63      0x399 ./drivers/fsl_dspi.o
 .debug_abbrev  0x00000efc      0x170 ./device/system_MK64F12.o

.debug_aranges  0x00000000      0x758
 .debug_aranges
                0x00000000       0x30 ./startup/hardware.o
 .debug_aranges
                0x00000030       0x20 ./startup/main.o
 .debug_aranges
                0x00000050       0x20 ./startup/semihost_hardfault.o
 .debug_aranges
                0x00000070      0x330 ./startup/startup_mk64f12.o
 .debug_aranges
                0x000003a0       0x28 ./source/App.o
 .debug_aranges
                0x000003c8       0xa0 ./drivers/LCD_GDM1602A.o
 .debug_aranges
                0x00000468       0x88 ./drivers/SPI_wrapper.o
 .debug_aranges
                0x000004f0       0x60 ./drivers/SysTick.o
 .debug_aranges
                0x00000550      0x1d8 ./drivers/fsl_dspi.o
 .debug_aranges
                0x00000728       0x30 ./device/system_MK64F12.o

.debug_ranges   0x00000000      0x6b8
 .debug_ranges  0x00000000       0x20 ./startup/hardware.o
 .debug_ranges  0x00000020       0x10 ./startup/main.o
 .debug_ranges  0x00000030       0x10 ./startup/semihost_hardfault.o
 .debug_ranges  0x00000040      0x320 ./startup/startup_mk64f12.o
 .debug_ranges  0x00000360       0x18 ./source/App.o
 .debug_ranges  0x00000378       0x90 ./drivers/LCD_GDM1602A.o
 .debug_ranges  0x00000408       0x78 ./drivers/SPI_wrapper.o
 .debug_ranges  0x00000480       0x50 ./drivers/SysTick.o
 .debug_ranges  0x000004d0      0x1c8 ./drivers/fsl_dspi.o
 .debug_ranges  0x00000698       0x20 ./device/system_MK64F12.o

.debug_macro    0x00000000    0x12b5a
 .debug_macro   0x00000000       0xb4 ./startup/hardware.o
 .debug_macro   0x000000b4      0xae4 ./startup/hardware.o
 .debug_macro   0x00000b98       0x10 ./startup/hardware.o
 .debug_macro   0x00000ba8      0x12e ./startup/hardware.o
 .debug_macro   0x00000cd6      0x5b3 ./startup/hardware.o
 .debug_macro   0x00001289       0x22 ./startup/hardware.o
 .debug_macro   0x000012ab       0x10 ./startup/hardware.o
 .debug_macro   0x000012bb       0x57 ./startup/hardware.o
 .debug_macro   0x00001312       0x1c ./startup/hardware.o
 .debug_macro   0x0000132e       0x22 ./startup/hardware.o
 .debug_macro   0x00001350      0x101 ./startup/hardware.o
 .debug_macro   0x00001451      0xeeb ./startup/hardware.o
 .debug_macro   0x0000233c       0x40 ./startup/hardware.o
 .debug_macro   0x0000237c     0xe977 ./startup/hardware.o
 .debug_macro   0x00010cf3     0x1294 ./startup/hardware.o
 .debug_macro   0x00011f87       0x16 ./startup/hardware.o
 .debug_macro   0x00011f9d       0xb4 ./startup/main.o
 .debug_macro   0x00012051       0x11 ./startup/semihost_hardfault.o
 .debug_macro   0x00012062       0x29 ./startup/startup_mk64f12.o
 .debug_macro   0x0001208b       0xc8 ./source/App.o
 .debug_macro   0x00012153       0xd8 ./source/App.o
 .debug_macro   0x0001222b      0x136 ./drivers/LCD_GDM1602A.o
 .debug_macro   0x00012361       0x1c ./drivers/LCD_GDM1602A.o
 .debug_macro   0x0001237d      0x135 ./drivers/SPI_wrapper.o
 .debug_macro   0x000124b2       0x16 ./drivers/SPI_wrapper.o
 .debug_macro   0x000124c8       0x22 ./drivers/SPI_wrapper.o
 .debug_macro   0x000124ea       0xd7 ./drivers/SPI_wrapper.o
 .debug_macro   0x000125c1      0x174 ./drivers/SPI_wrapper.o
 .debug_macro   0x00012735       0x16 ./drivers/SPI_wrapper.o
 .debug_macro   0x0001274b       0x40 ./drivers/SPI_wrapper.o
 .debug_macro   0x0001278b       0xf6 ./drivers/SysTick.o
 .debug_macro   0x00012881       0x16 ./drivers/SysTick.o
 .debug_macro   0x00012897       0x1c ./drivers/SysTick.o
 .debug_macro   0x000128b3       0xd2 ./drivers/SysTick.o
 .debug_macro   0x00012985      0x103 ./drivers/fsl_dspi.o
 .debug_macro   0x00012a88       0x3a ./drivers/fsl_dspi.o
 .debug_macro   0x00012ac2       0x98 ./device/system_MK64F12.o

.debug_line     0x00000000     0x4352
 .debug_line    0x00000000      0x38c ./startup/hardware.o
 .debug_line    0x0000038c      0x29d ./startup/main.o
 .debug_line    0x00000629       0x5b ./startup/semihost_hardfault.o
 .debug_line    0x00000684      0x910 ./startup/startup_mk64f12.o
 .debug_line    0x00000f94      0x31c ./source/App.o
 .debug_line    0x000012b0      0x7be ./drivers/LCD_GDM1602A.o
 .debug_line    0x00001a6e      0x772 ./drivers/SPI_wrapper.o
 .debug_line    0x000021e0      0x608 ./drivers/SysTick.o
 .debug_line    0x000027e8     0x1795 ./drivers/fsl_dspi.o
 .debug_line    0x00003f7d      0x3d5 ./device/system_MK64F12.o

.debug_str      0x00000000    0x7cfb9
 .debug_str     0x00000000    0x783fe ./startup/hardware.o
                              0x7848c (size before relaxing)
 .debug_str     0x000783fe       0x17 ./startup/main.o
                              0x78260 (size before relaxing)
 .debug_str     0x00078415       0x32 ./startup/semihost_hardfault.o
                               0x2ef2 (size before relaxing)
 .debug_str     0x00078447      0x82c ./startup/startup_mk64f12.o
                               0x3760 (size before relaxing)
 .debug_str     0x00078c73      0x3ac ./source/App.o
                              0x785af (size before relaxing)
 .debug_str     0x0007901f      0x506 ./drivers/LCD_GDM1602A.o
                              0x7874e (size before relaxing)
 .debug_str     0x00079525     0x2c4c ./drivers/SPI_wrapper.o
                              0x7afe5 (size before relaxing)
 .debug_str     0x0007c171      0x242 ./drivers/SysTick.o
                              0x78907 (size before relaxing)
 .debug_str     0x0007c3b3      0xba1 ./drivers/fsl_dspi.o
                              0x7b7eb (size before relaxing)
 .debug_str     0x0007cf54       0x65 ./device/system_MK64F12.o
                              0x783a2 (size before relaxing)

.comment        0x00000000       0x79
 .comment       0x00000000       0x79 ./startup/hardware.o
                                 0x7a (size before relaxing)
 .comment       0x00000079       0x7a ./startup/main.o
 .comment       0x00000079       0x7a ./startup/semihost_hardfault.o
 .comment       0x00000079       0x7a ./startup/startup_mk64f12.o
 .comment       0x00000079       0x7a ./source/App.o
 .comment       0x00000079       0x7a ./drivers/LCD_GDM1602A.o
 .comment       0x00000079       0x7a ./drivers/SPI_wrapper.o
 .comment       0x00000079       0x7a ./drivers/SysTick.o
 .comment       0x00000079       0x7a ./drivers/fsl_dspi.o
 .comment       0x00000079       0x7a ./device/system_MK64F12.o
 .comment       0x00000079       0x7a c:/nxp/mcuxpressoide_11.2.1_4149/ide/plugins/com.nxp.mcuxpresso.tools.win32_11.2.0.202008311134/tools/bin/../lib/gcc/arm-none-eabi/9.2.1/../../../../arm-none-eabi/lib/thumb/v7e-m+fp/hard\libcr_semihost_nf.a(_cr__main.o)
 .comment       0x00000079       0x7a c:/nxp/mcuxpressoide_11.2.1_4149/ide/plugins/com.nxp.mcuxpresso.tools.win32_11.2.0.202008311134/tools/bin/../lib/gcc/arm-none-eabi/9.2.1/../../../../arm-none-eabi/lib/thumb/v7e-m+fp/hard\libcr_semihost_nf.a(_cr_assert.o)
 .comment       0x00000079       0x7a c:/nxp/mcuxpressoide_11.2.1_4149/ide/plugins/com.nxp.mcuxpresso.tools.win32_11.2.0.202008311134/tools/bin/../lib/gcc/arm-none-eabi/9.2.1/../../../../arm-none-eabi/lib/thumb/v7e-m+fp/hard\libcr_semihost_nf.a(__ciob.o)
 .comment       0x00000079       0x7a c:/nxp/mcuxpressoide_11.2.1_4149/ide/plugins/com.nxp.mcuxpresso.tools.win32_11.2.0.202008311134/tools/bin/../lib/gcc/arm-none-eabi/9.2.1/../../../../arm-none-eabi/lib/thumb/v7e-m+fp/hard\libcr_c.a(memset.o)
 .comment       0x00000079       0x7a c:/nxp/mcuxpressoide_11.2.1_4149/ide/plugins/com.nxp.mcuxpresso.tools.win32_11.2.0.202008311134/tools/bin/../lib/gcc/arm-none-eabi/9.2.1/../../../../arm-none-eabi/lib/thumb/v7e-m+fp/hard\libcr_c.a(_deferredlazyseek.o)
 .comment       0x00000079       0x7a c:/nxp/mcuxpressoide_11.2.1_4149/ide/plugins/com.nxp.mcuxpresso.tools.win32_11.2.0.202008311134/tools/bin/../lib/gcc/arm-none-eabi/9.2.1/../../../../arm-none-eabi/lib/thumb/v7e-m+fp/hard\libcr_c.a(_fflush.o)
 .comment       0x00000079       0x7a c:/nxp/mcuxpressoide_11.2.1_4149/ide/plugins/com.nxp.mcuxpresso.tools.win32_11.2.0.202008311134/tools/bin/../lib/gcc/arm-none-eabi/9.2.1/../../../../arm-none-eabi/lib/thumb/v7e-m+fp/hard\libcr_c.a(_writebuf.o)
 .comment       0x00000079       0x7a c:/nxp/mcuxpressoide_11.2.1_4149/ide/plugins/com.nxp.mcuxpresso.tools.win32_11.2.0.202008311134/tools/bin/../lib/gcc/arm-none-eabi/9.2.1/../../../../arm-none-eabi/lib/thumb/v7e-m+fp/hard\libcr_c.a(alloc.o)
 .comment       0x00000079       0x7a c:/nxp/mcuxpressoide_11.2.1_4149/ide/plugins/com.nxp.mcuxpresso.tools.win32_11.2.0.202008311134/tools/bin/../lib/gcc/arm-none-eabi/9.2.1/../../../../arm-none-eabi/lib/thumb/v7e-m+fp/hard\libcr_c.a(fputs.o)
 .comment       0x00000079       0x7a c:/nxp/mcuxpressoide_11.2.1_4149/ide/plugins/com.nxp.mcuxpresso.tools.win32_11.2.0.202008311134/tools/bin/../lib/gcc/arm-none-eabi/9.2.1/../../../../arm-none-eabi/lib/thumb/v7e-m+fp/hard\libcr_c.a(fseek.o)
 .comment       0x00000079       0x7a c:/nxp/mcuxpressoide_11.2.1_4149/ide/plugins/com.nxp.mcuxpresso.tools.win32_11.2.0.202008311134/tools/bin/../lib/gcc/arm-none-eabi/9.2.1/../../../../arm-none-eabi/lib/thumb/v7e-m+fp/hard\libcr_c.a(ftell.o)
 .comment       0x00000079       0x7a c:/nxp/mcuxpressoide_11.2.1_4149/ide/plugins/com.nxp.mcuxpresso.tools.win32_11.2.0.202008311134/tools/bin/../lib/gcc/arm-none-eabi/9.2.1/../../../../arm-none-eabi/lib/thumb/v7e-m+fp/hard\libcr_c.a(initio.o)
 .comment       0x00000079       0x7a c:/nxp/mcuxpressoide_11.2.1_4149/ide/plugins/com.nxp.mcuxpresso.tools.win32_11.2.0.202008311134/tools/bin/../lib/gcc/arm-none-eabi/9.2.1/../../../../arm-none-eabi/lib/thumb/v7e-m+fp/hard\libcr_c.a(setvbuf.o)
 .comment       0x00000079       0x7a c:/nxp/mcuxpressoide_11.2.1_4149/ide/plugins/com.nxp.mcuxpresso.tools.win32_11.2.0.202008311134/tools/bin/../lib/gcc/arm-none-eabi/9.2.1/../../../../arm-none-eabi/lib/thumb/v7e-m+fp/hard\libcr_c.a(__init_alloc.o)
 .comment       0x00000079       0x7a c:/nxp/mcuxpressoide_11.2.1_4149/ide/plugins/com.nxp.mcuxpresso.tools.win32_11.2.0.202008311134/tools/bin/../lib/gcc/arm-none-eabi/9.2.1/../../../../arm-none-eabi/lib/thumb/v7e-m+fp/hard\libcr_c.a(_cr_sbrk.o)
 .comment       0x00000079       0x7a c:/nxp/mcuxpressoide_11.2.1_4149/ide/plugins/com.nxp.mcuxpresso.tools.win32_11.2.0.202008311134/tools/bin/../lib/gcc/arm-none-eabi/9.2.1/../../../../arm-none-eabi/lib/thumb/v7e-m+fp/hard\libcr_c.a(_fdopen.o)
 .comment       0x00000079       0x7a c:/nxp/mcuxpressoide_11.2.1_4149/ide/plugins/com.nxp.mcuxpresso.tools.win32_11.2.0.202008311134/tools/bin/../lib/gcc/arm-none-eabi/9.2.1/../../../../arm-none-eabi/lib/thumb/v7e-m+fp/hard\libcr_c.a(errno.o)
 .comment       0x00000079       0x7a c:/nxp/mcuxpressoide_11.2.1_4149/ide/plugins/com.nxp.mcuxpresso.tools.win32_11.2.0.202008311134/tools/bin/../lib/gcc/arm-none-eabi/9.2.1/../../../../arm-none-eabi/lib/thumb/v7e-m+fp/hard\libcr_c.a(fclose.o)
 .comment       0x00000079       0x7a c:/nxp/mcuxpressoide_11.2.1_4149/ide/plugins/com.nxp.mcuxpresso.tools.win32_11.2.0.202008311134/tools/bin/../lib/gcc/arm-none-eabi/9.2.1/../../../../arm-none-eabi/lib/thumb/v7e-m+fp/hard\libcr_c.a(fflush.o)
 .comment       0x00000079       0x7a c:/nxp/mcuxpressoide_11.2.1_4149/ide/plugins/com.nxp.mcuxpresso.tools.win32_11.2.0.202008311134/tools/bin/../lib/gcc/arm-none-eabi/9.2.1/../../../../arm-none-eabi/lib/thumb/v7e-m+fp/hard\libcr_c.a(remove.o)
 .comment       0x00000079       0x7a c:/nxp/mcuxpressoide_11.2.1_4149/ide/plugins/com.nxp.mcuxpresso.tools.win32_11.2.0.202008311134/tools/bin/../lib/gcc/arm-none-eabi/9.2.1/../../../../arm-none-eabi/lib/thumb/v7e-m+fp/hard\libcr_c.a(strlen.o)
 .comment       0x00000079       0x7a c:/nxp/mcuxpressoide_11.2.1_4149/ide/plugins/com.nxp.mcuxpresso.tools.win32_11.2.0.202008311134/tools/bin/../lib/gcc/arm-none-eabi/9.2.1/../../../../arm-none-eabi/lib/thumb/v7e-m+fp/hard\libcr_c.a(_cr_check_heap.o)
 .comment       0x00000079       0x7a c:/nxp/mcuxpressoide_11.2.1_4149/ide/plugins/com.nxp.mcuxpresso.tools.win32_11.2.0.202008311134/tools/bin/../lib/gcc/arm-none-eabi/9.2.1/../../../../arm-none-eabi/lib/thumb/v7e-m+fp/hard\libcr_c.a(_do_fflush.o)

.ARM.attributes
                0x00000000       0x32
 .ARM.attributes
                0x00000000       0x34 ./startup/hardware.o
 .ARM.attributes
                0x00000034       0x34 ./startup/main.o
 .ARM.attributes
                0x00000068       0x34 ./startup/semihost_hardfault.o
 .ARM.attributes
                0x0000009c       0x34 ./startup/startup_mk64f12.o
 .ARM.attributes
                0x000000d0       0x34 ./source/App.o
 .ARM.attributes
                0x00000104       0x34 ./drivers/LCD_GDM1602A.o
 .ARM.attributes
                0x00000138       0x34 ./drivers/SPI_wrapper.o
 .ARM.attributes
                0x0000016c       0x34 ./drivers/SysTick.o
 .ARM.attributes
                0x000001a0       0x34 ./drivers/fsl_dspi.o
 .ARM.attributes
                0x000001d4       0x34 ./device/system_MK64F12.o
 .ARM.attributes
                0x00000208       0x34 c:/nxp/mcuxpressoide_11.2.1_4149/ide/plugins/com.nxp.mcuxpresso.tools.win32_11.2.0.202008311134/tools/bin/../lib/gcc/arm-none-eabi/9.2.1/../../../../arm-none-eabi/lib/thumb/v7e-m+fp/hard\libcr_semihost_nf.a(_cr__main.o)
 .ARM.attributes
                0x0000023c       0x34 c:/nxp/mcuxpressoide_11.2.1_4149/ide/plugins/com.nxp.mcuxpresso.tools.win32_11.2.0.202008311134/tools/bin/../lib/gcc/arm-none-eabi/9.2.1/../../../../arm-none-eabi/lib/thumb/v7e-m+fp/hard\libcr_semihost_nf.a(_cr_assert.o)
 .ARM.attributes
                0x00000270       0x39 c:/nxp/mcuxpressoide_11.2.1_4149/ide/plugins/com.nxp.mcuxpresso.tools.win32_11.2.0.202008311134/tools/bin/../lib/gcc/arm-none-eabi/9.2.1/../../../../arm-none-eabi/lib/thumb/v7e-m+fp/hard\libcr_semihost_nf.a(__ciob.o)
 .ARM.attributes
                0x000002a9       0x20 c:/nxp/mcuxpressoide_11.2.1_4149/ide/plugins/com.nxp.mcuxpresso.tools.win32_11.2.0.202008311134/tools/bin/../lib/gcc/arm-none-eabi/9.2.1/../../../../arm-none-eabi/lib/thumb/v7e-m+fp/hard\libcr_semihost_nf.a(__sys_appexit.o)
 .ARM.attributes
                0x000002c9       0x34 c:/nxp/mcuxpressoide_11.2.1_4149/ide/plugins/com.nxp.mcuxpresso.tools.win32_11.2.0.202008311134/tools/bin/../lib/gcc/arm-none-eabi/9.2.1/../../../../arm-none-eabi/lib/thumb/v7e-m+fp/hard\libcr_c.a(memset.o)
 .ARM.attributes
                0x000002fd       0x34 c:/nxp/mcuxpressoide_11.2.1_4149/ide/plugins/com.nxp.mcuxpresso.tools.win32_11.2.0.202008311134/tools/bin/../lib/gcc/arm-none-eabi/9.2.1/../../../../arm-none-eabi/lib/thumb/v7e-m+fp/hard\libcr_c.a(_deferredlazyseek.o)
 .ARM.attributes
                0x00000331       0x34 c:/nxp/mcuxpressoide_11.2.1_4149/ide/plugins/com.nxp.mcuxpresso.tools.win32_11.2.0.202008311134/tools/bin/../lib/gcc/arm-none-eabi/9.2.1/../../../../arm-none-eabi/lib/thumb/v7e-m+fp/hard\libcr_c.a(_fflush.o)
 .ARM.attributes
                0x00000365       0x34 c:/nxp/mcuxpressoide_11.2.1_4149/ide/plugins/com.nxp.mcuxpresso.tools.win32_11.2.0.202008311134/tools/bin/../lib/gcc/arm-none-eabi/9.2.1/../../../../arm-none-eabi/lib/thumb/v7e-m+fp/hard\libcr_c.a(_writebuf.o)
 .ARM.attributes
                0x00000399       0x34 c:/nxp/mcuxpressoide_11.2.1_4149/ide/plugins/com.nxp.mcuxpresso.tools.win32_11.2.0.202008311134/tools/bin/../lib/gcc/arm-none-eabi/9.2.1/../../../../arm-none-eabi/lib/thumb/v7e-m+fp/hard\libcr_c.a(alloc.o)
 .ARM.attributes
                0x000003cd       0x34 c:/nxp/mcuxpressoide_11.2.1_4149/ide/plugins/com.nxp.mcuxpresso.tools.win32_11.2.0.202008311134/tools/bin/../lib/gcc/arm-none-eabi/9.2.1/../../../../arm-none-eabi/lib/thumb/v7e-m+fp/hard\libcr_c.a(fputs.o)
 .ARM.attributes
                0x00000401       0x34 c:/nxp/mcuxpressoide_11.2.1_4149/ide/plugins/com.nxp.mcuxpresso.tools.win32_11.2.0.202008311134/tools/bin/../lib/gcc/arm-none-eabi/9.2.1/../../../../arm-none-eabi/lib/thumb/v7e-m+fp/hard\libcr_c.a(fseek.o)
 .ARM.attributes
                0x00000435       0x34 c:/nxp/mcuxpressoide_11.2.1_4149/ide/plugins/com.nxp.mcuxpresso.tools.win32_11.2.0.202008311134/tools/bin/../lib/gcc/arm-none-eabi/9.2.1/../../../../arm-none-eabi/lib/thumb/v7e-m+fp/hard\libcr_c.a(ftell.o)
 .ARM.attributes
                0x00000469       0x34 c:/nxp/mcuxpressoide_11.2.1_4149/ide/plugins/com.nxp.mcuxpresso.tools.win32_11.2.0.202008311134/tools/bin/../lib/gcc/arm-none-eabi/9.2.1/../../../../arm-none-eabi/lib/thumb/v7e-m+fp/hard\libcr_c.a(initio.o)
 .ARM.attributes
                0x0000049d       0x34 c:/nxp/mcuxpressoide_11.2.1_4149/ide/plugins/com.nxp.mcuxpresso.tools.win32_11.2.0.202008311134/tools/bin/../lib/gcc/arm-none-eabi/9.2.1/../../../../arm-none-eabi/lib/thumb/v7e-m+fp/hard\libcr_c.a(setvbuf.o)
 .ARM.attributes
                0x000004d1       0x34 c:/nxp/mcuxpressoide_11.2.1_4149/ide/plugins/com.nxp.mcuxpresso.tools.win32_11.2.0.202008311134/tools/bin/../lib/gcc/arm-none-eabi/9.2.1/../../../../arm-none-eabi/lib/thumb/v7e-m+fp/hard\libcr_c.a(__init_alloc.o)
 .ARM.attributes
                0x00000505       0x34 c:/nxp/mcuxpressoide_11.2.1_4149/ide/plugins/com.nxp.mcuxpresso.tools.win32_11.2.0.202008311134/tools/bin/../lib/gcc/arm-none-eabi/9.2.1/../../../../arm-none-eabi/lib/thumb/v7e-m+fp/hard\libcr_c.a(_cr_sbrk.o)
 .ARM.attributes
                0x00000539       0x34 c:/nxp/mcuxpressoide_11.2.1_4149/ide/plugins/com.nxp.mcuxpresso.tools.win32_11.2.0.202008311134/tools/bin/../lib/gcc/arm-none-eabi/9.2.1/../../../../arm-none-eabi/lib/thumb/v7e-m+fp/hard\libcr_c.a(_fdopen.o)
 .ARM.attributes
                0x0000056d       0x39 c:/nxp/mcuxpressoide_11.2.1_4149/ide/plugins/com.nxp.mcuxpresso.tools.win32_11.2.0.202008311134/tools/bin/../lib/gcc/arm-none-eabi/9.2.1/../../../../arm-none-eabi/lib/thumb/v7e-m+fp/hard\libcr_c.a(errno.o)
 .ARM.attributes
                0x000005a6       0x34 c:/nxp/mcuxpressoide_11.2.1_4149/ide/plugins/com.nxp.mcuxpresso.tools.win32_11.2.0.202008311134/tools/bin/../lib/gcc/arm-none-eabi/9.2.1/../../../../arm-none-eabi/lib/thumb/v7e-m+fp/hard\libcr_c.a(fclose.o)
 .ARM.attributes
                0x000005da       0x34 c:/nxp/mcuxpressoide_11.2.1_4149/ide/plugins/com.nxp.mcuxpresso.tools.win32_11.2.0.202008311134/tools/bin/../lib/gcc/arm-none-eabi/9.2.1/../../../../arm-none-eabi/lib/thumb/v7e-m+fp/hard\libcr_c.a(fflush.o)
 .ARM.attributes
                0x0000060e       0x34 c:/nxp/mcuxpressoide_11.2.1_4149/ide/plugins/com.nxp.mcuxpresso.tools.win32_11.2.0.202008311134/tools/bin/../lib/gcc/arm-none-eabi/9.2.1/../../../../arm-none-eabi/lib/thumb/v7e-m+fp/hard\libcr_c.a(remove.o)
 .ARM.attributes
                0x00000642       0x34 c:/nxp/mcuxpressoide_11.2.1_4149/ide/plugins/com.nxp.mcuxpresso.tools.win32_11.2.0.202008311134/tools/bin/../lib/gcc/arm-none-eabi/9.2.1/../../../../arm-none-eabi/lib/thumb/v7e-m+fp/hard\libcr_c.a(strlen.o)
 .ARM.attributes
                0x00000676       0x34 c:/nxp/mcuxpressoide_11.2.1_4149/ide/plugins/com.nxp.mcuxpresso.tools.win32_11.2.0.202008311134/tools/bin/../lib/gcc/arm-none-eabi/9.2.1/../../../../arm-none-eabi/lib/thumb/v7e-m+fp/hard\libcr_c.a(_cr_check_heap.o)
 .ARM.attributes
                0x000006aa       0x34 c:/nxp/mcuxpressoide_11.2.1_4149/ide/plugins/com.nxp.mcuxpresso.tools.win32_11.2.0.202008311134/tools/bin/../lib/gcc/arm-none-eabi/9.2.1/../../../../arm-none-eabi/lib/thumb/v7e-m+fp/hard\libcr_c.a(_do_fflush.o)
 .ARM.attributes
                0x000006de       0x20 c:/nxp/mcuxpressoide_11.2.1_4149/ide/plugins/com.nxp.mcuxpresso.tools.win32_11.2.0.202008311134/tools/bin/../lib/gcc/arm-none-eabi/9.2.1/thumb/v7e-m+fp/hard\libcr_eabihelpers.a(memcpy.o)
 .ARM.attributes
                0x000006fe       0x20 c:/nxp/mcuxpressoide_11.2.1_4149/ide/plugins/com.nxp.mcuxpresso.tools.win32_11.2.0.202008311134/tools/bin/../lib/gcc/arm-none-eabi/9.2.1/../../../../arm-none-eabi/lib/thumb/v7e-m+fp/hard\libcr_semihost_nf.a(__sys_close.o)
 .ARM.attributes
                0x0000071e       0x20 c:/nxp/mcuxpressoide_11.2.1_4149/ide/plugins/com.nxp.mcuxpresso.tools.win32_11.2.0.202008311134/tools/bin/../lib/gcc/arm-none-eabi/9.2.1/../../../../arm-none-eabi/lib/thumb/v7e-m+fp/hard\libcr_semihost_nf.a(__sys_flen.o)
 .ARM.attributes
                0x0000073e       0x20 c:/nxp/mcuxpressoide_11.2.1_4149/ide/plugins/com.nxp.mcuxpresso.tools.win32_11.2.0.202008311134/tools/bin/../lib/gcc/arm-none-eabi/9.2.1/../../../../arm-none-eabi/lib/thumb/v7e-m+fp/hard\libcr_semihost_nf.a(__sys_istty.o)
 .ARM.attributes
                0x0000075e       0x20 c:/nxp/mcuxpressoide_11.2.1_4149/ide/plugins/com.nxp.mcuxpresso.tools.win32_11.2.0.202008311134/tools/bin/../lib/gcc/arm-none-eabi/9.2.1/../../../../arm-none-eabi/lib/thumb/v7e-m+fp/hard\libcr_semihost_nf.a(__sys_remove.o)
 .ARM.attributes
                0x0000077e       0x20 c:/nxp/mcuxpressoide_11.2.1_4149/ide/plugins/com.nxp.mcuxpresso.tools.win32_11.2.0.202008311134/tools/bin/../lib/gcc/arm-none-eabi/9.2.1/../../../../arm-none-eabi/lib/thumb/v7e-m+fp/hard\libcr_semihost_nf.a(__sys_seek.o)
 .ARM.attributes
                0x0000079e       0x20 c:/nxp/mcuxpressoide_11.2.1_4149/ide/plugins/com.nxp.mcuxpresso.tools.win32_11.2.0.202008311134/tools/bin/../lib/gcc/arm-none-eabi/9.2.1/../../../../arm-none-eabi/lib/thumb/v7e-m+fp/hard\libcr_semihost_nf.a(__sys_tmpnam.o)
 .ARM.attributes
                0x000007be       0x20 c:/nxp/mcuxpressoide_11.2.1_4149/ide/plugins/com.nxp.mcuxpresso.tools.win32_11.2.0.202008311134/tools/bin/../lib/gcc/arm-none-eabi/9.2.1/../../../../arm-none-eabi/lib/thumb/v7e-m+fp/hard\libcr_semihost_nf.a(__sys_write.o)

.debug_frame    0x00000000     0x18bc
 .debug_frame   0x00000000       0x70 ./startup/hardware.o
 .debug_frame   0x00000070       0x2c ./startup/main.o
 .debug_frame   0x0000009c       0x20 ./startup/semihost_hardfault.o
 .debug_frame   0x000000bc      0x904 ./startup/startup_mk64f12.o
 .debug_frame   0x000009c0       0x50 ./source/App.o
 .debug_frame   0x00000a10      0x274 ./drivers/LCD_GDM1602A.o
 .debug_frame   0x00000c84      0x22c ./drivers/SPI_wrapper.o
 .debug_frame   0x00000eb0      0x164 ./drivers/SysTick.o
 .debug_frame   0x00001014      0x834 ./drivers/fsl_dspi.o
 .debug_frame   0x00001848       0x74 ./device/system_MK64F12.o

Cross Reference Table

Symbol                                            File
ADC0_DriverIRQHandler                             ./startup/startup_mk64f12.o
ADC0_IRQHandler                                   ./startup/startup_mk64f12.o
ADC1_DriverIRQHandler                             ./startup/startup_mk64f12.o
ADC1_IRQHandler                                   ./startup/startup_mk64f12.o
App_Init                                          ./source/App.o
                                                  ./startup/main.o
App_Run                                           ./source/App.o
                                                  ./startup/main.o
BusFault_Handler                                  ./startup/startup_mk64f12.o
CAN0_Bus_Off_IRQHandler                           ./startup/startup_mk64f12.o
CAN0_DriverIRQHandler                             ./startup/startup_mk64f12.o
CAN0_Error_IRQHandler                             ./startup/startup_mk64f12.o
CAN0_ORed_Message_buffer_IRQHandler               ./startup/startup_mk64f12.o
CAN0_Rx_Warning_IRQHandler                        ./startup/startup_mk64f12.o
CAN0_Tx_Warning_IRQHandler                        ./startup/startup_mk64f12.o
CAN0_Wake_Up_IRQHandler                           ./startup/startup_mk64f12.o
CLOCK_BootToBlpeMode                              ./drivers/fsl_clock.o
CLOCK_BootToBlpiMode                              ./drivers/fsl_clock.o
CLOCK_BootToFeeMode                               ./drivers/fsl_clock.o
CLOCK_BootToFeiMode                               ./drivers/fsl_clock.o
CLOCK_BootToPeeMode                               ./drivers/fsl_clock.o
CLOCK_CalcPllDiv                                  ./drivers/fsl_clock.o
CLOCK_ClearStatusFlags                            ./drivers/fsl_clock.o
CLOCK_DeinitOsc0                                  ./drivers/fsl_clock.o
CLOCK_EnablePll0                                  ./drivers/fsl_clock.o
CLOCK_EnableUsbfs0Clock                           ./drivers/fsl_clock.o
CLOCK_ExternalModeToFbeModeQuick                  ./drivers/fsl_clock.o
CLOCK_GetBusClkFreq                               ./drivers/fsl_clock.o
CLOCK_GetCoreSysClkFreq                           ./drivers/fsl_clock.o
CLOCK_GetEr32kClkFreq                             ./drivers/fsl_clock.o
CLOCK_GetFixedFreqClkFreq                         ./drivers/fsl_clock.o
CLOCK_GetFlashClkFreq                             ./drivers/fsl_clock.o
CLOCK_GetFlexBusClkFreq                           ./drivers/fsl_clock.o
CLOCK_GetFllFreq                                  ./drivers/fsl_clock.o
CLOCK_GetFreq                                     ./drivers/fsl_clock.o
CLOCK_GetInternalRefClkFreq                       ./drivers/fsl_clock.o
CLOCK_GetMode                                     ./drivers/fsl_clock.o
CLOCK_GetOsc0ErClkFreq                            ./drivers/fsl_clock.o
CLOCK_GetOutClkFreq                               ./drivers/fsl_clock.o
CLOCK_GetPlatClkFreq                              ./drivers/fsl_clock.o
CLOCK_GetPll0Freq                                 ./drivers/fsl_clock.o
CLOCK_GetPllFllSelClkFreq                         ./drivers/fsl_clock.o
CLOCK_GetStatusFlags                              ./drivers/fsl_clock.o
CLOCK_InitOsc0                                    ./drivers/fsl_clock.o
CLOCK_InternalModeToFbiModeQuick                  ./drivers/fsl_clock.o
CLOCK_SetBlpeMode                                 ./drivers/fsl_clock.o
CLOCK_SetBlpiMode                                 ./drivers/fsl_clock.o
CLOCK_SetExternalRefClkConfig                     ./drivers/fsl_clock.o
CLOCK_SetFastIrcFreq                              ./drivers/fsl_clock.o
CLOCK_SetFbeMode                                  ./drivers/fsl_clock.o
CLOCK_SetFbiMode                                  ./drivers/fsl_clock.o
CLOCK_SetFeeMode                                  ./drivers/fsl_clock.o
CLOCK_SetFeiMode                                  ./drivers/fsl_clock.o
CLOCK_SetInternalRefClkConfig                     ./drivers/fsl_clock.o
CLOCK_SetMcgConfig                                ./drivers/fsl_clock.o
CLOCK_SetOsc0MonitorMode                          ./drivers/fsl_clock.o
CLOCK_SetPbeMode                                  ./drivers/fsl_clock.o
CLOCK_SetPeeMode                                  ./drivers/fsl_clock.o
CLOCK_SetPll0MonitorMode                          ./drivers/fsl_clock.o
CLOCK_SetRtcOscMonitorMode                        ./drivers/fsl_clock.o
CLOCK_SetSimConfig                                ./drivers/fsl_clock.o
CLOCK_SetSlowIrcFreq                              ./drivers/fsl_clock.o
CLOCK_TrimInternalRefClk                          ./drivers/fsl_clock.o
CMP0_DriverIRQHandler                             ./startup/startup_mk64f12.o
CMP0_IRQHandler                                   ./startup/startup_mk64f12.o
CMP1_DriverIRQHandler                             ./startup/startup_mk64f12.o
CMP1_IRQHandler                                   ./startup/startup_mk64f12.o
CMP2_DriverIRQHandler                             ./startup/startup_mk64f12.o
CMP2_IRQHandler                                   ./startup/startup_mk64f12.o
CMT_DriverIRQHandler                              ./startup/startup_mk64f12.o
CMT_IRQHandler                                    ./startup/startup_mk64f12.o
DAC0_DriverIRQHandler                             ./startup/startup_mk64f12.o
DAC0_IRQHandler                                   ./startup/startup_mk64f12.o
DAC1_DriverIRQHandler                             ./startup/startup_mk64f12.o
DAC1_IRQHandler                                   ./startup/startup_mk64f12.o
DMA0_DriverIRQHandler                             ./startup/startup_mk64f12.o
DMA0_IRQHandler                                   ./startup/startup_mk64f12.o
DMA10_DriverIRQHandler                            ./startup/startup_mk64f12.o
DMA10_IRQHandler                                  ./startup/startup_mk64f12.o
DMA11_DriverIRQHandler                            ./startup/startup_mk64f12.o
DMA11_IRQHandler                                  ./startup/startup_mk64f12.o
DMA12_DriverIRQHandler                            ./startup/startup_mk64f12.o
DMA12_IRQHandler                                  ./startup/startup_mk64f12.o
DMA13_DriverIRQHandler                            ./startup/startup_mk64f12.o
DMA13_IRQHandler                                  ./startup/startup_mk64f12.o
DMA14_DriverIRQHandler                            ./startup/startup_mk64f12.o
DMA14_IRQHandler                                  ./startup/startup_mk64f12.o
DMA15_DriverIRQHandler                            ./startup/startup_mk64f12.o
DMA15_IRQHandler                                  ./startup/startup_mk64f12.o
DMA1_DriverIRQHandler                             ./startup/startup_mk64f12.o
DMA1_IRQHandler                                   ./startup/startup_mk64f12.o
DMA2_DriverIRQHandler                             ./startup/startup_mk64f12.o
DMA2_IRQHandler                                   ./startup/startup_mk64f12.o
DMA3_DriverIRQHandler                             ./startup/startup_mk64f12.o
DMA3_IRQHandler                                   ./startup/startup_mk64f12.o
DMA4_DriverIRQHandler                             ./startup/startup_mk64f12.o
DMA4_IRQHandler                                   ./startup/startup_mk64f12.o
DMA5_DriverIRQHandler                             ./startup/startup_mk64f12.o
DMA5_IRQHandler                                   ./startup/startup_mk64f12.o
DMA6_DriverIRQHandler                             ./startup/startup_mk64f12.o
DMA6_IRQHandler                                   ./startup/startup_mk64f12.o
DMA7_DriverIRQHandler                             ./startup/startup_mk64f12.o
DMA7_IRQHandler                                   ./startup/startup_mk64f12.o
DMA8_DriverIRQHandler                             ./startup/startup_mk64f12.o
DMA8_IRQHandler                                   ./startup/startup_mk64f12.o
DMA9_DriverIRQHandler                             ./startup/startup_mk64f12.o
DMA9_IRQHandler                                   ./startup/startup_mk64f12.o
DMA_Error_DriverIRQHandler                        ./startup/startup_mk64f12.o
DMA_Error_IRQHandler                              ./startup/startup_mk64f12.o
DSPI_Deinit                                       ./drivers/fsl_dspi.o
DSPI_EnableInterrupts                             ./drivers/fsl_dspi.o
                                                  ./drivers/SPI_wrapper.o
DSPI_GetDefaultDataCommandConfig                  ./drivers/fsl_dspi.o
DSPI_GetDummyDataInstance                         ./drivers/fsl_dspi.o
DSPI_GetInstance                                  ./drivers/fsl_dspi.o
DSPI_MasterGetDefaultConfig                       ./drivers/fsl_dspi.o
                                                  ./drivers/SPI_wrapper.o
DSPI_MasterHalfDuplexTransferBlocking             ./drivers/fsl_dspi.o
DSPI_MasterHalfDuplexTransferNonBlocking          ./drivers/fsl_dspi.o
DSPI_MasterInit                                   ./drivers/fsl_dspi.o
                                                  ./drivers/SPI_wrapper.o
DSPI_MasterSetBaudRate                            ./drivers/fsl_dspi.o
DSPI_MasterSetDelayScaler                         ./drivers/fsl_dspi.o
DSPI_MasterSetDelayTimes                          ./drivers/fsl_dspi.o
DSPI_MasterTransferAbort                          ./drivers/fsl_dspi.o
DSPI_MasterTransferBlocking                       ./drivers/fsl_dspi.o
DSPI_MasterTransferCreateHandle                   ./drivers/fsl_dspi.o
DSPI_MasterTransferGetCount                       ./drivers/fsl_dspi.o
DSPI_MasterTransferHandleIRQ                      ./drivers/fsl_dspi.o
DSPI_MasterTransferNonBlocking                    ./drivers/fsl_dspi.o
DSPI_MasterWriteCommandDataBlocking               ./drivers/fsl_dspi.o
DSPI_MasterWriteDataBlocking                      ./drivers/fsl_dspi.o
DSPI_SetDummyData                                 ./drivers/fsl_dspi.o
DSPI_SlaveGetDefaultConfig                        ./drivers/fsl_dspi.o
DSPI_SlaveInit                                    ./drivers/fsl_dspi.o
DSPI_SlaveTransferAbort                           ./drivers/fsl_dspi.o
DSPI_SlaveTransferCreateHandle                    ./drivers/fsl_dspi.o
DSPI_SlaveTransferGetCount                        ./drivers/fsl_dspi.o
DSPI_SlaveTransferHandleIRQ                       ./drivers/fsl_dspi.o
DSPI_SlaveTransferNonBlocking                     ./drivers/fsl_dspi.o
DSPI_SlaveWriteDataBlocking                       ./drivers/fsl_dspi.o
DebugMon_Handler                                  ./startup/startup_mk64f12.o
ENET_1588_Timer_DriverIRQHandler                  ./startup/startup_mk64f12.o
ENET_1588_Timer_IRQHandler                        ./startup/startup_mk64f12.o
ENET_Error_DriverIRQHandler                       ./startup/startup_mk64f12.o
ENET_Error_IRQHandler                             ./startup/startup_mk64f12.o
ENET_Receive_DriverIRQHandler                     ./startup/startup_mk64f12.o
ENET_Receive_IRQHandler                           ./startup/startup_mk64f12.o
ENET_Transmit_DriverIRQHandler                    ./startup/startup_mk64f12.o
ENET_Transmit_IRQHandler                          ./startup/startup_mk64f12.o
FTFE_DriverIRQHandler                             ./startup/startup_mk64f12.o
FTFE_IRQHandler                                   ./startup/startup_mk64f12.o
FTM0_DriverIRQHandler                             ./startup/startup_mk64f12.o
FTM0_IRQHandler                                   ./startup/startup_mk64f12.o
FTM1_DriverIRQHandler                             ./startup/startup_mk64f12.o
FTM1_IRQHandler                                   ./startup/startup_mk64f12.o
FTM2_DriverIRQHandler                             ./startup/startup_mk64f12.o
FTM2_IRQHandler                                   ./startup/startup_mk64f12.o
FTM3_DriverIRQHandler                             ./startup/startup_mk64f12.o
FTM3_IRQHandler                                   ./startup/startup_mk64f12.o
Flash_Config                                      ./startup/startup_mk64f12.o
HardFault_Handler                                 ./startup/semihost_hardfault.o
I2C0_DriverIRQHandler                             ./startup/startup_mk64f12.o
I2C0_IRQHandler                                   ./startup/startup_mk64f12.o
I2C1_DriverIRQHandler                             ./startup/startup_mk64f12.o
I2C1_IRQHandler                                   ./startup/startup_mk64f12.o
I2C2_DriverIRQHandler                             ./startup/startup_mk64f12.o
I2C2_IRQHandler                                   ./startup/startup_mk64f12.o
I2S0_Rx_DriverIRQHandler                          ./startup/startup_mk64f12.o
I2S0_Rx_IRQHandler                                ./startup/startup_mk64f12.o
I2S0_Tx_DriverIRQHandler                          ./startup/startup_mk64f12.o
I2S0_Tx_IRQHandler                                ./startup/startup_mk64f12.o
IntDefaultHandler                                 ./startup/startup_mk64f12.o
LCD_Init                                          ./drivers/LCD_GDM1602A.o
                                                  ./source/App.o
LCD_changeState                                   ./drivers/LCD_GDM1602A.o
LCD_clearDisplay                                  ./drivers/LCD_GDM1602A.o
LCD_clearRow                                      ./drivers/LCD_GDM1602A.o
LCD_isInit                                        ./drivers/LCD_GDM1602A.o
                                                  ./source/App.o
LCD_setCursor                                     ./drivers/LCD_GDM1602A.o
LCD_writeBouncingStr                              ./drivers/LCD_GDM1602A.o
                                                  ./source/App.o
LCD_writeData                                     ./drivers/LCD_GDM1602A.o
LCD_writeDataInPos                                ./drivers/LCD_GDM1602A.o
LCD_writeShiftingStr                              ./drivers/LCD_GDM1602A.o
                                                  ./source/App.o
LCD_writeStrInPos                                 ./drivers/LCD_GDM1602A.o
                                                  ./source/App.o
LIST_AddHead                                      ./component/lists/generic_list.o
LIST_AddPrevElement                               ./component/lists/generic_list.o
LIST_AddTail                                      ./component/lists/generic_list.o
LIST_GetAvailableSize                             ./component/lists/generic_list.o
LIST_GetHead                                      ./component/lists/generic_list.o
LIST_GetList                                      ./component/lists/generic_list.o
LIST_GetNext                                      ./component/lists/generic_list.o
LIST_GetPrev                                      ./component/lists/generic_list.o
LIST_GetSize                                      ./component/lists/generic_list.o
LIST_Init                                         ./component/lists/generic_list.o
LIST_RemoveElement                                ./component/lists/generic_list.o
LIST_RemoveHead                                   ./component/lists/generic_list.o
LLWU_DriverIRQHandler                             ./startup/startup_mk64f12.o
LLWU_IRQHandler                                   ./startup/startup_mk64f12.o
LPTMR0_DriverIRQHandler                           ./startup/startup_mk64f12.o
LPTMR0_IRQHandler                                 ./startup/startup_mk64f12.o
LVD_LVW_DriverIRQHandler                          ./startup/startup_mk64f12.o
LVD_LVW_IRQHandler                                ./startup/startup_mk64f12.o
MCG_DriverIRQHandler                              ./startup/startup_mk64f12.o
MCG_IRQHandler                                    ./startup/startup_mk64f12.o
MCM_DriverIRQHandler                              ./startup/startup_mk64f12.o