fsl_sdhc.h:753:24:SDHC_GetPresentStatusFlags	16	static
fsl_sdmmc_host.h:117:20:SDMMCHOST_SendCardActive	16	static
fsl_sdmmc_host.h:128:24:SDMMCHOST_SetCardClock	16	static
fsl_sdmmc_host.h:138:20:SDMMCHOST_IsCardBusy	16	static
fsl_sd.c:330:17:SD_SendApplicationCmd	16	static
fsl_sd.c:337:17:SD_GoIdle	16	static
fsl_sd.c:344:17:SD_SetBlockSize	16	static
fsl_sd.c:434:10:SD_StopTransmission	64	static
fsl_sd.c:460:17:SD_Transfer	32	static
fsl_sd.c:525:17:SD_WaitWriteComplete	64	static
fsl_sd.c:558:17:SD_SendWriteSuccessBlocks	88	static
fsl_sd.c:603:17:SD_SendRca	64	static
fsl_sd.c:631:17:SD_SwitchFunction	88	static
fsl_sd.c:662:13:SD_DecodeScr	24	static
fsl_sd.c:720:17:SD_SendScr	112	static
fsl_sd.c:781:17:SD_SelectFunction	136	static
fsl_sd.c:894:17:SD_SetDataBusWidth	64	static
fsl_sd.c:932:13:SD_DecodeCsd	24	static
fsl_sd.c:1033:17:SD_SendCsd	64	static
fsl_sd.c:1063:13:SD_DecodeCid	24	static
fsl_sd.c:1088:17:SD_AllSendCid	56	static
fsl_sd.c:1112:17:SD_ApplicationSendOperationCondition	64	static
fsl_sd.c:1166:17:SD_SendInterfaceCondition	64	static
fsl_sd.c:1205:17:SD_SelectBusTiming	24	static
fsl_sd.c:1318:13:SD_DecodeStatus	16	static
fsl_sd.c:1337:10:SD_ReadStatus	104	static
fsl_sd.c:1406:10:SD_SelectCard	16	static
fsl_sd.c:1413:10:SD_SetDriverStrength	24	static
fsl_sd.c:1425:10:SD_SetMaxCurrent	24	static
fsl_sd.c:1437:17:SD_Read	88	static
fsl_sd.c:1481:17:SD_Write	88	static
fsl_sd.c:1553:17:SD_Erase	80	static
fsl_sd.c:1630:6:SD_CheckReadOnly	16	static
fsl_sd.c:1638:10:SD_ReadBlocks	56	static
fsl_sd.c:1694:10:SD_WriteBlocks	56	static
fsl_sd.c:1748:10:SD_EraseBlocks	48	static
fsl_sd.c:1808:10:SD_ProbeBusVoltage	24	static
fsl_sd.c:1911:10:SD_CardInit	16	static
fsl_sd.c:1991:6:SD_CardDeinit	16	static
fsl_sd.c:1998:10:SD_HostInit	16	static
fsl_sd.c:2019:6:SD_HostDeinit	16	static
fsl_sd.c:2028:6:SD_SetCardPower	16	static
fsl_sd.c:2044:6:SD_IsCardPresent	16	static
fsl_sd.c:2073:10:SD_PollingCardInsert	16	static
fsl_sd.c:2079:10:SD_Init	16	static
fsl_sd.c:2105:6:SD_Deinit	16	static
fsl_sd.c:2113:6:SD_HostDoReset	16	static
fsl_sd.c:2118:6:SD_HostReset	16	static
fsl_sd.c:2123:6:SD_PowerOnCard	16	static
fsl_sd.c:2128:6:SD_PowerOffCard	16	static
fsl_sd.c:2133:10:SD_WaitCardDetectStatus	24	static
