LCD_GDM1602A.c:100:6:LCD_Init	16	static
LCD_GDM1602A.c:122:6:LCD_isInit	4	static
LCD_GDM1602A.c:127:6:LCD_writeData	16	static
LCD_GDM1602A.c:132:6:LCD_setCursor	24	static
LCD_GDM1602A.c:143:6:LCD_writeDataInPos	16	static
LCD_GDM1602A.c:151:6:LCD_writeStrInPos	24	static
LCD_GDM1602A.c:163:6:LCD_clearRow	24	static
LCD_GDM1602A.c:176:6:LCD_clearDisplay	16	static
LCD_GDM1602A.c:194:6:LCD_writeShiftingStr	32	static
LCD_GDM1602A.c:222:6:LCD_writeBouncingStr	32	static
LCD_GDM1602A.c:248:6:LCD_changeState	16	static
LCD_GDM1602A.c:257:13:LCD_writeInstruction	16	static
LCD_GDM1602A.c:262:13:sendBlock	32	static
LCD_GDM1602A.c:279:13:sendNybble	32	static
LCD_GDM1602A.c:292:13:initRoutineTimerCallback	8	static
LCD_GDM1602A.c:313:13:initRoutineSPICallback	8	static
LCD_GDM1602A.c:321:13:shifttingCallback	40	static
