fsl_edma.c:86:6:EDMA_InstallTCD	16	static
fsl_edma.c:118:6:EDMA_Init	16	static
fsl_edma.c:148:6:EDMA_Deinit	8	static
fsl_edma.c:170:6:EDMA_GetDefaultConfig	8	static
fsl_edma.c:194:6:EDMA_ResetChannel	8	static
fsl_edma.c:226:6:EDMA_SetTransferConfig	24	static
fsl_edma.c:245:6:EDMA_SetMinorOffsetConfig	16	static
fsl_edma.c:270:6:EDMA_SetMajorOffsetConfig	8	static
fsl_edma.c:287:6:EDMA_SetChannelPreemptionConfig	16	static
fsl_edma.c:318:6:EDMA_SetChannelLink	8	static
fsl_edma.c:340:6:EDMA_SetBandWidth	8	static
fsl_edma.c:359:6:EDMA_SetModulo	16	static
fsl_edma.c:377:6:EDMA_EnableChannelInterrupts	16	static
fsl_edma.c:408:6:EDMA_DisableChannelInterrupts	24	static
fsl_edma.c:439:6:EDMA_TcdReset	8	static
fsl_edma.c:486:6:EDMA_TcdSetTransferConfig	24	static
fsl_edma.c:537:6:EDMA_TcdSetMinorOffsetConfig	16	static
fsl_edma.c:561:6:EDMA_TcdSetMajorOffsetConfig	8	static
fsl_edma.c:585:6:EDMA_TcdSetChannelLink	8	static
fsl_edma.c:635:6:EDMA_TcdSetModulo	8	static
fsl_edma.c:653:6:EDMA_TcdEnableInterrupts	8	static
fsl_edma.c:677:6:EDMA_TcdDisableInterrupts	8	static
fsl_edma.c:715:10:EDMA_GetRemainingMajorLoopCount	8	static
fsl_edma.c:751:10:EDMA_GetChannelStatusFlags	8	static
fsl_edma.c:775:6:EDMA_ClearChannelStatusFlags	8	static
fsl_edma.c:826:6:EDMA_CreateHandle	16	static
fsl_edma.c:879:6:EDMA_InstallTCDMemory	8	static
fsl_edma.c:903:6:EDMA_SetCallback	8	static
fsl_edma.c:973:6:EDMA_PrepareTransferConfig	40	static
fsl_edma.c:1022:6:EDMA_PrepareTransfer	40	static
fsl_edma.c:1076:10:EDMA_SubmitTransfer	56	static
fsl_edma.c:1237:6:EDMA_StartTransfer	16	static
fsl_edma.c:1284:6:EDMA_StopTransfer	8	static
fsl_edma.c:1300:6:EDMA_AbortTransfer	8	static
fsl_edma.c:1353:6:EDMA_HandleIRQ	16	static
fsl_edma.c:2558:6:DMA0_DriverIRQHandler	16	static
fsl_edma.c:2565:6:DMA1_DriverIRQHandler	16	static
fsl_edma.c:2572:6:DMA2_DriverIRQHandler	16	static
fsl_edma.c:2579:6:DMA3_DriverIRQHandler	16	static
fsl_edma.c:2589:6:DMA4_DriverIRQHandler	16	static
fsl_edma.c:2596:6:DMA5_DriverIRQHandler	16	static
fsl_edma.c:2603:6:DMA6_DriverIRQHandler	16	static
fsl_edma.c:2610:6:DMA7_DriverIRQHandler	16	static
fsl_edma.c:2621:6:DMA8_DriverIRQHandler	16	static
fsl_edma.c:2628:6:DMA9_DriverIRQHandler	16	static
fsl_edma.c:2635:6:DMA10_DriverIRQHandler	16	static
fsl_edma.c:2642:6:DMA11_DriverIRQHandler	16	static
fsl_edma.c:2649:6:DMA12_DriverIRQHandler	16	static
fsl_edma.c:2656:6:DMA13_DriverIRQHandler	16	static
fsl_edma.c:2663:6:DMA14_DriverIRQHandler	16	static
fsl_edma.c:2670:6:DMA15_DriverIRQHandler	16	static
