fsl_dac.h:187:20:DAC_Enable	16	static
fsl_dac.h:212:20:DAC_EnableBuffer	16	static
fsl_dac.h:253:20:DAC_EnableBufferDMA	16	static
fsl_pdb.h:335:20:PDB_DoSoftwareTrigger	16	static
fsl_pdb.h:348:20:PDB_DoLoadValues	16	static
fsl_pdb.h:377:20:PDB_EnableInterrupts	16	static
fsl_pdb.h:390:20:PDB_DisableInterrupts	16	static
fsl_pdb.h:428:20:PDB_SetModulusValue	16	static
fsl_pdb.h:451:20:PDB_SetCounterDelayValue	16	static
fsl_pdb.h:559:20:PDB_SetDACTriggerIntervalValue	24	static
fsl_dmamux.h:75:20:DMAMUX_EnableChannel	16	static
fsl_dmamux.h:91:20:DMAMUX_DisableChannel	16	static
fsl_dmamux.h:109:20:DMAMUX_SetSource	24	static
AudioPlayer.c:82:6:AudioPlayer_DEMOMode	8	static
AudioPlayer.c:87:6:AudioPlayer_Init	8	static
AudioPlayer.c:100:6:AudioPlayer_LoadSongInfo	16	static
AudioPlayer.c:113:6:AudioPlayer_UpdateSampleRate	32	static
AudioPlayer.c:207:18:AudioPlayer_UpdateBackBuffer	16	static
AudioPlayer.c:220:6:AudioPlayer_IsBackBufferFree	4	static
AudioPlayer.c:225:6:AudioPlayer_Play	24	static
AudioPlayer.c:258:6:AudioPlayer_Pause	8	static
AudioPlayer.c:267:6:AudioPlayer_Stop	8	static
AudioPlayer.c:279:13:EDMA_Configuration	16	static
AudioPlayer.c:289:13:DMAMUX_Configuration	8	static
AudioPlayer.c:297:13:PDB_Configuration	24	static
AudioPlayer.c:329:13:DAC_Configuration	16	static
AudioPlayer.c:346:13:Edma_Callback	48	static
